
===========================================================================
 report_power
============================================================================
======================= min_ff_n40C_1v95 Corner ===================================

Group                    Internal    Switching      Leakage        Total
                            Power        Power        Power        Power (Watts)
------------------------------------------------------------------------
Sequential           3.531741e-03 0.000000e+00 2.544473e-08 3.531766e-03  32.5%
Combinational        1.862189e-06 5.562330e-06 6.514220e-08 7.489661e-06   0.1%
Clock                1.744717e-03 1.702633e-03 5.246806e-08 3.447403e-03  31.7%
Macro                3.835787e-03 0.000000e+00 3.806400e-05 3.873851e-03  35.7%
Pad                  0.000000e+00 0.000000e+00 0.000000e+00 0.000000e+00   0.0%
------------------------------------------------------------------------
Total                9.114102e-03 1.708196e-03 3.820672e-05 1.086050e-02 100.0%
                            83.9%        15.7%         0.4%

