Clock: clk
Sources: clk 
Generated: no
Virtual: yes
Propagated: no
Period: 20.000000

===========================================================================
report_clock_properties
============================================================================
Clock                   Period          Waveform
----------------------------------------------------
clk                  20.000000    0.000000 10.000000

===========================================================================
report_clock_latency
============================================================================
Clock clk
rise -> rise
    min     max
0.000000 0.000000 source latency
1.309435         network latency dmem_sram/clk1
        1.577208 network latency _10252_/CLK
---------------
1.309435 1.577208 latency
        0.267773 skew

fall -> fall
    min     max
0.000000 0.000000 source latency
1.091519         network latency dmem_sram/clk1
        1.331771 network latency _10252_/CLK
---------------
1.091519 1.331771 latency
        0.240252 skew



===========================================================================
report_clock_min_period
============================================================================
clk period_min = 10.27 fmax = 97.32
