
===========================================================================
 report_power
============================================================================
======================= max_ff_n40C_1v95 Corner ===================================

Group                    Internal    Switching      Leakage        Total
                            Power        Power        Power        Power (Watts)
------------------------------------------------------------------------
Sequential           3.535296e-03 0.000000e+00 2.492738e-08 3.535321e-03  30.0%
Combinational        2.524412e-05 8.245068e-05 9.006694e-08 1.077849e-04   0.9%
Clock                2.284465e-03 1.982648e-03 7.233374e-08 4.267185e-03  36.2%
Macro                3.835787e-03 0.000000e+00 3.806400e-05 3.873851e-03  32.9%
Pad                  0.000000e+00 0.000000e+00 0.000000e+00 0.000000e+00   0.0%
------------------------------------------------------------------------
Total                9.680794e-03 2.065098e-03 3.825127e-05 1.178414e-02 100.0%
                            82.2%        17.5%         0.3%

