┏━━━━━━━┳━━━━━━━━━┳━━━━━━━━━━┳━━━━━━━━━━━━━━━━━━━━━━━━━━━━━━━━━━━━━━━━━━━━━┳━━━━━━━━━━━━━━┳━━━━━━━┓
┃ P / R ┃ Partial ┃ Required ┃ Net                                         ┃ Pin          ┃ Layer ┃
┡━━━━━━━╇━━━━━━━━━╇━━━━━━━━━━╇━━━━━━━━━━━━━━━━━━━━━━━━━━━━━━━━━━━━━━━━━━━━━╇━━━━━━━━━━━━━━╇━━━━━━━┩
│ 11.05 │ 4419.31 │ 400.00   │ net261                                      │ _10567_/D    │ met2  │
│ 10.51 │ 4204.27 │ 400.00   │ net1148                                     │ output165/A  │ met2  │
│ 6.96  │ 2784.45 │ 400.00   │ net69                                       │ output69/A   │ met3  │
│ 5.94  │ 2374.67 │ 400.00   │ net90                                       │ _11451_/D    │ met3  │
│ 5.72  │ 2287.05 │ 400.00   │ net78                                       │ _11440_/D    │ met3  │
│ 5.50  │ 2199.43 │ 400.00   │ net88                                       │ _11449_/D    │ met3  │
│ 5.50  │ 2199.43 │ 400.00   │ net91                                       │ _11452_/D    │ met3  │
│ 5.42  │ 2167.36 │ 400.00   │ dmem_din[7\]                                │ _06797_/B    │ met1  │
│ 5.23  │ 2090.36 │ 400.00   │ net169                                      │ output169/A  │ met3  │
│ 5.20  │ 2081.92 │ 400.00   │ net72                                       │ _10572_/D    │ met1  │
│ 4.90  │ 1961.81 │ 400.00   │ dmem_din[5\]                                │ _06793_/B    │ met1  │
│ 4.84  │ 1936.57 │ 400.00   │ net92                                       │ _11453_/D    │ met3  │
│ 4.83  │ 1933.14 │ 400.00   │ net263                                      │ _10569_/D    │ met1  │
│ 4.81  │ 1922.91 │ 400.00   │ net1072                                     │ _08156_/A1   │ met3  │
│ 4.63  │ 1851.83 │ 400.00   │ net186                                      │ wire826/A    │ met4  │
│ 4.50  │ 1799.25 │ 400.00   │ net185                                      │ wire829/A    │ met4  │
│ 4.46  │ 1785.06 │ 400.00   │ net948                                      │ _06848_/A0   │ met1  │
│ 4.35  │ 1741.56 │ 400.00   │ net184                                      │ wire832/A    │ met4  │
│ 4.18  │ 1673.51 │ 400.00   │ net167                                      │ output167/A  │ met3  │
│ 3.97  │ 1586.10 │ 400.00   │ net96                                       │ _11457_/D    │ met3  │
│ 3.94  │ 1574.80 │ 400.00   │ net180                                      │ wire846/A    │ met4  │
│ 3.84  │ 1536.19 │ 400.00   │ net176                                      │ wire858/A    │ met4  │
│ 3.83  │ 1530.33 │ 400.00   │ net177                                      │ wire855/A    │ met4  │
│ 3.81  │ 1523.72 │ 400.00   │ net179                                      │ wire849/A    │ met4  │
│ 3.80  │ 1519.21 │ 400.00   │ net948                                      │ _06848_/A0   │ met2  │
│ 3.80  │ 1519.21 │ 400.00   │ net948                                      │ _06869_/A2   │ met2  │
│ 3.71  │ 1482.00 │ 400.00   │ net261                                      │ _10567_/D    │ met1  │
│ 3.70  │ 1480.75 │ 400.00   │ net173                                      │ wire867/A    │ met4  │
│ 3.70  │ 1480.00 │ 400.00   │ net203                                      │ wire766/A    │ met4  │
│ 3.69  │ 1477.75 │ 400.00   │ net178                                      │ wire852/A    │ met4  │
│ 3.68  │ 1473.54 │ 400.00   │ net200                                      │ wire775/A    │ met4  │
│ 3.59  │ 1435.53 │ 400.00   │ net175                                      │ wire861/A    │ met4  │
│ 3.59  │ 1434.78 │ 400.00   │ net174                                      │ wire864/A    │ met4  │
│ 3.53  │ 1412.57 │ 400.00   │ net939                                      │ wire938/A    │ met2  │
│ 3.47  │ 1387.59 │ 400.00   │ net954                                      │ wire953/A    │ met2  │
│ 3.44  │ 1375.74 │ 400.00   │ net199                                      │ wire778/A    │ met4  │
│ 3.41  │ 1365.37 │ 400.00   │ net202                                      │ wire769/A    │ met4  │
│ 3.32  │ 1326.34 │ 400.00   │ net67                                       │ output67/A   │ met3  │
│ 3.25  │ 1298.13 │ 400.00   │ dmem_dout[7\]                               │ wire879/A    │ met3  │
│ 3.11  │ 1244.63 │ 400.00   │ net261                                      │ _10567_/D    │ met3  │
│ 2.94  │ 1174.66 │ 400.00   │ dmem_dout[7\]                               │ wire879/A    │ met2  │
│ 2.89  │ 1157.30 │ 400.00   │ net201                                      │ wire772/A    │ met4  │
│ 2.80  │ 1118.04 │ 400.00   │ net125                                      │ output125/A  │ met3  │
│ 2.80  │ 1118.04 │ 400.00   │ net129                                      │ output129/A  │ met3  │
│ 2.74  │ 1096.67 │ 400.00   │ net148                                      │ output148/A  │ met1  │
│ 2.67  │ 1066.18 │ 400.00   │ net56                                       │ output56/A   │ met1  │
│ 2.65  │ 1058.44 │ 400.00   │ net193                                      │ wire799/A    │ met4  │
│ 2.55  │ 1021.33 │ 400.00   │ net187                                      │ wire823/A    │ met4  │
│ 2.55  │ 1020.58 │ 400.00   │ net188                                      │ wire819/A    │ met4  │
│ 2.55  │ 1018.48 │ 400.00   │ net183                                      │ wire835/A    │ met4  │
│ 2.54  │ 1017.73 │ 400.00   │ net172                                      │ wire870/A    │ met4  │
│ 2.53  │ 1013.22 │ 400.00   │ net196                                      │ wire788/A    │ met4  │
│ 2.53  │ 1012.47 │ 400.00   │ net195                                      │ wire792/A    │ met4  │
│ 2.52  │ 1009.62 │ 400.00   │ net189                                      │ wire815/A    │ met4  │
│ 2.52  │ 1008.86 │ 400.00   │ net190                                      │ wire811/A    │ met4  │
│ 2.51  │ 1004.96 │ 400.00   │ net182                                      │ wire839/A    │ met4  │
│ 2.51  │ 1004.21 │ 400.00   │ net181                                      │ wire843/A    │ met4  │
│ 2.51  │ 1003.00 │ 400.00   │ net191                                      │ wire807/A    │ met4  │
│ 2.51  │ 1002.25 │ 400.00   │ net192                                      │ wire803/A    │ met4  │
│ 2.48  │ 990.34  │ 400.00   │ net936                                      │ wire935/A    │ met1  │
│ 2.43  │ 972.19  │ 400.00   │ net951                                      │ wire950/A    │ met1  │
│ 2.43  │ 970.78  │ 400.00   │ cpu_core.ex_stage_inst.imm_ex[2\]           │ _05278_/B    │ met1  │
│ 2.36  │ 943.47  │ 400.00   │ net954                                      │ wire953/A    │ met1  │
│ 2.35  │ 939.77  │ 400.00   │ net939                                      │ wire938/A    │ met1  │
│ 2.33  │ 933.70  │ 400.00   │ net123                                      │ _05462_/A1   │ met3  │
│ 2.33  │ 933.70  │ 400.00   │ net123                                      │ output123/A  │ met3  │
│ 2.30  │ 918.88  │ 400.00   │ net140                                      │ output140/A  │ met1  │
│ 2.29  │ 917.76  │ 400.00   │ net942                                      │ wire941/A    │ met1  │
│ 2.22  │ 888.50  │ 400.00   │ net146                                      │ output146/A  │ met1  │
│ 2.18  │ 872.40  │ 400.00   │ net873                                      │ wire872/A    │ met1  │
│ 2.17  │ 867.31  │ 400.00   │ _00000_                                     │ _10074_/D    │ met1  │
│ 2.13  │ 853.54  │ 400.00   │ net55                                       │ output55/A   │ met1  │
│ 2.13  │ 853.54  │ 400.00   │ net58                                       │ output58/A   │ met1  │
│ 2.08  │ 832.67  │ 400.00   │ net95                                       │ _11456_/D    │ met1  │
│ 2.08  │ 831.80  │ 400.00   │ net54                                       │ output54/A   │ met1  │
│ 2.07  │ 827.03  │ 400.00   │ net346                                      │ _07483_/A    │ met1  │
│ 2.06  │ 823.16  │ 400.00   │ net60                                       │ output60/A   │ met1  │
│ 1.99  │ 797.52  │ 400.00   │ _01915_                                     │ _05664_/B1_N │ met3  │
│ 1.99  │ 795.64  │ 400.00   │ net104                                      │ output104/A  │ met2  │
│ 1.91  │ 764.57  │ 400.00   │ net147                                      │ _05682_/A    │ met1  │
│ 1.91  │ 762.41  │ 400.00   │ net61                                       │ output61/A   │ met1  │
│ 1.90  │ 761.70  │ 400.00   │ _04891_                                     │ fanout441/A  │ met1  │
│ 1.88  │ 751.68  │ 400.00   │ _04897_                                     │ fanout362/A  │ met3  │
│ 1.88  │ 751.68  │ 400.00   │ _04897_                                     │ fanout363/A  │ met3  │
│ 1.87  │ 747.10  │ 400.00   │ net41                                       │ _04947_/A    │ met1  │
│ 1.84  │ 736.35  │ 400.00   │ net876                                      │ wire875/A    │ met1  │
│ 1.80  │ 721.25  │ 400.00   │ net888                                      │ wire887/A    │ met1  │
│ 1.78  │ 713.67  │ 400.00   │ net882                                      │ wire881/A    │ met1  │
│ 1.78  │ 713.67  │ 400.00   │ net885                                      │ wire884/A    │ met1  │
│ 1.77  │ 706.24  │ 400.00   │ net64                                       │ output64/A   │ met1  │
│ 1.75  │ 701.59  │ 400.00   │ net933                                      │ wire932/A    │ met1  │
│ 1.75  │ 699.47  │ 400.00   │ net403                                      │ _07881_/B    │ met1  │
│ 1.71  │ 685.24  │ 400.00   │ _01906_                                     │ fanout709/A  │ met1  │
│ 1.71  │ 684.18  │ 400.00   │ net1057                                     │ _06896_/A    │ met1  │
│ 1.69  │ 677.89  │ 400.00   │ net66                                       │ output66/A   │ met1  │
│ 1.67  │ 669.75  │ 400.00   │ net1168                                     │ fanout1164/A │ met1  │
│ 1.67  │ 668.32  │ 400.00   │ net918                                      │ wire917/A    │ met1  │
│ 1.66  │ 662.53  │ 400.00   │ net94                                       │ _11455_/D    │ met1  │
│ 1.65  │ 660.81  │ 400.00   │ _01901_                                     │ fanout423/A  │ met1  │
│ 1.64  │ 655.77  │ 400.00   │ dmem_dout[7\]                               │ wire879/A    │ met1  │
│ 1.62  │ 648.39  │ 400.00   │ cpu_core.ex_mem_reg_inst.pc_plus4_in[17\]   │ hold1206/A   │ met1  │
│ 1.60  │ 640.90  │ 400.00   │ net824                                      │ output186/A  │ met1  │
│ 1.60  │ 640.90  │ 400.00   │ net830                                      │ output184/A  │ met1  │
│ 1.57  │ 627.27  │ 400.00   │ net1072                                     │ fanout1065/A │ met3  │
│ 1.56  │ 624.50  │ 400.00   │ net912                                      │ wire911/A    │ met1  │
│ 1.56  │ 624.50  │ 400.00   │ net915                                      │ wire914/A    │ met1  │
│ 1.54  │ 614.15  │ 400.00   │ net692                                      │ _08003_/A1   │ met1  │
│ 1.52  │ 607.29  │ 400.00   │ cpu_core.ex_stage_inst.imm_ex[28\]          │ _05089_/A0   │ met1  │
│ 1.51  │ 605.63  │ 400.00   │ net194                                      │ wire795/A    │ met4  │
│ 1.51  │ 604.88  │ 400.00   │ net197                                      │ wire784/A    │ met4  │
│ 1.50  │ 600.86  │ 400.00   │ net61                                       │ _06335_/B1   │ met1  │
│ 1.50  │ 599.02  │ 400.00   │ net198                                      │ wire781/A    │ met4  │
│ 1.49  │ 597.79  │ 400.00   │ net392                                      │ _08786_/S    │ met1  │
│ 1.49  │ 4105.01 │ 2753.36  │ net957                                      │ wire956/A    │ met3  │
│ 1.49  │ 595.07  │ 400.00   │ _04898_                                     │ fanout427/A  │ met1  │
│ 1.47  │ 589.00  │ 400.00   │ _03565_                                     │ fanout541/A  │ met1  │
│ 1.47  │ 588.92  │ 400.00   │ net976                                      │ _06952_/A    │ met1  │
│ 1.46  │ 582.17  │ 400.00   │ net909                                      │ wire908/A    │ met1  │
│ 1.45  │ 580.14  │ 400.00   │ net793                                      │ output194/A  │ met1  │
│ 1.45  │ 580.14  │ 400.00   │ net827                                      │ output185/A  │ met1  │
│ 1.45  │ 580.14  │ 400.00   │ net833                                      │ output183/A  │ met1  │
│ 1.45  │ 580.14  │ 400.00   │ net844                                      │ output180/A  │ met1  │
│ 1.45  │ 579.40  │ 400.00   │ net388                                      │ _08820_/S    │ met1  │
│ 1.44  │ 577.62  │ 400.00   │ net903                                      │ wire902/A    │ met1  │
│ 1.41  │ 562.25  │ 400.00   │ net346                                      │ _07369_/A    │ met1  │
│ 1.40  │ 559.49  │ 400.00   │ net906                                      │ wire905/A    │ met1  │
│ 1.40  │ 3845.86 │ 2753.36  │ net963                                      │ wire962/A    │ met3  │
│ 1.39  │ 557.94  │ 400.00   │ net761                                      │ _07473_/A1   │ met1  │
│ 1.39  │ 556.38  │ 400.00   │ net43                                       │ output43/A   │ met1  │
│ 1.38  │ 553.18  │ 400.00   │ net1119                                     │ fanout1102/A │ met1  │
│ 1.38  │ 552.63  │ 400.00   │ net1145                                     │ fanout1128/A │ met2  │
│ 1.38  │ 552.08  │ 400.00   │ _04889_                                     │ fanout451/A  │ met1  │
│ 1.38  │ 550.27  │ 400.00   │ net459                                      │ _08977_/S    │ met1  │
│ 1.37  │ 549.87  │ 400.00   │ net868                                      │ output172/A  │ met1  │
│ 1.37  │ 549.76  │ 400.00   │ net836                                      │ output182/A  │ met1  │
│ 1.37  │ 549.76  │ 400.00   │ net840                                      │ output181/A  │ met1  │
│ 1.37  │ 549.03  │ 400.00   │ net204                                      │ _07971_/A    │ met1  │
│ 1.37  │ 548.71  │ 400.00   │ net75                                       │ _11428_/D    │ met2  │
│ 1.37  │ 548.71  │ 400.00   │ net75                                       │ output75/A   │ met2  │
│ 1.36  │ 545.97  │ 400.00   │ net790                                      │ _05818_/A1   │ met1  │
│ 1.36  │ 542.96  │ 400.00   │ net454                                      │ _09035_/S    │ met1  │
│ 1.34  │ 535.99  │ 400.00   │ net534                                      │ fanout532/A  │ met1  │
│ 1.34  │ 535.94  │ 400.00   │ net1059                                     │ fanout1036/A │ met1  │
│ 1.34  │ 3966.89 │ 2969.60  │ net73                                       │ output73/A   │ met2  │
│ 1.33  │ 530.66  │ 400.00   │ _03699_                                     │ _07093_/B1   │ met2  │
│ 1.32  │ 529.82  │ 400.00   │ net1236                                     │ fanout1235/A │ met1  │
│ 1.32  │ 3933.43 │ 2973.50  │ net71                                       │ output71/A   │ met2  │
│ 1.32  │ 528.86  │ 400.00   │ net347                                      │ fanout345/A  │ met1  │
│ 1.31  │ 522.25  │ 400.00   │ net260                                      │ output74/A   │ met2  │
│ 1.29  │ 515.11  │ 400.00   │ cpu_core.ex_stage_inst.imm_ex[23\]          │ _05100_/A0   │ met1  │
│ 1.28  │ 511.25  │ 400.00   │ _04871_                                     │ fanout483/A  │ met1  │
│ 1.27  │ 507.93  │ 400.00   │ _03312_                                     │ _06561_/C    │ met1  │
│ 1.23  │ 492.94  │ 400.00   │ _04856_                                     │ fanout501/A  │ met1  │
│ 1.22  │ 487.33  │ 400.00   │ net48                                       │ _06563_/B    │ met1  │
│ 1.21  │ 482.03  │ 400.00   │ net399                                      │ _07880_/A    │ met1  │
│ 1.20  │ 479.18  │ 400.00   │ dmem_din[0\]                                │ _06783_/B    │ met1  │
│ 1.19  │ 475.69  │ 400.00   │ net361                                      │ _09323_/S    │ met1  │
│ 1.19  │ 475.41  │ 400.00   │ cpu_core.mem_wb_reg_inst.read_data_out[5\]  │ _05230_/A1   │ met1  │
│ 1.19  │ 3932.63 │ 3312.80  │ net260                                      │ output74/A   │ met3  │
│ 1.18  │ 473.72  │ 400.00   │ net505                                      │ _05032_/B    │ met1  │
│ 1.18  │ 471.54  │ 400.00   │ cpu_core.ex_stage_inst.alu_control_inst.lui │ fanout1157/A │ met1  │
│ 1.17  │ 469.56  │ 400.00   │ cpu_core.mem_wb_reg_inst.pc_plus4_out[19\]  │ _05405_/B    │ met1  │
│ 1.17  │ 467.61  │ 400.00   │ net1197                                     │ fanout1187/A │ met1  │
│ 1.16  │ 463.22  │ 400.00   │ net132                                      │ output132/A  │ met1  │
│ 1.15  │ 458.44  │ 400.00   │ net524                                      │ _08002_/B2   │ met1  │
│ 1.13  │ 453.34  │ 400.00   │ net474                                      │ _08681_/S    │ met1  │
│ 1.13  │ 451.23  │ 400.00   │ net163                                      │ _05696_/A    │ met1  │
│ 1.13  │ 451.23  │ 400.00   │ net163                                      │ _05701_/B1   │ met1  │
│ 1.12  │ 447.05  │ 400.00   │ _00132_                                     │ _10835_/D    │ met3  │
│ 1.12  │ 446.24  │ 400.00   │ net463                                      │ _08938_/S    │ met1  │
│ 1.12  │ 446.18  │ 400.00   │ net393                                      │ _08631_/S    │ met1  │
│ 1.11  │ 443.25  │ 400.00   │ net763                                      │ fanout748/A  │ met3  │
│ 1.11  │ 443.25  │ 400.00   │ net763                                      │ fanout749/A  │ met3  │
│ 1.10  │ 440.83  │ 400.00   │ net122                                      │ _05653_/A2   │ met1  │
│ 1.10  │ 439.69  │ 400.00   │ net1061                                     │ _07681_/A    │ met1  │
│ 1.09  │ 434.03  │ 400.00   │ _04161_                                     │ fanout524/A  │ met1  │
│ 1.08  │ 432.36  │ 400.00   │ cpu_core.ex_stage_inst.imm_ex[19\]          │ _06051_/B    │ met1  │
│ 1.08  │ 431.62  │ 400.00   │ net443                                      │ _09182_/S    │ met1  │
│ 1.08  │ 431.12  │ 400.00   │ net69                                       │ output69/A   │ met2  │
│ 1.08  │ 430.82  │ 400.00   │ net117                                      │ output117/A  │ met1  │
│ 1.07  │ 429.24  │ 400.00   │ net438                                      │ _09249_/S    │ met1  │
│ 1.07  │ 428.63  │ 400.00   │ net387                                      │ _08819_/S    │ met1  │
│ 1.05  │ 420.37  │ 400.00   │ net828                                      │ _05827_/A1   │ met1  │
│ 1.04  │ 416.07  │ 400.00   │ net391                                      │ _08767_/S    │ met1  │
│ 1.04  │ 415.41  │ 400.00   │ net475                                      │ _08687_/S    │ met1  │
│ 1.04  │ 415.35  │ 400.00   │ net501                                      │ _08404_/S    │ met1  │
│ 1.04  │ 414.76  │ 400.00   │ net380                                      │ _08918_/S    │ met1  │
│ 1.03  │ 412.24  │ 400.00   │ net473                                      │ _08677_/S    │ met1  │
│ 1.03  │ 410.90  │ 400.00   │ net478                                      │ _08621_/S    │ met1  │
│ 1.03  │ 410.74  │ 400.00   │ net467                                      │ _08886_/S    │ met1  │
│ 1.03  │ 410.35  │ 400.00   │ net470                                      │ _08701_/S    │ met1  │
│ 1.03  │ 410.07  │ 400.00   │ net497                                      │ _08439_/S    │ met1  │
│ 1.02  │ 409.12  │ 400.00   │ net452                                      │ _09036_/S    │ met1  │
│ 1.02  │ 407.28  │ 400.00   │ _04896_                                     │ fanout428/A  │ met3  │
│ 1.02  │ 407.28  │ 400.00   │ _04896_                                     │ fanout429/A  │ met3  │
│ 1.02  │ 407.28  │ 400.00   │ _04896_                                     │ fanout430/A  │ met3  │
│ 1.02  │ 406.78  │ 400.00   │ net55                                       │ _06459_/B    │ met1  │
│ 1.01  │ 402.46  │ 400.00   │ net825                                      │ _05826_/A1   │ met1  │
│ 1.00  │ 401.24  │ 400.00   │ net374                                      │ _09005_/S    │ met1  │
│ 1.00  │ 400.81  │ 400.00   │ net1167                                     │ _05161_/A    │ met1  │
│ 1.00  │ 2757.41 │ 2753.36  │ net891                                      │ wire890/A    │ met3  │
│ 1.00  │ 2757.41 │ 2753.36  │ net966                                      │ wire965/A    │ met3  │
└───────┴─────────┴──────────┴─────────────────────────────────────────────┴──────────────┴───────┘
