                                                                       Cells by Function                                                                        
┏━━━━━━━━━━━━━━━━━━━━━━━━━━━━━━━━━━━━━━━━━━━━━━━━━━━━━━━━━━━━━━━━━━━━━━━━━━━━━━━━━━━━━━━━━━━━━━━━━━━━━━━━━━━━━━━━━━━━━━━━━━━━━━━━━┳━━━━━━━━━━━━━━━━━━━━━━━━━━━━┓
┃ Cell Function                                                                                                                   ┃ Count                      ┃
┡━━━━━━━━━━━━━━━━━━━━━━━━━━━━━━━━━━━━━━━━━━━━━━━━━━━━━━━━━━━━━━━━━━━━━━━━━━━━━━━━━━━━━━━━━━━━━━━━━━━━━━━━━━━━━━━━━━━━━━━━━━━━━━━━━╇━━━━━━━━━━━━━━━━━━━━━━━━━━━━┩
│ sky130_ef_sc_hd__decap                                                                                                          │ 33605                      │
│ sky130_fd_sc_hd__a2111o                                                                                                         │ 5                          │
│ sky130_fd_sc_hd__a211o                                                                                                          │ 120                        │
│ sky130_fd_sc_hd__a211oi                                                                                                         │ 7                          │
│ sky130_fd_sc_hd__a21bo                                                                                                          │ 13                         │
│ sky130_fd_sc_hd__a21boi                                                                                                         │ 4                          │
│ sky130_fd_sc_hd__a21o                                                                                                           │ 234                        │
│ sky130_fd_sc_hd__a21oi                                                                                                          │ 44                         │
│ sky130_fd_sc_hd__a221o                                                                                                          │ 71                         │
│ sky130_fd_sc_hd__a22o                                                                                                           │ 169                        │
│ sky130_fd_sc_hd__a22oi                                                                                                          │ 1                          │
│ sky130_fd_sc_hd__a2bb2o                                                                                                         │ 13                         │
│ sky130_fd_sc_hd__a311o                                                                                                          │ 6                          │
│ sky130_fd_sc_hd__a311oi                                                                                                         │ 1                          │
│ sky130_fd_sc_hd__a31o                                                                                                           │ 40                         │
│ sky130_fd_sc_hd__a31oi                                                                                                          │ 3                          │
│ sky130_fd_sc_hd__a32o                                                                                                           │ 7                          │
│ sky130_fd_sc_hd__a41o                                                                                                           │ 25                         │
│ sky130_fd_sc_hd__and2                                                                                                           │ 255                        │
│ sky130_fd_sc_hd__and2b                                                                                                          │ 29                         │
│ sky130_fd_sc_hd__and3                                                                                                           │ 61                         │
│ sky130_fd_sc_hd__and3b                                                                                                          │ 23                         │
│ sky130_fd_sc_hd__and4                                                                                                           │ 13                         │
│ sky130_fd_sc_hd__and4b                                                                                                          │ 5                          │
│ sky130_fd_sc_hd__buf                                                                                                            │ 715                        │
│ sky130_fd_sc_hd__bufinv                                                                                                         │ 29                         │
│ sky130_fd_sc_hd__clkbuf                                                                                                         │ 875                        │
│ sky130_fd_sc_hd__clkinv                                                                                                         │ 51                         │
│ sky130_fd_sc_hd__clkinvlp                                                                                                       │ 17                         │
│ sky130_fd_sc_hd__conb                                                                                                           │ 14                         │
│ sky130_fd_sc_hd__decap                                                                                                          │ 15133                      │
│ sky130_fd_sc_hd__dfrtp                                                                                                          │ 490                        │
│ sky130_fd_sc_hd__dfxtp                                                                                                          │ 1030                       │
│ sky130_fd_sc_hd__diode                                                                                                          │ 363                        │
│ sky130_fd_sc_hd__dlygate4sd1                                                                                                    │ 9                          │
│ sky130_fd_sc_hd__dlygate4sd3                                                                                                    │ 1215                       │
│ sky130_fd_sc_hd__dlymetal6s2s                                                                                                   │ 15                         │
│ sky130_fd_sc_hd__fill                                                                                                           │ 11663                      │
│ sky130_fd_sc_hd__inv                                                                                                            │ 587                        │
│ sky130_fd_sc_hd__mux2                                                                                                           │ 1391                       │
│ sky130_fd_sc_hd__mux4                                                                                                           │ 414                        │
│ sky130_fd_sc_hd__nand2                                                                                                          │ 252                        │
│ sky130_fd_sc_hd__nand2b                                                                                                         │ 13                         │
│ sky130_fd_sc_hd__nand3                                                                                                          │ 4                          │
│ sky130_fd_sc_hd__nand4                                                                                                          │ 2                          │
│ sky130_fd_sc_hd__nor2                                                                                                           │ 195                        │
│ sky130_fd_sc_hd__nor3                                                                                                           │ 3                          │
│ sky130_fd_sc_hd__nor4                                                                                                           │ 1                          │
│ sky130_fd_sc_hd__o2111a                                                                                                         │ 44                         │
│ sky130_fd_sc_hd__o211a                                                                                                          │ 82                         │
│ sky130_fd_sc_hd__o211ai                                                                                                         │ 10                         │
│ sky130_fd_sc_hd__o21a                                                                                                           │ 93                         │
│ sky130_fd_sc_hd__o21ai                                                                                                          │ 98                         │
│ sky130_fd_sc_hd__o21ba                                                                                                          │ 18                         │
│ sky130_fd_sc_hd__o21bai                                                                                                         │ 6                          │
│ sky130_fd_sc_hd__o221a                                                                                                          │ 93                         │
│ sky130_fd_sc_hd__o221ai                                                                                                         │ 8                          │
│ sky130_fd_sc_hd__o22a                                                                                                           │ 88                         │
│ sky130_fd_sc_hd__o22ai                                                                                                          │ 4                          │
│ sky130_fd_sc_hd__o2bb2a                                                                                                         │ 12                         │
│ sky130_fd_sc_hd__o311a                                                                                                          │ 6                          │
│ sky130_fd_sc_hd__o311ai                                                                                                         │ 1                          │
│ sky130_fd_sc_hd__o31a                                                                                                           │ 16                         │
│ sky130_fd_sc_hd__o31ai                                                                                                          │ 4                          │
│ sky130_fd_sc_hd__o32a                                                                                                           │ 4                          │
│ sky130_fd_sc_hd__o41a                                                                                                           │ 2                          │
│ sky130_fd_sc_hd__or2                                                                                                            │ 235                        │
│ sky130_fd_sc_hd__or3                                                                                                            │ 36                         │
│ sky130_fd_sc_hd__or3b                                                                                                           │ 18                         │
│ sky130_fd_sc_hd__or4                                                                                                            │ 23                         │
│ sky130_fd_sc_hd__or4b                                                                                                           │ 8                          │
│ sky130_fd_sc_hd__or4bb                                                                                                          │ 2                          │
│ sky130_fd_sc_hd__tapvpwrvgnd                                                                                                    │ 10755                      │
│ sky130_fd_sc_hd__xnor2                                                                                                          │ 77                         │
│ sky130_fd_sc_hd__xor2                                                                                                           │ 24                         │
└─────────────────────────────────────────────────────────────────────────────────────────────────────────────────────────────────┴────────────────────────────┘
