
===========================================================================
 report_power
============================================================================
======================= nom_ff_n40C_1v95 Corner ===================================

Group                    Internal    Switching      Leakage        Total
                            Power        Power        Power        Power (Watts)
------------------------------------------------------------------------
Sequential           3.531380e-03 0.000000e+00 2.544473e-08 3.531405e-03  32.3%
Combinational        1.864927e-06 6.061208e-06 6.514220e-08 7.991278e-06   0.1%
Clock                1.744918e-03 1.776118e-03 5.246806e-08 3.521089e-03  32.2%
Macro                3.835787e-03 0.000000e+00 3.806400e-05 3.873851e-03  35.4%
Pad                  0.000000e+00 0.000000e+00 0.000000e+00 0.000000e+00   0.0%
------------------------------------------------------------------------
Total                9.113952e-03 1.782179e-03 3.820672e-05 1.093434e-02 100.0%
                            83.4%        16.3%         0.3%

