┏━━━━━━━┳━━━━━━━━━┳━━━━━━━━━━┳━━━━━━━━━━━━━━━━━━━━━━━━━━━━━━━━━━━━━━━━┳━━━━━━━━━━━━━━┳━━━━━━━┓
┃ P / R ┃ Partial ┃ Required ┃ Net                                    ┃ Pin          ┃ Layer ┃
┡━━━━━━━╇━━━━━━━━━╇━━━━━━━━━━╇━━━━━━━━━━━━━━━━━━━━━━━━━━━━━━━━━━━━━━━━╇━━━━━━━━━━━━━━╇━━━━━━━┩
│ 11.65 │ 4660.32 │ 400.00   │ net262                                 │ _10568_/D    │ met3  │
│ 6.59  │ 2634.01 │ 400.00   │ net45                                  │ output45/A   │ met3  │
│ 2.82  │ 1126.94 │ 400.00   │ net156                                 │ _05691_/B    │ met1  │
│ 2.33  │ 930.67  │ 400.00   │ net77                                  │ output77/A   │ met2  │
│ 2.25  │ 900.64  │ 400.00   │ net1147                                │ output166/A  │ met2  │
│ 2.14  │ 856.50  │ 400.00   │ net133                                 │ output133/A  │ met3  │
│ 2.10  │ 840.59  │ 400.00   │ net124                                 │ _05505_/A1   │ met3  │
│ 2.10  │ 840.59  │ 400.00   │ net124                                 │ output124/A  │ met3  │
│ 2.05  │ 818.85  │ 400.00   │ net127                                 │ output127/A  │ met2  │
│ 1.66  │ 665.29  │ 400.00   │ net79                                  │ output79/A   │ met2  │
│ 1.59  │ 635.58  │ 400.00   │ cpu_core.ex_stage_inst.imm_ex[29\]     │ _05963_/B    │ met1  │
│ 1.51  │ 602.24  │ 400.00   │ net59                                  │ output59/A   │ met1  │
│ 1.49  │ 597.88  │ 400.00   │ net847                                 │ output179/A  │ met1  │
│ 1.45  │ 580.47  │ 400.00   │ net105                                 │ _11436_/D    │ met2  │
│ 1.45  │ 580.47  │ 400.00   │ net105                                 │ output105/A  │ met2  │
│ 1.44  │ 574.02  │ 400.00   │ net42                                  │ fanout1236/A │ met1  │
│ 1.34  │ 3980.97 │ 2973.50  │ net70                                  │ output70/A   │ met2  │
│ 1.33  │ 531.51  │ 400.00   │ net396                                 │ _08649_/S    │ met1  │
│ 1.31  │ 523.91  │ 400.00   │ net516                                 │ _07934_/C1   │ met1  │
│ 1.29  │ 516.53  │ 400.00   │ cpu_core.dmem_re                       │ _10073_/D    │ met2  │
│ 1.26  │ 502.77  │ 400.00   │ net817                                 │ _05824_/A1   │ met1  │
│ 1.23  │ 493.92  │ 400.00   │ net86                                  │ _11429_/D    │ met2  │
│ 1.23  │ 493.92  │ 400.00   │ net86                                  │ output86/A   │ met2  │
│ 1.22  │ 486.19  │ 400.00   │ net136                                 │ output136/A  │ met3  │
│ 1.20  │ 478.08  │ 400.00   │ net71                                  │ _10571_/D    │ met2  │
│ 1.16  │ 465.28  │ 400.00   │ net474                                 │ _08681_/S    │ met1  │
│ 1.09  │ 434.04  │ 400.00   │ net379                                 │ _08920_/S    │ met1  │
│ 1.08  │ 433.19  │ 400.00   │ net821                                 │ _05825_/A1   │ met1  │
│ 1.04  │ 415.22  │ 400.00   │ cpu_core.if_id_reg_inst.instr_out[31\] │ _06921_/A    │ met1  │
│ 1.04  │ 414.58  │ 400.00   │ net2461                                │ _10597_/D    │ met1  │
│ 1.03  │ 412.67  │ 400.00   │ net118                                 │ output118/A  │ met2  │
│ 1.02  │ 407.18  │ 400.00   │ net503                                 │ _08411_/S    │ met1  │
└───────┴─────────┴──────────┴────────────────────────────────────────┴──────────────┴───────┘
