Clock: clk
Sources: clk 
Generated: no
Virtual: yes
Propagated: no
Period: 20.000000

===========================================================================
report_clock_properties
============================================================================
Clock                   Period          Waveform
----------------------------------------------------
clk                  20.000000    0.000000 10.000000

===========================================================================
report_clock_latency
============================================================================
Clock clk
rise -> rise
    min     max
0.000000 0.000000 source latency
1.264577         network latency _11155_/CLK
        1.773015 network latency _11326_/CLK
---------------
1.264577 1.773015 latency
        0.508438 skew

fall -> fall
    min     max
0.000000 0.000000 source latency
1.190731         network latency _11155_/CLK
        1.640728 network latency _11326_/CLK
---------------
1.190731 1.640728 latency
        0.449997 skew



===========================================================================
report_clock_min_period
============================================================================
clk period_min = 18.15 fmax = 55.09
