
===========================================================================
 report_power
============================================================================
======================= nom_ss_100C_1v60 Corner ===================================

Group                    Internal    Switching      Leakage        Total
                            Power        Power        Power        Power (Watts)
------------------------------------------------------------------------
Sequential           2.340566e-03 0.000000e+00 2.317629e-05 2.363742e-03  27.2%
Combinational        1.581969e-06 4.072168e-06 3.920277e-05 4.485690e-05   0.5%
Clock                1.253825e-03 1.152414e-03 3.927930e-06 2.410166e-03  27.7%
Macro                3.835787e-03 0.000000e+00 3.806400e-05 3.873851e-03  44.6%
Pad                  0.000000e+00 0.000000e+00 0.000000e+00 0.000000e+00   0.0%
------------------------------------------------------------------------
Total                7.431759e-03 1.156486e-03 1.043658e-04 8.692611e-03 100.0%
                            85.5%        13.3%         1.2%

