Clock: clk
Sources: clk 
Generated: no
Virtual: yes
Propagated: no
Period: 20.000000

===========================================================================
report_clock_properties
============================================================================
Clock                   Period          Waveform
----------------------------------------------------
clk                  20.000000    0.000000 10.000000

===========================================================================
report_clock_latency
============================================================================
Clock clk
rise -> rise
    min     max
0.000000 0.000000 source latency
1.201181         network latency _11155_/CLK
        1.686577 network latency _11326_/CLK
---------------
1.201181 1.686577 latency
        0.485396 skew

fall -> fall
    min     max
0.000000 0.000000 source latency
1.138438         network latency _11155_/CLK
        1.570935 network latency _11326_/CLK
---------------
1.138438 1.570935 latency
        0.432498 skew



===========================================================================
report_clock_min_period
============================================================================
clk period_min = 17.45 fmax = 57.30
