
===========================================================================
 report_power
============================================================================
======================= min_ss_100C_1v60 Corner ===================================

Group                    Internal    Switching      Leakage        Total
                            Power        Power        Power        Power (Watts)
------------------------------------------------------------------------
Sequential           2.340762e-03 0.000000e+00 2.317629e-05 2.363938e-03  27.3%
Combinational        1.583517e-06 3.736304e-06 3.920277e-05 4.452259e-05   0.5%
Clock                1.254223e-03 1.102941e-03 3.927930e-06 2.361092e-03  27.3%
Macro                3.835787e-03 0.000000e+00 3.806400e-05 3.873851e-03  44.8%
Pad                  0.000000e+00 0.000000e+00 0.000000e+00 0.000000e+00   0.0%
------------------------------------------------------------------------
Total                7.432356e-03 1.106677e-03 1.043658e-04 8.643399e-03 100.0%
                            86.0%        12.8%         1.2%

