┏━━━━━━━━━━━━━━━━━━━━━━┳━━━━━━━━━━┳━━━━━━━━━━┳━━━━━━━━━━┳━━━━━━━━━━┳━━━━━━━━━━━┳━━━━━━━━━━┳━━━━━━━━━━━┳━━━━━━━━━━┳━━━━━━━━━━━┳━━━━━━━━━━┳━━━━━━━━━━━┳━━━━━━━━━━┓
┃                      ┃ Hold     ┃ Reg to   ┃          ┃          ┃ of which  ┃ Setup    ┃           ┃          ┃           ┃ of which ┃           ┃          ┃
┃                      ┃ Worst    ┃ Reg      ┃          ┃ Hold Vio ┃ reg to    ┃ Worst    ┃ Reg to    ┃ Setup    ┃ Setup Vio ┃ reg to   ┃ Max Cap   ┃ Max Slew ┃
┃ Corner/Group         ┃ Slack    ┃ Paths    ┃ Hold TNS ┃ Count    ┃ reg       ┃ Slack    ┃ Reg Paths ┃ TNS      ┃ Count     ┃ reg      ┃ Violatio… ┃ Violati… ┃
┡━━━━━━━━━━━━━━━━━━━━━━╇━━━━━━━━━━╇━━━━━━━━━━╇━━━━━━━━━━╇━━━━━━━━━━╇━━━━━━━━━━━╇━━━━━━━━━━╇━━━━━━━━━━━╇━━━━━━━━━━╇━━━━━━━━━━━╇━━━━━━━━━━╇━━━━━━━━━━━╇━━━━━━━━━━┩
│ Overall              │ 0.1255   │ 0.1255   │ 0.0000   │ 0        │ 0         │ -2.5218  │ 0.6554    │ -56.3074 │ 118       │ 0        │ 66        │ 93       │
│ nom_tt_025C_1v80     │ 0.3535   │ 0.3535   │ 0.0000   │ 0        │ 0         │ 1.0699   │ 6.5736    │ 0.0000   │ 0         │ 0        │ 53        │ 12       │
│ nom_ss_100C_1v60     │ 0.9539   │ 0.9539   │ 0.0000   │ 0        │ 0         │ -2.1446  │ 1.1045    │ -46.3111 │ 40        │ 0        │ 60        │ 69       │
│ nom_ff_n40C_1v95     │ 0.1310   │ 0.1310   │ 0.0000   │ 0        │ 0         │ 2.1857   │ 7.2189    │ 0.0000   │ 0         │ 0        │ 53        │ 9        │
│ min_tt_025C_1v80     │ 0.3457   │ 0.3457   │ 0.0000   │ 0        │ 0         │ 1.2939   │ 6.7163    │ 0.0000   │ 0         │ 0        │ 41        │ 12       │
│ min_ss_100C_1v60     │ 0.9363   │ 0.9363   │ 0.0000   │ 0        │ 0         │ -1.6637  │ 1.6136    │ -35.1148 │ 35        │ 0        │ 44        │ 26       │
│ min_ff_n40C_1v95     │ 0.1255   │ 0.1255   │ 0.0000   │ 0        │ 0         │ 2.3878   │ 7.3654    │ 0.0000   │ 0         │ 0        │ 40        │ 9        │
│ max_tt_025C_1v80     │ 0.3593   │ 0.3593   │ 0.0000   │ 0        │ 0         │ 0.9123   │ 6.4844    │ 0.0000   │ 0         │ 0        │ 60        │ 13       │
│ max_ss_100C_1v60     │ 0.9660   │ 0.9660   │ 0.0000   │ 0        │ 0         │ -2.5218  │ 0.6554    │ -56.3074 │ 43        │ 0        │ 66        │ 93       │
│ max_ff_n40C_1v95     │ 0.1345   │ 0.1345   │ 0.0000   │ 0        │ 0         │ 2.0410   │ 7.1255    │ 0.0000   │ 0         │ 0        │ 60        │ 10       │
└──────────────────────┴──────────┴──────────┴──────────┴──────────┴───────────┴──────────┴───────────┴──────────┴───────────┴──────────┴───────────┴──────────┘
