Clock: clk
Sources: clk 
Generated: no
Virtual: yes
Propagated: no
Period: 20.000000

===========================================================================
report_clock_properties
============================================================================
Clock                   Period          Waveform
----------------------------------------------------
clk                  20.000000    0.000000 10.000000

===========================================================================
report_clock_latency
============================================================================
Clock clk
rise -> rise
    min     max
0.000000 0.000000 source latency
0.597723         network latency _11155_/CLK
        0.831331 network latency _12238_/CLK
---------------
0.597723 0.831331 latency
        0.233608 skew

fall -> fall
    min     max
0.000000 0.000000 source latency
0.584828         network latency _11155_/CLK
        0.800344 network latency _12238_/CLK
---------------
0.584828 0.800344 latency
        0.215516 skew



===========================================================================
report_clock_min_period
============================================================================
clk period_min = 8.11 fmax = 123.29
