
===========================================================================
 report_power
============================================================================
======================= nom_tt_025C_1v80 Corner ===================================

Group                    Internal    Switching      Leakage        Total
                            Power        Power        Power        Power (Watts)
------------------------------------------------------------------------
Sequential           3.037876e-03 0.000000e+00 1.471280e-08 3.037890e-03  31.2%
Combinational        1.836915e-06 3.285096e-06 3.449176e-08 5.156503e-06   0.1%
Clock                1.528550e-03 1.282524e-03 5.377420e-09 2.811079e-03  28.9%
Macro                3.835787e-03 0.000000e+00 3.806400e-05 3.873851e-03  39.8%
Pad                  0.000000e+00 0.000000e+00 0.000000e+00 0.000000e+00   0.0%
------------------------------------------------------------------------
Total                8.404048e-03 1.285809e-03 3.811893e-05 9.727976e-03 100.0%
                            86.4%        13.2%         0.4%
Writing metric power__internal__total: 0.008404048159718513
Writing metric power__switching__total: 0.0012858089758083224
Writing metric power__leakage__total: 3.811892747762613e-5
Writing metric power__total: 0.00972797628492117

