
31. Executing PROC_DLATCH pass (convert process syncs to latches).
No latch inferred for signal `\soc_top.\dmem_rdata_comb' from process `\soc_top.$proc$/home/tuan-23521721/workspace/riscv_ol2/src/top/soc_top.v:160$45'.
No latch inferred for signal `\alu.\result' from process `\alu.$proc$/home/tuan-23521721/workspace/riscv_ol2/src/core/alu.v:44$256'.
No latch inferred for signal `\control.\reg_write' from process `\control.$proc$/home/tuan-23521721/workspace/riscv_ol2/src/core/control.v:33$237'.
No latch inferred for signal `\control.\mem_read' from process `\control.$proc$/home/tuan-23521721/workspace/riscv_ol2/src/core/control.v:33$237'.
No latch inferred for signal `\control.\mem_write' from process `\control.$proc$/home/tuan-23521721/workspace/riscv_ol2/src/core/control.v:33$237'.
No latch inferred for signal `\control.\mem_to_reg' from process `\control.$proc$/home/tuan-23521721/workspace/riscv_ol2/src/core/control.v:33$237'.
No latch inferred for signal `\control.\alu_src' from process `\control.$proc$/home/tuan-23521721/workspace/riscv_ol2/src/core/control.v:33$237'.
No latch inferred for signal `\control.\branch' from process `\control.$proc$/home/tuan-23521721/workspace/riscv_ol2/src/core/control.v:33$237'.
No latch inferred for signal `\control.\jump' from process `\control.$proc$/home/tuan-23521721/workspace/riscv_ol2/src/core/control.v:33$237'.
No latch inferred for signal `\control.\lui' from process `\control.$proc$/home/tuan-23521721/workspace/riscv_ol2/src/core/control.v:33$237'.
No latch inferred for signal `\control.\auipc' from process `\control.$proc$/home/tuan-23521721/workspace/riscv_ol2/src/core/control.v:33$237'.
No latch inferred for signal `\control.\is_jalr' from process `\control.$proc$/home/tuan-23521721/workspace/riscv_ol2/src/core/control.v:33$237'.
No latch inferred for signal `\control.\alu_op' from process `\control.$proc$/home/tuan-23521721/workspace/riscv_ol2/src/core/control.v:33$237'.
No latch inferred for signal `\imm_gen.\imm_out' from process `\imm_gen.$proc$/home/tuan-23521721/workspace/riscv_ol2/src/core/imm_gen.v:16$236'.
No latch inferred for signal `\regfile.\i' from process `\regfile.$proc$/home/tuan-23521721/workspace/riscv_ol2/src/core/regfile.v:0$203'.
No latch inferred for signal `\regfile.$memwr$\regs$/home/tuan-23521721/workspace/riscv_ol2/src/core/regfile.v:26$117_EN' from process `\regfile.$proc$/home/tuan-23521721/workspace/riscv_ol2/src/core/regfile.v:0$203'.
No latch inferred for signal `\regfile.$memwr$\regs$/home/tuan-23521721/workspace/riscv_ol2/src/core/regfile.v:26$118_EN' from process `\regfile.$proc$/home/tuan-23521721/workspace/riscv_ol2/src/core/regfile.v:0$203'.
No latch inferred for signal `\regfile.$memwr$\regs$/home/tuan-23521721/workspace/riscv_ol2/src/core/regfile.v:26$119_EN' from process `\regfile.$proc$/home/tuan-23521721/workspace/riscv_ol2/src/core/regfile.v:0$203'.
No latch inferred for signal `\regfile.$memwr$\regs$/home/tuan-23521721/workspace/riscv_ol2/src/core/regfile.v:26$120_EN' from process `\regfile.$proc$/home/tuan-23521721/workspace/riscv_ol2/src/core/regfile.v:0$203'.
No latch inferred for signal `\regfile.$memwr$\regs$/home/tuan-23521721/workspace/riscv_ol2/src/core/regfile.v:26$121_EN' from process `\regfile.$proc$/home/tuan-23521721/workspace/riscv_ol2/src/core/regfile.v:0$203'.
No latch inferred for signal `\regfile.$memwr$\regs$/home/tuan-23521721/workspace/riscv_ol2/src/core/regfile.v:26$122_EN' from process `\regfile.$proc$/home/tuan-23521721/workspace/riscv_ol2/src/core/regfile.v:0$203'.
No latch inferred for signal `\regfile.$memwr$\regs$/home/tuan-23521721/workspace/riscv_ol2/src/core/regfile.v:26$123_EN' from process `\regfile.$proc$/home/tuan-23521721/workspace/riscv_ol2/src/core/regfile.v:0$203'.
No latch inferred for signal `\regfile.$memwr$\regs$/home/tuan-23521721/workspace/riscv_ol2/src/core/regfile.v:26$124_EN' from process `\regfile.$proc$/home/tuan-23521721/workspace/riscv_ol2/src/core/regfile.v:0$203'.
No latch inferred for signal `\regfile.$memwr$\regs$/home/tuan-23521721/workspace/riscv_ol2/src/core/regfile.v:26$125_EN' from process `\regfile.$proc$/home/tuan-23521721/workspace/riscv_ol2/src/core/regfile.v:0$203'.
No latch inferred for signal `\regfile.$memwr$\regs$/home/tuan-23521721/workspace/riscv_ol2/src/core/regfile.v:26$126_EN' from process `\regfile.$proc$/home/tuan-23521721/workspace/riscv_ol2/src/core/regfile.v:0$203'.
No latch inferred for signal `\regfile.$memwr$\regs$/home/tuan-23521721/workspace/riscv_ol2/src/core/regfile.v:26$127_EN' from process `\regfile.$proc$/home/tuan-23521721/workspace/riscv_ol2/src/core/regfile.v:0$203'.
No latch inferred for signal `\regfile.$memwr$\regs$/home/tuan-23521721/workspace/riscv_ol2/src/core/regfile.v:26$128_EN' from process `\regfile.$proc$/home/tuan-23521721/workspace/riscv_ol2/src/core/regfile.v:0$203'.
No latch inferred for signal `\regfile.$memwr$\regs$/home/tuan-23521721/workspace/riscv_ol2/src/core/regfile.v:26$129_EN' from process `\regfile.$proc$/home/tuan-23521721/workspace/riscv_ol2/src/core/regfile.v:0$203'.
No latch inferred for signal `\regfile.$memwr$\regs$/home/tuan-23521721/workspace/riscv_ol2/src/core/regfile.v:26$130_EN' from process `\regfile.$proc$/home/tuan-23521721/workspace/riscv_ol2/src/core/regfile.v:0$203'.
No latch inferred for signal `\regfile.$memwr$\regs$/home/tuan-23521721/workspace/riscv_ol2/src/core/regfile.v:26$131_EN' from process `\regfile.$proc$/home/tuan-23521721/workspace/riscv_ol2/src/core/regfile.v:0$203'.
No latch inferred for signal `\regfile.$memwr$\regs$/home/tuan-23521721/workspace/riscv_ol2/src/core/regfile.v:26$132_EN' from process `\regfile.$proc$/home/tuan-23521721/workspace/riscv_ol2/src/core/regfile.v:0$203'.
No latch inferred for signal `\regfile.$memwr$\regs$/home/tuan-23521721/workspace/riscv_ol2/src/core/regfile.v:26$133_EN' from process `\regfile.$proc$/home/tuan-23521721/workspace/riscv_ol2/src/core/regfile.v:0$203'.
No latch inferred for signal `\regfile.$memwr$\regs$/home/tuan-23521721/workspace/riscv_ol2/src/core/regfile.v:26$134_EN' from process `\regfile.$proc$/home/tuan-23521721/workspace/riscv_ol2/src/core/regfile.v:0$203'.
No latch inferred for signal `\regfile.$memwr$\regs$/home/tuan-23521721/workspace/riscv_ol2/src/core/regfile.v:26$135_EN' from process `\regfile.$proc$/home/tuan-23521721/workspace/riscv_ol2/src/core/regfile.v:0$203'.
No latch inferred for signal `\regfile.$memwr$\regs$/home/tuan-23521721/workspace/riscv_ol2/src/core/regfile.v:26$136_EN' from process `\regfile.$proc$/home/tuan-23521721/workspace/riscv_ol2/src/core/regfile.v:0$203'.
No latch inferred for signal `\regfile.$memwr$\regs$/home/tuan-23521721/workspace/riscv_ol2/src/core/regfile.v:26$137_EN' from process `\regfile.$proc$/home/tuan-23521721/workspace/riscv_ol2/src/core/regfile.v:0$203'.
No latch inferred for signal `\regfile.$memwr$\regs$/home/tuan-23521721/workspace/riscv_ol2/src/core/regfile.v:26$138_EN' from process `\regfile.$proc$/home/tuan-23521721/workspace/riscv_ol2/src/core/regfile.v:0$203'.
No latch inferred for signal `\regfile.$memwr$\regs$/home/tuan-23521721/workspace/riscv_ol2/src/core/regfile.v:26$139_EN' from process `\regfile.$proc$/home/tuan-23521721/workspace/riscv_ol2/src/core/regfile.v:0$203'.
No latch inferred for signal `\regfile.$memwr$\regs$/home/tuan-23521721/workspace/riscv_ol2/src/core/regfile.v:26$140_EN' from process `\regfile.$proc$/home/tuan-23521721/workspace/riscv_ol2/src/core/regfile.v:0$203'.
No latch inferred for signal `\regfile.$memwr$\regs$/home/tuan-23521721/workspace/riscv_ol2/src/core/regfile.v:26$141_EN' from process `\regfile.$proc$/home/tuan-23521721/workspace/riscv_ol2/src/core/regfile.v:0$203'.
No latch inferred for signal `\regfile.$memwr$\regs$/home/tuan-23521721/workspace/riscv_ol2/src/core/regfile.v:26$142_EN' from process `\regfile.$proc$/home/tuan-23521721/workspace/riscv_ol2/src/core/regfile.v:0$203'.
No latch inferred for signal `\regfile.$memwr$\regs$/home/tuan-23521721/workspace/riscv_ol2/src/core/regfile.v:26$143_EN' from process `\regfile.$proc$/home/tuan-23521721/workspace/riscv_ol2/src/core/regfile.v:0$203'.
No latch inferred for signal `\regfile.$memwr$\regs$/home/tuan-23521721/workspace/riscv_ol2/src/core/regfile.v:26$144_EN' from process `\regfile.$proc$/home/tuan-23521721/workspace/riscv_ol2/src/core/regfile.v:0$203'.
No latch inferred for signal `\regfile.$memwr$\regs$/home/tuan-23521721/workspace/riscv_ol2/src/core/regfile.v:26$145_EN' from process `\regfile.$proc$/home/tuan-23521721/workspace/riscv_ol2/src/core/regfile.v:0$203'.
No latch inferred for signal `\regfile.$memwr$\regs$/home/tuan-23521721/workspace/riscv_ol2/src/core/regfile.v:26$146_EN' from process `\regfile.$proc$/home/tuan-23521721/workspace/riscv_ol2/src/core/regfile.v:0$203'.
No latch inferred for signal `\regfile.$memwr$\regs$/home/tuan-23521721/workspace/riscv_ol2/src/core/regfile.v:26$147_EN' from process `\regfile.$proc$/home/tuan-23521721/workspace/riscv_ol2/src/core/regfile.v:0$203'.
No latch inferred for signal `\regfile.$memwr$\regs$/home/tuan-23521721/workspace/riscv_ol2/src/core/regfile.v:26$148_EN' from process `\regfile.$proc$/home/tuan-23521721/workspace/riscv_ol2/src/core/regfile.v:0$203'.
No latch inferred for signal `\forward.\forward_b' from process `\forward.$proc$/home/tuan-23521721/workspace/riscv_ol2/src/core/forward.v:46$71'.
No latch inferred for signal `\forward.\forward_a' from process `\forward.$proc$/home/tuan-23521721/workspace/riscv_ol2/src/core/forward.v:33$62'.
No latch inferred for signal `\alu_control.\alu_ctrl' from process `\alu_control.$proc$/home/tuan-23521721/workspace/riscv_ol2/src/core/alu_control.v:18$264'.
