152. Printing statistics.

=== soc_top ===

   Number of wires:               5607
   Number of wire bits:           7339
   Number of public wires:          95
   Number of public wire bits:    1827
   Number of ports:                 11
   Number of port bits:            204
   Number of memories:               0
   Number of memory bits:            0
   Number of processes:              0
   Number of cells:               7193
     $_ANDNOT_                    1261
     $_AND_                        171
     $_DFFE_PP0N_                   30
     $_DFFE_PP0P_                   96
     $_DFFE_PP_                   1024
     $_DFF_PP0_                    364
     $_DFF_P_                        6
     $_MUX_                       2729
     $_NAND_                       121
     $_NOR_                        147
     $_NOT_                        277
     $_ORNOT_                       95
     $_OR_                         580
     $_XNOR_                        87
     $_XOR_                        203
     sky130_sram_1kbyte_1rw1r_32x256_8      2

   Area for cell type $_NOT_ is unknown!
   Area for cell type $_AND_ is unknown!
   Area for cell type $_NAND_ is unknown!
   Area for cell type $_OR_ is unknown!
   Area for cell type $_NOR_ is unknown!
   Area for cell type $_XOR_ is unknown!
   Area for cell type $_XNOR_ is unknown!
   Area for cell type $_ANDNOT_ is unknown!
   Area for cell type $_ORNOT_ is unknown!
   Area for cell type $_MUX_ is unknown!
   Area for cell type $_DFF_P_ is unknown!
   Area for cell type $_DFFE_PP_ is unknown!
   Area for cell type $_DFF_PP0_ is unknown!
   Area for cell type $_DFFE_PP0N_ is unknown!
   Area for cell type $_DFFE_PP0P_ is unknown!
   Area for cell type \sky130_sram_1kbyte_1rw1r_32x256_8 is unknown!

