
===========================================================================
 report_power
============================================================================
======================= nom_tt_025C_1v80 Corner ===================================

Group                    Internal    Switching      Leakage        Total
                            Power        Power        Power        Power (Watts)
------------------------------------------------------------------------
Sequential           3.040482e-03 0.000000e+00 1.476201e-08 3.040497e-03  28.7%
Combinational        2.072797e-05 6.825857e-05 4.104459e-08 8.902758e-05   0.8%
Clock                2.001954e-03 1.598054e-03 5.229289e-08 3.600060e-03  34.0%
Macro                3.835787e-03 0.000000e+00 3.806400e-05 3.873851e-03  36.5%
Pad                  0.000000e+00 0.000000e+00 0.000000e+00 0.000000e+00   0.0%
------------------------------------------------------------------------
Total                8.898946e-03 1.666313e-03 3.817258e-05 1.060343e-02 100.0%
                            83.9%        15.7%         0.4%

