
===========================================================================
 report_power
============================================================================
======================= nom_tt_025C_1v80 Corner ===================================

Group                    Internal    Switching      Leakage        Total
                            Power        Power        Power        Power (Watts)
------------------------------------------------------------------------
Sequential           3.044301e-03 0.000000e+00 1.477681e-08 3.044316e-03  43.2%
Combinational        1.063776e-04 1.444772e-05 2.275472e-08 1.208481e-04   1.7%
Clock                0.000000e+00 0.000000e+00 0.000000e+00 0.000000e+00   0.0%
Macro                3.835787e-03 0.000000e+00 3.806400e-05 3.873851e-03  55.0%
Pad                  0.000000e+00 0.000000e+00 0.000000e+00 0.000000e+00   0.0%
------------------------------------------------------------------------
Total                6.986462e-03 1.444772e-05 3.810153e-05 7.039011e-03 100.0%
                            99.3%         0.2%         0.5%

