
===========================================================================
 report_power
============================================================================
======================= max_ff_n40C_1v95 Corner ===================================

Group                    Internal    Switching      Leakage        Total
                            Power        Power        Power        Power (Watts)
------------------------------------------------------------------------
Sequential           3.530792e-03 0.000000e+00 2.544473e-08 3.530817e-03  32.1%
Combinational        1.868671e-06 6.504848e-06 6.514220e-08 8.438662e-06   0.1%
Clock                1.745102e-03 1.846673e-03 5.246806e-08 3.591828e-03  32.6%
Macro                3.835787e-03 0.000000e+00 3.806400e-05 3.873851e-03  35.2%
Pad                  0.000000e+00 0.000000e+00 0.000000e+00 0.000000e+00   0.0%
------------------------------------------------------------------------
Total                9.113550e-03 1.853178e-03 3.820672e-05 1.100494e-02 100.0%
                            82.8%        16.8%         0.3%

