
===========================================================================
 report_power
============================================================================
======================= min_tt_025C_1v80 Corner ===================================

Group                    Internal    Switching      Leakage        Total
                            Power        Power        Power        Power (Watts)
------------------------------------------------------------------------
Sequential           3.041074e-03 0.000000e+00 1.476201e-08 3.041089e-03  28.9%
Combinational        2.074131e-05 6.493644e-05 4.104459e-08 8.571880e-05   0.8%
Clock                2.001039e-03 1.527834e-03 5.229289e-08 3.528926e-03  33.5%
Macro                3.835787e-03 0.000000e+00 3.806400e-05 3.873851e-03  36.8%
Pad                  0.000000e+00 0.000000e+00 0.000000e+00 0.000000e+00   0.0%
------------------------------------------------------------------------
Total                8.898640e-03 1.592771e-03 3.817258e-05 1.052958e-02 100.0%
                            84.5%        15.1%         0.4%

