┏━━━━━━━┳━━━━━━━━━┳━━━━━━━━━━┳━━━━━━━━━━━━━━━━━━━━━━━━━━━━━━━━━━━━━━━━━━━━━┳━━━━━━━━━━━━━━━━━┳━━━━━━━┓
┃ P / R ┃ Partial ┃ Required ┃ Net                                         ┃ Pin             ┃ Layer ┃
┡━━━━━━━╇━━━━━━━━━╇━━━━━━━━━━╇━━━━━━━━━━━━━━━━━━━━━━━━━━━━━━━━━━━━━━━━━━━━━╇━━━━━━━━━━━━━━━━━╇━━━━━━━┩
│ 3.70  │ 1481.02 │ 400.00   │ net458                                      │ wire457/A       │ met4  │
│ 2.27  │ 907.44  │ 400.00   │ net468                                      │ _12435_/A       │ met4  │
│ 2.12  │ 847.17  │ 400.00   │ net1054                                     │ _07748_/A1      │ met3  │
│ 2.06  │ 822.89  │ 400.00   │ net325                                      │ _11543_/D       │ met1  │
│ 1.65  │ 660.33  │ 400.00   │ net356                                      │ wire355/A       │ met2  │
│ 1.56  │ 625.21  │ 400.00   │ net1069                                     │ _07731_/A1      │ met3  │
│ 1.47  │ 587.53  │ 400.00   │ net65                                       │ wire353/A       │ met3  │
│ 1.46  │ 584.37  │ 400.00   │ net478                                      │ wire477/A       │ met2  │
│ 1.35  │ 3740.95 │ 2778.20  │ cpu_core.mem_wb_reg_inst.read_data_out[22\] │ _06175_/C       │ met5  │
│ 1.28  │ 512.61  │ 400.00   │ net713                                      │ _05643_/B1      │ met1  │
│ 1.21  │ 485.62  │ 400.00   │ cpu_core.ex_stage_inst.pc_ex[9\]            │ _06922_/A2      │ met1  │
│ 1.20  │ 480.10  │ 400.00   │ cpu_core.ex_stage_inst.pc_ex[14\]           │ _06935_/C1      │ met1  │
│ 1.16  │ 462.06  │ 400.00   │ cpu_core.ex_mem_reg_inst.pc_plus4_in[0\]    │ _06857_/A2      │ met1  │
│ 1.15  │ 459.03  │ 400.00   │ cpu_core.mem_wb_reg_inst.pc_plus4_out[24\]  │ wire1319/A      │ met1  │
│ 1.13  │ 453.83  │ 400.00   │ net661                                      │ max_length658/A │ met1  │
│ 1.09  │ 434.45  │ 400.00   │ net137                                      │ output137/A     │ met2  │
│ 1.08  │ 431.89  │ 400.00   │ net586                                      │ max_length584/A │ met1  │
│ 1.05  │ 421.34  │ 400.00   │ cpu_core.ex_stage_inst.imm_ex[7\]           │ _06925_/A1      │ met1  │
│ 1.03  │ 413.61  │ 400.00   │ net503                                      │ _06464_/B2      │ met4  │
│ 1.03  │ 413.61  │ 400.00   │ net503                                      │ _06465_/A2_N    │ met4  │
│ 1.03  │ 413.61  │ 400.00   │ net503                                      │ output116/A     │ met4  │
│ 1.03  │ 410.11  │ 400.00   │ cpu_core.ex_stage_inst.imm_ex[11\]          │ _06886_/A       │ met1  │
└───────┴─────────┴──────────┴─────────────────────────────────────────────┴─────────────────┴───────┘
