Clock: clk
Sources: clk 
Generated: no
Virtual: yes
Propagated: no
Period: 20.000000

===========================================================================
report_clock_properties
============================================================================
Clock                   Period          Waveform
----------------------------------------------------
clk                  20.000000    0.000000 10.000000

===========================================================================
report_clock_latency
============================================================================
Clock clk
rise -> rise
    min     max
0.000000 0.000000 source latency
0.756239         network latency _11155_/CLK
        1.048675 network latency _11326_/CLK
---------------
0.756239 1.048675 latency
        0.292436 skew

fall -> fall
    min     max
0.000000 0.000000 source latency
0.710164         network latency _11155_/CLK
        0.965271 network latency _11326_/CLK
---------------
0.710164 0.965271 latency
        0.255106 skew



===========================================================================
report_clock_min_period
============================================================================
clk period_min = 9.62 fmax = 103.94
