Clock: clk
Sources: clk 
Generated: no
Virtual: yes
Propagated: no
Period: 20.000000

===========================================================================
report_clock_properties
============================================================================
Clock                   Period          Waveform
----------------------------------------------------
clk                  20.000000    0.000000 10.000000

===========================================================================
report_clock_latency
============================================================================
Clock clk
rise -> rise
    min     max
0.000000 0.000000 source latency
0.574685         network latency _11155_/CLK
        0.794947 network latency _11285_/CLK
---------------
0.574685 0.794947 latency
        0.220262 skew

fall -> fall
    min     max
0.000000 0.000000 source latency
0.563472         network latency _11155_/CLK
        0.766307 network latency _11285_/CLK
---------------
0.563472 0.766307 latency
        0.202835 skew



===========================================================================
report_clock_min_period
============================================================================
clk period_min = 7.81 fmax = 128.02
