
===========================================================================
 report_power
============================================================================
======================= nom_tt_025C_1v80 Corner ===================================

Group                    Internal    Switching      Leakage        Total
                            Power        Power        Power        Power (Watts)
------------------------------------------------------------------------
Sequential           3.039058e-03 0.000000e+00 1.471280e-08 3.039073e-03  31.6%
Combinational        1.836853e-06 3.159775e-06 3.449176e-08 5.031120e-06   0.1%
Clock                1.527201e-03 1.186942e-03 5.376114e-09 2.714149e-03  28.2%
Macro                3.835787e-03 0.000000e+00 3.806400e-05 3.873851e-03  40.2%
Pad                  0.000000e+00 0.000000e+00 0.000000e+00 0.000000e+00   0.0%
------------------------------------------------------------------------
Total                8.403882e-03 1.190102e-03 3.811893e-05 9.632103e-03 100.0%
                            87.2%        12.4%         0.4%
Writing metric power__internal__total: 0.008403882384300232
Writing metric power__switching__total: 0.001190102193504572
Writing metric power__leakage__total: 3.811892747762613e-5
Writing metric power__total: 0.009632103145122528

