Clock: clk
Sources: clk 
Generated: no
Virtual: yes
Propagated: no
Period: 20.000000

===========================================================================
report_clock_properties
============================================================================
Clock                   Period          Waveform
----------------------------------------------------
clk                  20.000000    0.000000 10.000000

===========================================================================
report_clock_latency
============================================================================
Clock clk
rise -> rise
    min     max
0.000000 0.000000 source latency
0.712377         network latency _11155_/CLK
        0.991450 network latency _11326_/CLK
---------------
0.712377 0.991450 latency
        0.279072 skew

fall -> fall
    min     max
0.000000 0.000000 source latency
0.672363         network latency _11155_/CLK
        0.917590 network latency _11326_/CLK
---------------
0.672363 0.917590 latency
        0.245228 skew



===========================================================================
report_clock_min_period
============================================================================
clk period_min = 9.25 fmax = 108.14
