
===========================================================================
 report_power
============================================================================
======================= min_tt_025C_1v80 Corner ===================================

Group                    Internal    Switching      Leakage        Total
                            Power        Power        Power        Power (Watts)
------------------------------------------------------------------------
Sequential           3.037552e-03 0.000000e+00 1.471280e-08 3.037567e-03  30.8%
Combinational        1.836871e-06 4.733100e-06 3.449126e-08 6.604463e-06   0.1%
Clock                1.527160e-03 1.431979e-03 3.724048e-08 2.959176e-03  30.0%
Macro                3.835787e-03 0.000000e+00 3.806400e-05 3.873851e-03  39.2%
Pad                  0.000000e+00 0.000000e+00 0.000000e+00 0.000000e+00   0.0%
------------------------------------------------------------------------
Total                8.402341e-03 1.436713e-03 3.815047e-05 9.877204e-03 100.0%
                            85.1%        14.5%         0.4%

