Clock: clk
Sources: clk 
Generated: no
Virtual: yes
Propagated: no
Period: 20.000000

===========================================================================
report_clock_properties
============================================================================
Clock                   Period          Waveform
----------------------------------------------------
clk                  20.000000    0.000000 10.000000

===========================================================================
report_clock_latency
============================================================================
Clock clk
rise -> rise
    min     max
0.000000 0.000000 source latency
2.282667         network latency dmem_sram/clk1
        2.741228 network latency _10252_/CLK
---------------
2.282667 2.741228 latency
        0.458561 skew

fall -> fall
    min     max
0.000000 0.000000 source latency
1.938172         network latency dmem_sram/clk1
        2.350435 network latency _10252_/CLK
---------------
1.938172 2.350435 latency
        0.412263 skew



===========================================================================
report_clock_min_period
============================================================================
clk period_min = 19.34 fmax = 51.69
