
===========================================================================
 report_power
============================================================================
======================= max_ss_100C_1v60 Corner ===================================

Group                    Internal    Switching      Leakage        Total
                            Power        Power        Power        Power (Watts)
------------------------------------------------------------------------
Sequential           2.342910e-03 0.000000e+00 2.311788e-05 2.366028e-03  25.5%
Combinational        1.680348e-05 5.435882e-05 4.493208e-05 1.160944e-04   1.2%
Clock                1.642402e-03 1.290957e-03 4.988967e-06 2.938349e-03  31.6%
Macro                3.835787e-03 0.000000e+00 3.806400e-05 3.873851e-03  41.7%
Pad                  0.000000e+00 0.000000e+00 0.000000e+00 0.000000e+00   0.0%
------------------------------------------------------------------------
Total                7.837906e-03 1.345316e-03 1.110987e-04 9.294321e-03 100.0%
                            84.3%        14.5%         1.2%

