
===========================================================================
 report_power
============================================================================
======================= nom_tt_025C_1v80 Corner ===================================

Group                    Internal    Switching      Leakage        Total
                            Power        Power        Power        Power (Watts)
------------------------------------------------------------------------
Sequential           3.104080e-03 0.000000e+00 1.477681e-08 3.104095e-03  44.5%
Combinational        3.319664e-07 2.232360e-07 2.477963e-08 5.799820e-07   0.0%
Clock                0.000000e+00 0.000000e+00 0.000000e+00 0.000000e+00   0.0%
Macro                3.835787e-03 0.000000e+00 3.806400e-05 3.873851e-03  55.5%
Pad                  0.000000e+00 0.000000e+00 0.000000e+00 0.000000e+00   0.0%
------------------------------------------------------------------------
Total                6.940198e-03 2.232360e-07 3.810356e-05 6.978525e-03 100.0%
                            99.5%         0.0%         0.5%

