
===========================================================================
report_checks -unconstrained
===========================================================================
======================= min_ss_100C_1v60 Corner ===================================

Startpoint: rst (input port clocked by clk)
Endpoint: _10611_ (recovery check against rising-edge clock clk)
Path Group: asynchronous
Path Type: max

Fanout         Cap        Slew       Delay        Time   Description
---------------------------------------------------------------------------------------------
                                  0.000000    0.000000   clock clk (rise edge)
                                  0.000000    0.000000   clock network delay (propagated)
                                  4.000000    4.000000 v input external delay
     1    0.002884    0.018781    0.009478    4.009478 v rst (in)
                                                         rst (net)
                      0.018781    0.000000    4.009478 v input42/A (sky130_fd_sc_hd__buf_4)
     2    0.083508    0.204840    0.356882    4.366360 v input42/X (sky130_fd_sc_hd__buf_4)
                                                         net42 (net)
                      0.206165    0.013546    4.379905 v fanout1197/A (sky130_fd_sc_hd__buf_4)
     6    0.078892    0.192459    0.443922    4.823827 v fanout1197/X (sky130_fd_sc_hd__buf_4)
                                                         net1197 (net)
                      0.192520    0.003266    4.827094 v fanout1187/A (sky130_fd_sc_hd__buf_2)
     5    0.035692    0.172007    0.407107    5.234201 v fanout1187/X (sky130_fd_sc_hd__buf_2)
                                                         net1187 (net)
                      0.172007    0.000496    5.234697 v fanout1186/A (sky130_fd_sc_hd__clkbuf_4)
     6    0.052229    0.196185    0.417923    5.652619 v fanout1186/X (sky130_fd_sc_hd__clkbuf_4)
                                                         net1186 (net)
                      0.196199    0.001807    5.654427 v fanout1185/A (sky130_fd_sc_hd__buf_4)
    10    0.066332    0.166306    0.417856    6.072282 v fanout1185/X (sky130_fd_sc_hd__buf_4)
                                                         net1185 (net)
                      0.166306    0.000148    6.072430 v fanout1184/A (sky130_fd_sc_hd__buf_4)
     9    0.054727    0.143379    0.384534    6.456964 v fanout1184/X (sky130_fd_sc_hd__buf_4)
                                                         net1184 (net)
                      0.143379    0.000283    6.457247 v fanout1183/A (sky130_fd_sc_hd__buf_4)
    10    0.058612    0.150741    0.381220    6.838467 v fanout1183/X (sky130_fd_sc_hd__buf_4)
                                                         net1183 (net)
                      0.150743    0.000834    6.839301 v _09539_/A (sky130_fd_sc_hd__inv_2)
     1    0.004188    0.058566    0.105177    6.944478 ^ _09539_/Y (sky130_fd_sc_hd__inv_2)
                                                         _00312_ (net)
                      0.058566    0.000023    6.944501 ^ _10611_/RESET_B (sky130_fd_sc_hd__dfrtp_1)
                                              6.944501   data arrival time

                                 20.000000   20.000000   clock clk (rise edge)
                                  0.000000   20.000000   clock source latency
     1    0.107490    0.776119    0.557018   20.557018 ^ clk (in)
                                                         clk (net)
                      0.779991    0.000000   20.557018 ^ clkbuf_0_clk/A (sky130_fd_sc_hd__clkbuf_16)
     4    0.077887    0.153915    0.566166   21.123184 ^ clkbuf_0_clk/X (sky130_fd_sc_hd__clkbuf_16)
                                                         clknet_0_clk (net)
                      0.154572    0.008535   21.131720 ^ clkbuf_2_2_0_clk/A (sky130_fd_sc_hd__clkbuf_8)
     4    0.068737    0.200518    0.365814   21.497534 ^ clkbuf_2_2_0_clk/X (sky130_fd_sc_hd__clkbuf_8)
                                                         clknet_2_2_0_clk (net)
                      0.200648    0.004208   21.501741 ^ clkbuf_4_8_0_clk/A (sky130_fd_sc_hd__clkbuf_8)
     2    0.030395    0.108757    0.319369   21.821112 ^ clkbuf_4_8_0_clk/X (sky130_fd_sc_hd__clkbuf_8)
                                                         clknet_4_8_0_clk (net)
                      0.108758    0.000526   21.821636 ^ clkbuf_5_16__f_clk/A (sky130_fd_sc_hd__clkbuf_16)
    12    0.097561    0.172602    0.330108   22.151745 ^ clkbuf_5_16__f_clk/X (sky130_fd_sc_hd__clkbuf_16)
                                                         clknet_5_16__leaf_clk (net)
                      0.172613    0.001631   22.153376 ^ clkbuf_leaf_103_clk/A (sky130_fd_sc_hd__clkbuf_8)
     7    0.027514    0.101431    0.300110   22.453485 ^ clkbuf_leaf_103_clk/X (sky130_fd_sc_hd__clkbuf_8)
                                                         clknet_leaf_103_clk (net)
                      0.101431    0.000203   22.453688 ^ _10611_/CLK (sky130_fd_sc_hd__dfrtp_1)
                                 -0.250000   22.203688   clock uncertainty
                                  0.000000   22.203688   clock reconvergence pessimism
                                  0.477274   22.680962   library recovery time
                                             22.680962   data required time
---------------------------------------------------------------------------------------------
                                             22.680962   data required time
                                             -6.944501   data arrival time
---------------------------------------------------------------------------------------------
                                             15.736462   slack (MET)


Startpoint: _10634_ (rising edge-triggered flip-flop clocked by clk)
Endpoint: dbg_dmem_we (output port clocked by clk)
Path Group: clk
Path Type: max

Fanout         Cap        Slew       Delay        Time   Description
---------------------------------------------------------------------------------------------
                                  0.000000    0.000000   clock clk (rise edge)
                                  0.000000    0.000000   clock source latency
     1    0.107490    0.776119    0.557018    0.557018 ^ clk (in)
                                                         clk (net)
                      0.779991    0.000000    0.557018 ^ clkbuf_0_clk/A (sky130_fd_sc_hd__clkbuf_16)
     4    0.077887    0.153915    0.566166    1.123184 ^ clkbuf_0_clk/X (sky130_fd_sc_hd__clkbuf_16)
                                                         clknet_0_clk (net)
                      0.154572    0.008535    1.131719 ^ clkbuf_2_2_0_clk/A (sky130_fd_sc_hd__clkbuf_8)
     4    0.068737    0.200518    0.365814    1.497533 ^ clkbuf_2_2_0_clk/X (sky130_fd_sc_hd__clkbuf_8)
                                                         clknet_2_2_0_clk (net)
                      0.201255    0.009788    1.507320 ^ clkbuf_4_11_0_clk/A (sky130_fd_sc_hd__clkbuf_8)
     2    0.032837    0.112587    0.324321    1.831642 ^ clkbuf_4_11_0_clk/X (sky130_fd_sc_hd__clkbuf_8)
                                                         clknet_4_11_0_clk (net)
                      0.112639    0.002192    1.833833 ^ clkbuf_5_22__f_clk/A (sky130_fd_sc_hd__clkbuf_16)
    10    0.079468    0.147388    0.312470    2.146304 ^ clkbuf_5_22__f_clk/X (sky130_fd_sc_hd__clkbuf_16)
                                                         clknet_5_22__leaf_clk (net)
                      0.147413    0.001953    2.148257 ^ clkbuf_leaf_163_clk/A (sky130_fd_sc_hd__clkbuf_8)
    10    0.030898    0.108883    0.296123    2.444379 ^ clkbuf_leaf_163_clk/X (sky130_fd_sc_hd__clkbuf_8)
                                                         clknet_leaf_163_clk (net)
                      0.108883    0.000222    2.444602 ^ _10634_/CLK (sky130_fd_sc_hd__dfrtp_2)
     5    0.016609    0.165449    0.793853    3.238455 ^ _10634_/Q (sky130_fd_sc_hd__dfrtp_2)
                                                         cpu_core.ex_mem_reg_inst.rd_addr_out[3] (net)
                      0.165449    0.000318    3.238773 ^ _05022_/A_N (sky130_fd_sc_hd__and2b_1)
     2    0.009110    0.116671    0.450037    3.688810 v _05022_/X (sky130_fd_sc_hd__and2b_1)
                                                         _01937_ (net)
                      0.116671    0.000109    3.688918 v _05025_/B1 (sky130_fd_sc_hd__a2111o_1)
     1    0.006344    0.142049    0.796248    4.485166 v _05025_/X (sky130_fd_sc_hd__a2111o_1)
                                                         _01940_ (net)
                      0.142049    0.000167    4.485333 v _05026_/A (sky130_fd_sc_hd__or4_4)
     2    0.031866    0.237245    1.219125    5.704458 v _05026_/X (sky130_fd_sc_hd__or4_4)
                                                         _01941_ (net)
                      0.237245    0.000794    5.705252 v fanout505/A (sky130_fd_sc_hd__buf_8)
     7    0.044819    0.080831    0.331429    6.036681 v fanout505/X (sky130_fd_sc_hd__buf_8)
                                                         net505 (net)
                      0.080831    0.000161    6.036841 v _05045_/A1 (sky130_fd_sc_hd__o21ai_4)
     3    0.042793    0.522588    0.514289    6.551130 ^ _05045_/Y (sky130_fd_sc_hd__o21ai_4)
                                                         _01960_ (net)
                      0.522589    0.000576    6.551706 ^ fanout408/A (sky130_fd_sc_hd__clkbuf_8)
    10    0.089515    0.253118    0.563615    7.115322 ^ fanout408/X (sky130_fd_sc_hd__clkbuf_8)
                                                         net408 (net)
                      0.253349    0.006972    7.122293 ^ _05237_/B1 (sky130_fd_sc_hd__o221a_4)
     8    0.254925    1.249331    1.250554    8.372848 ^ _05237_/X (sky130_fd_sc_hd__o221a_4)
                                                         dmem_din[5] (net)
                      1.250236    0.029190    8.402038 ^ _05238_/A1 (sky130_fd_sc_hd__mux2_1)
     2    0.009523    0.179863    0.656759    9.058797 ^ _05238_/X (sky130_fd_sc_hd__mux2_1)
                                                         _02138_ (net)
                      0.179863    0.000089    9.058886 ^ _05239_/B (sky130_fd_sc_hd__xnor2_1)
     3    0.009540    0.416906    0.310672    9.369557 ^ _05239_/Y (sky130_fd_sc_hd__xnor2_1)
                                                         _02139_ (net)
                      0.416906    0.000103    9.369660 ^ _05324_/B (sky130_fd_sc_hd__xnor2_1)
     3    0.010349    0.204417    0.333185    9.702845 v _05324_/Y (sky130_fd_sc_hd__xnor2_1)
                                                         _02219_ (net)
                      0.204417    0.000099    9.702944 v _05330_/B (sky130_fd_sc_hd__or2_1)
     1    0.004547    0.114855    0.534844   10.237788 v _05330_/X (sky130_fd_sc_hd__or2_1)
                                                         _02225_ (net)
                      0.114855    0.000080   10.237867 v _05331_/D (sky130_fd_sc_hd__or4_4)
     3    0.011888    0.178713    0.898500   11.136368 v _05331_/X (sky130_fd_sc_hd__or4_4)
                                                         _02226_ (net)
                      0.178713    0.000291   11.136659 v _05386_/A2 (sky130_fd_sc_hd__a21o_1)
     3    0.017513    0.171183    0.471679   11.608337 v _05386_/X (sky130_fd_sc_hd__a21o_1)
                                                         _02277_ (net)
                      0.171183    0.000494   11.608831 v _05391_/A2 (sky130_fd_sc_hd__o211ai_4)
     5    0.022643    0.375910    0.420520   12.029351 ^ _05391_/Y (sky130_fd_sc_hd__o211ai_4)
                                                         _02282_ (net)
                      0.375910    0.000544   12.029895 ^ _05561_/A1 (sky130_fd_sc_hd__a21oi_1)
     1    0.004592    0.148793    0.257014   12.286909 v _05561_/Y (sky130_fd_sc_hd__a21oi_1)
                                                         _02444_ (net)
                      0.148793    0.000039   12.286948 v _05562_/B (sky130_fd_sc_hd__xnor2_1)
     2    0.012718    0.508713    0.492636   12.779584 ^ _05562_/Y (sky130_fd_sc_hd__xnor2_1)
                                                         _02445_ (net)
                      0.508713    0.000357   12.779941 ^ _05584_/C (sky130_fd_sc_hd__and4_1)
     1    0.003502    0.111574    0.525855   13.305796 ^ _05584_/X (sky130_fd_sc_hd__and4_1)
                                                         _02467_ (net)
                      0.111574    0.000055   13.305851 ^ _05585_/D_N (sky130_fd_sc_hd__or4bb_4)
     1    0.013019    0.182616    0.979492   14.285343 v _05585_/X (sky130_fd_sc_hd__or4bb_4)
                                                         _02468_ (net)
                      0.182616    0.000601   14.285944 v _05586_/A_N (sky130_fd_sc_hd__and4b_1)
     1    0.006971    0.158422    0.600513   14.886457 ^ _05586_/X (sky130_fd_sc_hd__and4b_1)
                                                         _02469_ (net)
                      0.158422    0.000168   14.886625 ^ _05587_/C (sky130_fd_sc_hd__and4_4)
     2    0.030975    0.218091    0.658776   15.545402 ^ _05587_/X (sky130_fd_sc_hd__and4_4)
                                                         _02470_ (net)
                      0.218119    0.002522   15.547924 ^ _05665_/A3 (sky130_fd_sc_hd__o311ai_4)
     1    0.010327    0.184650    0.235456   15.783381 v _05665_/Y (sky130_fd_sc_hd__o311ai_4)
                                                         _02548_ (net)
                      0.184650    0.000137   15.783517 v _05667_/A2 (sky130_fd_sc_hd__a21oi_4)
     5    0.030453    0.387813    0.464919   16.248436 ^ _05667_/Y (sky130_fd_sc_hd__a21oi_4)
                                                         _02550_ (net)
                      0.387814    0.000652   16.249088 ^ _06771_/A (sky130_fd_sc_hd__nand2_8)
     6    0.229961    0.566822    0.520624   16.769711 v _06771_/Y (sky130_fd_sc_hd__nand2_8)
                                                         _00189_ (net)
                      0.566840    0.003126   16.772839 v _06772_/A (sky130_fd_sc_hd__inv_12)
     2    0.079692    0.211665    0.368269   17.141108 ^ _06772_/Y (sky130_fd_sc_hd__inv_12)
                                                         net139 (net)
                      0.211726    0.003448   17.144554 ^ output139/A (sky130_fd_sc_hd__buf_8)
     1    0.034618    0.105659    0.268667   17.413221 ^ output139/X (sky130_fd_sc_hd__buf_8)
                                                         dbg_dmem_we (net)
                      0.105659    0.000458   17.413679 ^ dbg_dmem_we (out)
                                             17.413679   data arrival time

                                 20.000000   20.000000   clock clk (rise edge)
                                  0.000000   20.000000   clock network delay (propagated)
                                 -0.250000   19.750002   clock uncertainty
                                  0.000000   19.750002   clock reconvergence pessimism
                                 -4.000000   15.750001   output external delay
                                             15.750001   data required time
---------------------------------------------------------------------------------------------
                                             15.750001   data required time
                                            -17.413679   data arrival time
---------------------------------------------------------------------------------------------
                                             -1.663679   slack (VIOLATED)




===========================================================================
report_checks --slack_max -0.01
============================================================================
======================= min_ss_100C_1v60 Corner ===================================

Startpoint: _10634_ (rising edge-triggered flip-flop clocked by clk)
Endpoint: dbg_dmem_we (output port clocked by clk)
Path Group: clk
Path Type: max

Fanout         Cap        Slew       Delay        Time   Description
---------------------------------------------------------------------------------------------
                                  0.000000    0.000000   clock clk (rise edge)
                                  0.000000    0.000000   clock source latency
     1    0.107490    0.776119    0.557018    0.557018 ^ clk (in)
                                                         clk (net)
                      0.779991    0.000000    0.557018 ^ clkbuf_0_clk/A (sky130_fd_sc_hd__clkbuf_16)
     4    0.077887    0.153915    0.566166    1.123184 ^ clkbuf_0_clk/X (sky130_fd_sc_hd__clkbuf_16)
                                                         clknet_0_clk (net)
                      0.154572    0.008535    1.131719 ^ clkbuf_2_2_0_clk/A (sky130_fd_sc_hd__clkbuf_8)
     4    0.068737    0.200518    0.365814    1.497533 ^ clkbuf_2_2_0_clk/X (sky130_fd_sc_hd__clkbuf_8)
                                                         clknet_2_2_0_clk (net)
                      0.201255    0.009788    1.507320 ^ clkbuf_4_11_0_clk/A (sky130_fd_sc_hd__clkbuf_8)
     2    0.032837    0.112587    0.324321    1.831642 ^ clkbuf_4_11_0_clk/X (sky130_fd_sc_hd__clkbuf_8)
                                                         clknet_4_11_0_clk (net)
                      0.112639    0.002192    1.833833 ^ clkbuf_5_22__f_clk/A (sky130_fd_sc_hd__clkbuf_16)
    10    0.079468    0.147388    0.312470    2.146304 ^ clkbuf_5_22__f_clk/X (sky130_fd_sc_hd__clkbuf_16)
                                                         clknet_5_22__leaf_clk (net)
                      0.147413    0.001953    2.148257 ^ clkbuf_leaf_163_clk/A (sky130_fd_sc_hd__clkbuf_8)
    10    0.030898    0.108883    0.296123    2.444379 ^ clkbuf_leaf_163_clk/X (sky130_fd_sc_hd__clkbuf_8)
                                                         clknet_leaf_163_clk (net)
                      0.108883    0.000222    2.444602 ^ _10634_/CLK (sky130_fd_sc_hd__dfrtp_2)
     5    0.016609    0.165449    0.793853    3.238455 ^ _10634_/Q (sky130_fd_sc_hd__dfrtp_2)
                                                         cpu_core.ex_mem_reg_inst.rd_addr_out[3] (net)
                      0.165449    0.000318    3.238773 ^ _05022_/A_N (sky130_fd_sc_hd__and2b_1)
     2    0.009110    0.116671    0.450037    3.688810 v _05022_/X (sky130_fd_sc_hd__and2b_1)
                                                         _01937_ (net)
                      0.116671    0.000109    3.688918 v _05025_/B1 (sky130_fd_sc_hd__a2111o_1)
     1    0.006344    0.142049    0.796248    4.485166 v _05025_/X (sky130_fd_sc_hd__a2111o_1)
                                                         _01940_ (net)
                      0.142049    0.000167    4.485333 v _05026_/A (sky130_fd_sc_hd__or4_4)
     2    0.031866    0.237245    1.219125    5.704458 v _05026_/X (sky130_fd_sc_hd__or4_4)
                                                         _01941_ (net)
                      0.237245    0.000794    5.705252 v fanout505/A (sky130_fd_sc_hd__buf_8)
     7    0.044819    0.080831    0.331429    6.036681 v fanout505/X (sky130_fd_sc_hd__buf_8)
                                                         net505 (net)
                      0.080831    0.000161    6.036841 v _05045_/A1 (sky130_fd_sc_hd__o21ai_4)
     3    0.042793    0.522588    0.514289    6.551130 ^ _05045_/Y (sky130_fd_sc_hd__o21ai_4)
                                                         _01960_ (net)
                      0.522589    0.000576    6.551706 ^ fanout408/A (sky130_fd_sc_hd__clkbuf_8)
    10    0.089515    0.253118    0.563615    7.115322 ^ fanout408/X (sky130_fd_sc_hd__clkbuf_8)
                                                         net408 (net)
                      0.253349    0.006972    7.122293 ^ _05237_/B1 (sky130_fd_sc_hd__o221a_4)
     8    0.254925    1.249331    1.250554    8.372848 ^ _05237_/X (sky130_fd_sc_hd__o221a_4)
                                                         dmem_din[5] (net)
                      1.250236    0.029190    8.402038 ^ _05238_/A1 (sky130_fd_sc_hd__mux2_1)
     2    0.009523    0.179863    0.656759    9.058797 ^ _05238_/X (sky130_fd_sc_hd__mux2_1)
                                                         _02138_ (net)
                      0.179863    0.000089    9.058886 ^ _05239_/B (sky130_fd_sc_hd__xnor2_1)
     3    0.009540    0.416906    0.310672    9.369557 ^ _05239_/Y (sky130_fd_sc_hd__xnor2_1)
                                                         _02139_ (net)
                      0.416906    0.000103    9.369660 ^ _05324_/B (sky130_fd_sc_hd__xnor2_1)
     3    0.010349    0.204417    0.333185    9.702845 v _05324_/Y (sky130_fd_sc_hd__xnor2_1)
                                                         _02219_ (net)
                      0.204417    0.000099    9.702944 v _05330_/B (sky130_fd_sc_hd__or2_1)
     1    0.004547    0.114855    0.534844   10.237788 v _05330_/X (sky130_fd_sc_hd__or2_1)
                                                         _02225_ (net)
                      0.114855    0.000080   10.237867 v _05331_/D (sky130_fd_sc_hd__or4_4)
     3    0.011888    0.178713    0.898500   11.136368 v _05331_/X (sky130_fd_sc_hd__or4_4)
                                                         _02226_ (net)
                      0.178713    0.000291   11.136659 v _05386_/A2 (sky130_fd_sc_hd__a21o_1)
     3    0.017513    0.171183    0.471679   11.608337 v _05386_/X (sky130_fd_sc_hd__a21o_1)
                                                         _02277_ (net)
                      0.171183    0.000494   11.608831 v _05391_/A2 (sky130_fd_sc_hd__o211ai_4)
     5    0.022643    0.375910    0.420520   12.029351 ^ _05391_/Y (sky130_fd_sc_hd__o211ai_4)
                                                         _02282_ (net)
                      0.375910    0.000544   12.029895 ^ _05561_/A1 (sky130_fd_sc_hd__a21oi_1)
     1    0.004592    0.148793    0.257014   12.286909 v _05561_/Y (sky130_fd_sc_hd__a21oi_1)
                                                         _02444_ (net)
                      0.148793    0.000039   12.286948 v _05562_/B (sky130_fd_sc_hd__xnor2_1)
     2    0.012718    0.508713    0.492636   12.779584 ^ _05562_/Y (sky130_fd_sc_hd__xnor2_1)
                                                         _02445_ (net)
                      0.508713    0.000357   12.779941 ^ _05584_/C (sky130_fd_sc_hd__and4_1)
     1    0.003502    0.111574    0.525855   13.305796 ^ _05584_/X (sky130_fd_sc_hd__and4_1)
                                                         _02467_ (net)
                      0.111574    0.000055   13.305851 ^ _05585_/D_N (sky130_fd_sc_hd__or4bb_4)
     1    0.013019    0.182616    0.979492   14.285343 v _05585_/X (sky130_fd_sc_hd__or4bb_4)
                                                         _02468_ (net)
                      0.182616    0.000601   14.285944 v _05586_/A_N (sky130_fd_sc_hd__and4b_1)
     1    0.006971    0.158422    0.600513   14.886457 ^ _05586_/X (sky130_fd_sc_hd__and4b_1)
                                                         _02469_ (net)
                      0.158422    0.000168   14.886625 ^ _05587_/C (sky130_fd_sc_hd__and4_4)
     2    0.030975    0.218091    0.658776   15.545402 ^ _05587_/X (sky130_fd_sc_hd__and4_4)
                                                         _02470_ (net)
                      0.218119    0.002522   15.547924 ^ _05665_/A3 (sky130_fd_sc_hd__o311ai_4)
     1    0.010327    0.184650    0.235456   15.783381 v _05665_/Y (sky130_fd_sc_hd__o311ai_4)
                                                         _02548_ (net)
                      0.184650    0.000137   15.783517 v _05667_/A2 (sky130_fd_sc_hd__a21oi_4)
     5    0.030453    0.387813    0.464919   16.248436 ^ _05667_/Y (sky130_fd_sc_hd__a21oi_4)
                                                         _02550_ (net)
                      0.387814    0.000652   16.249088 ^ _06771_/A (sky130_fd_sc_hd__nand2_8)
     6    0.229961    0.566822    0.520624   16.769711 v _06771_/Y (sky130_fd_sc_hd__nand2_8)
                                                         _00189_ (net)
                      0.566840    0.003126   16.772839 v _06772_/A (sky130_fd_sc_hd__inv_12)
     2    0.079692    0.211665    0.368269   17.141108 ^ _06772_/Y (sky130_fd_sc_hd__inv_12)
                                                         net139 (net)
                      0.211726    0.003448   17.144554 ^ output139/A (sky130_fd_sc_hd__buf_8)
     1    0.034618    0.105659    0.268667   17.413221 ^ output139/X (sky130_fd_sc_hd__buf_8)
                                                         dbg_dmem_we (net)
                      0.105659    0.000458   17.413679 ^ dbg_dmem_we (out)
                                             17.413679   data arrival time

                                 20.000000   20.000000   clock clk (rise edge)
                                  0.000000   20.000000   clock network delay (propagated)
                                 -0.250000   19.750002   clock uncertainty
                                  0.000000   19.750002   clock reconvergence pessimism
                                 -4.000000   15.750001   output external delay
                                             15.750001   data required time
---------------------------------------------------------------------------------------------
                                             15.750001   data required time
                                            -17.413679   data arrival time
---------------------------------------------------------------------------------------------
                                             -1.663679   slack (VIOLATED)




===========================================================================
 report_check_types -max_slew -max_cap -max_fanout -violators
============================================================================
======================= min_ss_100C_1v60 Corner ===================================

max slew

Pin                                        Limit        Slew       Slack
------------------------------------------------------------------------
dmem_sram/din0[4]                       1.500000    4.860009   -3.360009 (VIOLATED)
dmem_sram/din0[6]                       1.500000    4.733926   -3.233926 (VIOLATED)
dmem_sram/din0[0]                       1.500000    4.146180   -2.646180 (VIOLATED)
dmem_sram/din0[2]                       1.500000    4.057172   -2.557173 (VIOLATED)
rebuffer5/X                             1.499758    3.644665   -2.144907 (VIOLATED)
dmem_sram/din0[3]                       1.500000    3.628120   -2.128120 (VIOLATED)
rebuffer8/X                             1.499758    3.550057   -2.050299 (VIOLATED)
rebuffer1/X                             1.499758    3.104556   -1.604798 (VIOLATED)
rebuffer2/X                             1.499758    3.033962   -1.534204 (VIOLATED)
dmem_sram/wmask0[3]                     1.500000    3.022804   -1.522804 (VIOLATED)
rebuffer6/X                             1.499758    2.720803   -1.221045 (VIOLATED)
dmem_sram/wmask0[2]                     1.500000    2.593135   -1.093135 (VIOLATED)
_06782_/Y                               1.497941    2.266804   -0.768863 (VIOLATED)
_06781_/Y                               1.497941    1.936084   -0.438143 (VIOLATED)
dmem_sram/din0[7]                       1.500000    1.856622   -0.356622 (VIOLATED)
dmem_sram/din0[5]                       1.500000    1.707313   -0.207313 (VIOLATED)
dmem_sram/din0[1]                       1.500000    1.646517   -0.146517 (VIOLATED)
imem_sram/addr1[6]                      1.500000    1.593637   -0.093638 (VIOLATED)
dmem_sram/addr0[6]                      1.500000    1.583124   -0.083124 (VIOLATED)
imem_sram/addr1[7]                      1.500000    1.569851   -0.069851 (VIOLATED)
wire929/A                               1.500000    1.550556   -0.050556 (VIOLATED)
ANTENNA_355/DIODE                       1.500000    1.550554   -0.050554 (VIOLATED)
wire930/X                               1.500000    1.542367   -0.042367 (VIOLATED)
wire923/A                               1.500000    1.525710   -0.025710 (VIOLATED)
wire924/X                               1.500000    1.516850   -0.016850 (VIOLATED)
imem_sram/addr1[3]                      1.500000    1.509866   -0.009866 (VIOLATED)

max fanout

Pin                                   Limit Fanout  Slack
---------------------------------------------------------
max_cap261/X                             10     16     -6 (VIOLATED)
max_cap1148/X                            10     15     -5 (VIOLATED)
_06651_/X                                10     13     -3 (VIOLATED)
_06684_/X                                10     13     -3 (VIOLATED)
fanout415/X                              10     13     -3 (VIOLATED)
clkbuf_5_16__f_clk/X                     10     12     -2 (VIOLATED)
clkbuf_5_17__f_clk/X                     10     12     -2 (VIOLATED)
clkbuf_leaf_170_clk/X                    10     12     -2 (VIOLATED)
clkbuf_leaf_176_clk/X                    10     12     -2 (VIOLATED)
clkbuf_leaf_17_clk/X                     10     12     -2 (VIOLATED)
clkbuf_leaf_34_clk/X                     10     12     -2 (VIOLATED)
clkbuf_leaf_77_clk/X                     10     12     -2 (VIOLATED)
fanout1059/X                             10     12     -2 (VIOLATED)
fanout346/X                              10     12     -2 (VIOLATED)
wire957/X                                10     12     -2 (VIOLATED)
_06665_/X                                10     11        (VIOLATED)
clkbuf_5_6__f_clk/X                      10     11        (VIOLATED)
clkbuf_leaf_108_clk/X                    10     11        (VIOLATED)
clkbuf_leaf_118_clk/X                    10     11        (VIOLATED)
clkbuf_leaf_123_clk/X                    10     11        (VIOLATED)
clkbuf_leaf_179_clk/X                    10     11        (VIOLATED)
clkbuf_leaf_188_clk/X                    10     11        (VIOLATED)
clkbuf_leaf_216_clk/X                    10     11        (VIOLATED)
clkbuf_leaf_28_clk/X                     10     11        (VIOLATED)
clkbuf_leaf_30_clk/X                     10     11        (VIOLATED)
clkbuf_leaf_38_clk/X                     10     11        (VIOLATED)
clkbuf_leaf_97_clk/X                     10     11        (VIOLATED)
fanout1061/X                             10     11        (VIOLATED)
fanout1159/X                             10     11        (VIOLATED)
fanout204/X                              10     11        (VIOLATED)
fanout358/X                              10     11        (VIOLATED)
fanout361/X                              10     11        (VIOLATED)
fanout375/X                              10     11        (VIOLATED)
fanout387/X                              10     11        (VIOLATED)
fanout391/X                              10     11        (VIOLATED)
fanout393/X                              10     11        (VIOLATED)
fanout399/X                              10     11        (VIOLATED)
fanout403/X                              10     11        (VIOLATED)
fanout452/X                              10     11        (VIOLATED)
fanout454/X                              10     11        (VIOLATED)
fanout470/X                              10     11        (VIOLATED)
fanout474/X                              10     11        (VIOLATED)
fanout478/X                              10     11        (VIOLATED)
fanout493/X                              10     11        (VIOLATED)
fanout509/X                              10     11        (VIOLATED)
fanout529/X                              10     11        (VIOLATED)
fanout571/X                              10     11        (VIOLATED)
fanout695/X                              10     11        (VIOLATED)
fanout698/X                              10     11        (VIOLATED)
fanout747/X                              10     11        (VIOLATED)
fanout753/X                              10     11        (VIOLATED)

max capacitance

Pin                                        Limit         Cap       Slack
------------------------------------------------------------------------
rebuffer5/X                             0.102549    0.252005   -0.149456 (VIOLATED)
dmem_sram/dout0[7]                      0.027560    0.171979   -0.144419 (VIOLATED)
rebuffer8/X                             0.102549    0.246047   -0.143498 (VIOLATED)
rebuffer1/X                             0.102549    0.215647   -0.113098 (VIOLATED)
rebuffer2/X                             0.102549    0.209062   -0.106513 (VIOLATED)
rebuffer6/X                             0.102549    0.187848   -0.085299 (VIOLATED)
_06782_/Y                               0.137339    0.215587   -0.078248 (VIOLATED)
_05211_/X                               0.200000    0.277465   -0.077465 (VIOLATED)
_11308_/Q                               0.200000    0.273363   -0.073363 (VIOLATED)
_11309_/Q                               0.200000    0.268798   -0.068798 (VIOLATED)
_06805_/X                               0.200000    0.260296   -0.060296 (VIOLATED)
_05292_/X                               0.200000    0.257044   -0.057044 (VIOLATED)
_11305_/Q                               0.200000    0.255319   -0.055319 (VIOLATED)
_05237_/X                               0.200000    0.254925   -0.054925 (VIOLATED)
_11307_/Q                               0.200000    0.254780   -0.054780 (VIOLATED)
_06784_/X                               0.200000    0.254439   -0.054439 (VIOLATED)
_06803_/X                               0.200000    0.244887   -0.044887 (VIOLATED)
_06781_/Y                               0.137339    0.181425   -0.044086 (VIOLATED)
_06802_/X                               0.200000    0.242164   -0.042164 (VIOLATED)
_06651_/X                               0.200000    0.241392   -0.041392 (VIOLATED)
_06790_/X                               0.200000    0.241358   -0.041358 (VIOLATED)
_06786_/X                               0.200000    0.240991   -0.040991 (VIOLATED)
_06799_/X                               0.200000    0.239613   -0.039613 (VIOLATED)
_06684_/X                               0.200000    0.238768   -0.038768 (VIOLATED)
_06796_/X                               0.200000    0.235373   -0.035373 (VIOLATED)
_06665_/X                               0.200000    0.233412   -0.033412 (VIOLATED)
_06771_/Y                               0.200000    0.232656   -0.032656 (VIOLATED)
_06798_/X                               0.200000    0.231728   -0.031728 (VIOLATED)
wire921/X                               0.200000    0.230012   -0.030012 (VIOLATED)
_06788_/X                               0.200000    0.228815   -0.028815 (VIOLATED)
max_cap1148/X                           0.200000    0.223282   -0.023282 (VIOLATED)
_06792_/X                               0.200000    0.220487   -0.020487 (VIOLATED)
max_cap261/X                            0.200000    0.217687   -0.017687 (VIOLATED)
_06794_/X                               0.200000    0.216220   -0.016220 (VIOLATED)
_06810_/X                               0.200000    0.216055   -0.016055 (VIOLATED)
_06698_/X                               0.200000    0.212589   -0.012589 (VIOLATED)
_06813_/X                               0.200000    0.207459   -0.007459 (VIOLATED)
wire948/X                               0.200000    0.206551   -0.006551 (VIOLATED)
wire930/X                               0.181284    0.186116   -0.004832 (VIOLATED)
_06804_/X                               0.200000    0.203676   -0.003676 (VIOLATED)
_06809_/X                               0.200000    0.203311   -0.003311 (VIOLATED)
max_cap1147/X                           0.200000    0.203291   -0.003291 (VIOLATED)
imem_sram/dout1[4]                      0.027560    0.029980   -0.002420 (VIOLATED)
wire924/X                               0.181284    0.182915   -0.001631 (VIOLATED)



===========================================================================
report_parasitic_annotation -report_unannotated
============================================================================
Found 269 unannotated drivers.
 clkload0/Y
 clkload1/Y
 clkload10/Y
 clkload100/Y
 clkload101/X
 clkload102/Y
 clkload103/Y
 clkload104/Y
 clkload105/Y
 clkload106/Y
 clkload107/Y
 clkload108/Y
 clkload109/Y
 clkload11/Y
 clkload110/Y
 clkload111/X
 clkload112/Y
 clkload113/Y
 clkload114/Y
 clkload115/Y
 clkload116/Y
 clkload117/Y
 clkload118/Y
 clkload119/Y
 clkload12/Y
 clkload120/Y
 clkload121/X
 clkload122/Y
 clkload123/Y
 clkload124/X
 clkload125/X
 clkload126/X
 clkload127/Y
 clkload128/Y
 clkload129/Y
 clkload13/Y
 clkload130/Y
 clkload131/Y
 clkload132/Y
 clkload133/X
 clkload134/Y
 clkload135/X
 clkload136/Y
 clkload137/Y
 clkload138/Y
 clkload139/Y
 clkload14/X
 clkload140/X
 clkload141/Y
 clkload142/Y
 clkload143/Y
 clkload144/X
 clkload145/Y
 clkload146/X
 clkload147/Y
 clkload148/Y
 clkload149/Y
 clkload15/X
 clkload150/Y
 clkload151/Y
 clkload152/Y
 clkload153/Y
 clkload154/X
 clkload155/Y
 clkload156/Y
 clkload157/Y
 clkload158/Y
 clkload159/X
 clkload16/X
 clkload160/Y
 clkload161/Y
 clkload162/X
 clkload163/X
 clkload164/Y
 clkload165/X
 clkload166/Y
 clkload167/Y
 clkload168/X
 clkload169/Y
 clkload17/X
 clkload170/Y
 clkload171/X
 clkload172/X
 clkload173/Y
 clkload174/Y
 clkload175/Y
 clkload176/Y
 clkload177/Y
 clkload178/Y
 clkload179/X
 clkload18/X
 clkload180/X
 clkload181/Y
 clkload182/Y
 clkload183/X
 clkload184/X
 clkload185/Y
 clkload186/Y
 clkload187/Y
 clkload188/Y
 clkload189/Y
 clkload19/Y
 clkload190/X
 clkload2/Y
 clkload20/Y
 clkload21/Y
 clkload22/Y
 clkload23/Y
 clkload24/X
 clkload25/X
 clkload26/X
 clkload27/X
 clkload28/X
 clkload29/X
 clkload3/Y
 clkload30/X
 clkload31/Y
 clkload32/Y
 clkload33/X
 clkload34/Y
 clkload35/Y
 clkload36/Y
 clkload37/Y
 clkload38/Y
 clkload39/Y
 clkload4/Y
 clkload40/Y
 clkload41/Y
 clkload42/Y
 clkload43/Y
 clkload44/Y
 clkload45/Y
 clkload46/Y
 clkload47/Y
 clkload48/Y
 clkload49/Y
 clkload5/Y
 clkload50/Y
 clkload51/X
 clkload52/X
 clkload53/X
 clkload54/Y
 clkload55/Y
 clkload56/Y
 clkload57/X
 clkload58/X
 clkload59/X
 clkload6/Y
 clkload60/X
 clkload61/Y
 clkload62/Y
 clkload63/X
 clkload64/Y
 clkload65/X
 clkload66/Y
 clkload67/Y
 clkload68/Y
 clkload69/X
 clkload7/X
 clkload70/X
 clkload71/X
 clkload72/X
 clkload73/X
 clkload74/X
 clkload75/X
 clkload76/X
 clkload77/X
 clkload78/X
 clkload79/Y
 clkload8/Y
 clkload80/Y
 clkload81/X
 clkload82/Y
 clkload83/X
 clkload84/Y
 clkload85/X
 clkload86/Y
 clkload87/Y
 clkload88/Y
 clkload89/X
 clkload9/Y
 clkload90/X
 clkload91/Y
 clkload92/X
 clkload93/Y
 clkload94/X
 clkload95/X
 clkload96/Y
 clkload97/Y
 clkload98/Y
 clkload99/Y
 dmem_sram/dout1[0]
 dmem_sram/dout1[10]
 dmem_sram/dout1[11]
 dmem_sram/dout1[12]
 dmem_sram/dout1[13]
 dmem_sram/dout1[14]
 dmem_sram/dout1[15]
 dmem_sram/dout1[16]
 dmem_sram/dout1[17]
 dmem_sram/dout1[18]
 dmem_sram/dout1[19]
 dmem_sram/dout1[1]
 dmem_sram/dout1[20]
 dmem_sram/dout1[21]
 dmem_sram/dout1[22]
 dmem_sram/dout1[23]
 dmem_sram/dout1[24]
 dmem_sram/dout1[25]
 dmem_sram/dout1[26]
 dmem_sram/dout1[27]
 dmem_sram/dout1[28]
 dmem_sram/dout1[29]
 dmem_sram/dout1[2]
 dmem_sram/dout1[30]
 dmem_sram/dout1[31]
 dmem_sram/dout1[3]
 dmem_sram/dout1[4]
 dmem_sram/dout1[5]
 dmem_sram/dout1[6]
 dmem_sram/dout1[7]
 dmem_sram/dout1[8]
 dmem_sram/dout1[9]
 dmem_sram_1237/HI
 dmem_sram_1238/HI
 dmem_sram_1239/HI
 dmem_sram_1240/HI
 dmem_sram_1241/HI
 dmem_sram_1242/HI
 dmem_sram_1243/HI
 dmem_sram_1244/HI
 dmem_sram_1246/LO
 imem_sram/dout0[0]
 imem_sram/dout0[10]
 imem_sram/dout0[11]
 imem_sram/dout0[12]
 imem_sram/dout0[13]
 imem_sram/dout0[14]
 imem_sram/dout0[15]
 imem_sram/dout0[16]
 imem_sram/dout0[17]
 imem_sram/dout0[18]
 imem_sram/dout0[19]
 imem_sram/dout0[1]
 imem_sram/dout0[20]
 imem_sram/dout0[21]
 imem_sram/dout0[22]
 imem_sram/dout0[23]
 imem_sram/dout0[24]
 imem_sram/dout0[25]
 imem_sram/dout0[26]
 imem_sram/dout0[27]
 imem_sram/dout0[28]
 imem_sram/dout0[29]
 imem_sram/dout0[2]
 imem_sram/dout0[30]
 imem_sram/dout0[31]
 imem_sram/dout0[3]
 imem_sram/dout0[4]
 imem_sram/dout0[5]
 imem_sram/dout0[6]
 imem_sram/dout0[7]
 imem_sram/dout0[8]
 imem_sram/dout0[9]
 imem_sram_1245/HI
 imem_sram_1247/LO
 imem_sram_1248/LO
 imem_sram_1249/LO
 imem_sram_1250/LO
Found 0 partially unannotated drivers.

===========================================================================
max slew violation count 26
max fanout violation count 51
max cap violation count 44
============================================================================

===========================================================================
check_setup -verbose -unconstrained_endpoints -multiple_clock -no_clock -no_input_delay -loops -generated_clocks
===========================================================================
Warning: There are 14 unconstrained endpoints.
  dmem_sram/addr1[0]
  dmem_sram/addr1[1]
  dmem_sram/addr1[2]
  dmem_sram/addr1[3]
  dmem_sram/addr1[4]
  dmem_sram/addr1[5]
  dmem_sram/addr1[6]
  dmem_sram/addr1[7]
  dmem_sram/csb1
  imem_sram/csb1
  imem_sram/wmask0[0]
  imem_sram/wmask0[1]
  imem_sram/wmask0[2]
  imem_sram/wmask0[3]
