Clock: clk
Sources: clk 
Generated: no
Virtual: yes
Propagated: no
Period: 20.000000

===========================================================================
report_clock_properties
============================================================================
Clock                   Period          Waveform
----------------------------------------------------
clk                  20.000000    0.000000 10.000000

===========================================================================
report_clock_latency
============================================================================
Clock clk
rise -> rise
    min     max
0.000000 0.000000 source latency
2.090589         network latency dmem_sram/clk1
        2.520590 network latency _10252_/CLK
---------------
2.090589 2.520590 latency
        0.430001 skew

fall -> fall
    min     max
0.000000 0.000000 source latency
1.791385         network latency dmem_sram/clk1
        2.181174 network latency _10252_/CLK
---------------
1.791385 2.181174 latency
        0.389789 skew



===========================================================================
report_clock_min_period
============================================================================
clk period_min = 18.39 fmax = 54.39
