
===========================================================================
 report_power
============================================================================
======================= nom_ff_n40C_1v95 Corner ===================================

Group                    Internal    Switching      Leakage        Total
                            Power        Power        Power        Power (Watts)
------------------------------------------------------------------------
Sequential           3.536407e-03 0.000000e+00 2.492738e-08 3.536432e-03  30.2%
Combinational        2.506508e-05 8.013070e-05 9.006694e-08 1.052859e-04   0.9%
Clock                2.283965e-03 1.898359e-03 7.233374e-08 4.182396e-03  35.8%
Macro                3.835787e-03 0.000000e+00 3.806400e-05 3.873851e-03  33.1%
Pad                  0.000000e+00 0.000000e+00 0.000000e+00 0.000000e+00   0.0%
------------------------------------------------------------------------
Total                9.681222e-03 1.978490e-03 3.825127e-05 1.169796e-02 100.0%
                            82.8%        16.9%         0.3%

