
31. Executing PROC_DLATCH pass (convert process syncs to latches).
No latch inferred for signal `\soc_top.\dmem_rdata_comb' from process `\soc_top.$proc$/home/tuan-23521721/workspace/riscv_ol2/src/top/soc_top.v:160$45'.
No latch inferred for signal `\alu.\result' from process `\alu.$proc$/home/tuan-23521721/workspace/riscv_ol2/src/core/alu.v:63$260'.
No latch inferred for signal `\control.\reg_write' from process `\control.$proc$/home/tuan-23521721/workspace/riscv_ol2/src/core/control.v:35$241'.
No latch inferred for signal `\control.\mem_read' from process `\control.$proc$/home/tuan-23521721/workspace/riscv_ol2/src/core/control.v:35$241'.
No latch inferred for signal `\control.\mem_write' from process `\control.$proc$/home/tuan-23521721/workspace/riscv_ol2/src/core/control.v:35$241'.
No latch inferred for signal `\control.\mem_to_reg' from process `\control.$proc$/home/tuan-23521721/workspace/riscv_ol2/src/core/control.v:35$241'.
No latch inferred for signal `\control.\alu_src' from process `\control.$proc$/home/tuan-23521721/workspace/riscv_ol2/src/core/control.v:35$241'.
No latch inferred for signal `\control.\branch' from process `\control.$proc$/home/tuan-23521721/workspace/riscv_ol2/src/core/control.v:35$241'.
No latch inferred for signal `\control.\jump' from process `\control.$proc$/home/tuan-23521721/workspace/riscv_ol2/src/core/control.v:35$241'.
No latch inferred for signal `\control.\lui' from process `\control.$proc$/home/tuan-23521721/workspace/riscv_ol2/src/core/control.v:35$241'.
No latch inferred for signal `\control.\auipc' from process `\control.$proc$/home/tuan-23521721/workspace/riscv_ol2/src/core/control.v:35$241'.
No latch inferred for signal `\control.\is_jalr' from process `\control.$proc$/home/tuan-23521721/workspace/riscv_ol2/src/core/control.v:35$241'.
No latch inferred for signal `\control.\alu_op' from process `\control.$proc$/home/tuan-23521721/workspace/riscv_ol2/src/core/control.v:35$241'.
No latch inferred for signal `\imm_gen.\imm_out' from process `\imm_gen.$proc$/home/tuan-23521721/workspace/riscv_ol2/src/core/imm_gen.v:17$240'.
No latch inferred for signal `\regfile.\i' from process `\regfile.$proc$/home/tuan-23521721/workspace/riscv_ol2/src/core/regfile.v:0$207'.
No latch inferred for signal `\regfile.$memwr$\regs$/home/tuan-23521721/workspace/riscv_ol2/src/core/regfile.v:25$121_EN' from process `\regfile.$proc$/home/tuan-23521721/workspace/riscv_ol2/src/core/regfile.v:0$207'.
No latch inferred for signal `\regfile.$memwr$\regs$/home/tuan-23521721/workspace/riscv_ol2/src/core/regfile.v:25$122_EN' from process `\regfile.$proc$/home/tuan-23521721/workspace/riscv_ol2/src/core/regfile.v:0$207'.
No latch inferred for signal `\regfile.$memwr$\regs$/home/tuan-23521721/workspace/riscv_ol2/src/core/regfile.v:25$123_EN' from process `\regfile.$proc$/home/tuan-23521721/workspace/riscv_ol2/src/core/regfile.v:0$207'.
No latch inferred for signal `\regfile.$memwr$\regs$/home/tuan-23521721/workspace/riscv_ol2/src/core/regfile.v:25$124_EN' from process `\regfile.$proc$/home/tuan-23521721/workspace/riscv_ol2/src/core/regfile.v:0$207'.
No latch inferred for signal `\regfile.$memwr$\regs$/home/tuan-23521721/workspace/riscv_ol2/src/core/regfile.v:25$125_EN' from process `\regfile.$proc$/home/tuan-23521721/workspace/riscv_ol2/src/core/regfile.v:0$207'.
No latch inferred for signal `\regfile.$memwr$\regs$/home/tuan-23521721/workspace/riscv_ol2/src/core/regfile.v:25$126_EN' from process `\regfile.$proc$/home/tuan-23521721/workspace/riscv_ol2/src/core/regfile.v:0$207'.
No latch inferred for signal `\regfile.$memwr$\regs$/home/tuan-23521721/workspace/riscv_ol2/src/core/regfile.v:25$127_EN' from process `\regfile.$proc$/home/tuan-23521721/workspace/riscv_ol2/src/core/regfile.v:0$207'.
No latch inferred for signal `\regfile.$memwr$\regs$/home/tuan-23521721/workspace/riscv_ol2/src/core/regfile.v:25$128_EN' from process `\regfile.$proc$/home/tuan-23521721/workspace/riscv_ol2/src/core/regfile.v:0$207'.
No latch inferred for signal `\regfile.$memwr$\regs$/home/tuan-23521721/workspace/riscv_ol2/src/core/regfile.v:25$129_EN' from process `\regfile.$proc$/home/tuan-23521721/workspace/riscv_ol2/src/core/regfile.v:0$207'.
No latch inferred for signal `\regfile.$memwr$\regs$/home/tuan-23521721/workspace/riscv_ol2/src/core/regfile.v:25$130_EN' from process `\regfile.$proc$/home/tuan-23521721/workspace/riscv_ol2/src/core/regfile.v:0$207'.
No latch inferred for signal `\regfile.$memwr$\regs$/home/tuan-23521721/workspace/riscv_ol2/src/core/regfile.v:25$131_EN' from process `\regfile.$proc$/home/tuan-23521721/workspace/riscv_ol2/src/core/regfile.v:0$207'.
No latch inferred for signal `\regfile.$memwr$\regs$/home/tuan-23521721/workspace/riscv_ol2/src/core/regfile.v:25$132_EN' from process `\regfile.$proc$/home/tuan-23521721/workspace/riscv_ol2/src/core/regfile.v:0$207'.
No latch inferred for signal `\regfile.$memwr$\regs$/home/tuan-23521721/workspace/riscv_ol2/src/core/regfile.v:25$133_EN' from process `\regfile.$proc$/home/tuan-23521721/workspace/riscv_ol2/src/core/regfile.v:0$207'.
No latch inferred for signal `\regfile.$memwr$\regs$/home/tuan-23521721/workspace/riscv_ol2/src/core/regfile.v:25$134_EN' from process `\regfile.$proc$/home/tuan-23521721/workspace/riscv_ol2/src/core/regfile.v:0$207'.
No latch inferred for signal `\regfile.$memwr$\regs$/home/tuan-23521721/workspace/riscv_ol2/src/core/regfile.v:25$135_EN' from process `\regfile.$proc$/home/tuan-23521721/workspace/riscv_ol2/src/core/regfile.v:0$207'.
No latch inferred for signal `\regfile.$memwr$\regs$/home/tuan-23521721/workspace/riscv_ol2/src/core/regfile.v:25$136_EN' from process `\regfile.$proc$/home/tuan-23521721/workspace/riscv_ol2/src/core/regfile.v:0$207'.
No latch inferred for signal `\regfile.$memwr$\regs$/home/tuan-23521721/workspace/riscv_ol2/src/core/regfile.v:25$137_EN' from process `\regfile.$proc$/home/tuan-23521721/workspace/riscv_ol2/src/core/regfile.v:0$207'.
No latch inferred for signal `\regfile.$memwr$\regs$/home/tuan-23521721/workspace/riscv_ol2/src/core/regfile.v:25$138_EN' from process `\regfile.$proc$/home/tuan-23521721/workspace/riscv_ol2/src/core/regfile.v:0$207'.
No latch inferred for signal `\regfile.$memwr$\regs$/home/tuan-23521721/workspace/riscv_ol2/src/core/regfile.v:25$139_EN' from process `\regfile.$proc$/home/tuan-23521721/workspace/riscv_ol2/src/core/regfile.v:0$207'.
No latch inferred for signal `\regfile.$memwr$\regs$/home/tuan-23521721/workspace/riscv_ol2/src/core/regfile.v:25$140_EN' from process `\regfile.$proc$/home/tuan-23521721/workspace/riscv_ol2/src/core/regfile.v:0$207'.
No latch inferred for signal `\regfile.$memwr$\regs$/home/tuan-23521721/workspace/riscv_ol2/src/core/regfile.v:25$141_EN' from process `\regfile.$proc$/home/tuan-23521721/workspace/riscv_ol2/src/core/regfile.v:0$207'.
No latch inferred for signal `\regfile.$memwr$\regs$/home/tuan-23521721/workspace/riscv_ol2/src/core/regfile.v:25$142_EN' from process `\regfile.$proc$/home/tuan-23521721/workspace/riscv_ol2/src/core/regfile.v:0$207'.
No latch inferred for signal `\regfile.$memwr$\regs$/home/tuan-23521721/workspace/riscv_ol2/src/core/regfile.v:25$143_EN' from process `\regfile.$proc$/home/tuan-23521721/workspace/riscv_ol2/src/core/regfile.v:0$207'.
No latch inferred for signal `\regfile.$memwr$\regs$/home/tuan-23521721/workspace/riscv_ol2/src/core/regfile.v:25$144_EN' from process `\regfile.$proc$/home/tuan-23521721/workspace/riscv_ol2/src/core/regfile.v:0$207'.
No latch inferred for signal `\regfile.$memwr$\regs$/home/tuan-23521721/workspace/riscv_ol2/src/core/regfile.v:25$145_EN' from process `\regfile.$proc$/home/tuan-23521721/workspace/riscv_ol2/src/core/regfile.v:0$207'.
No latch inferred for signal `\regfile.$memwr$\regs$/home/tuan-23521721/workspace/riscv_ol2/src/core/regfile.v:25$146_EN' from process `\regfile.$proc$/home/tuan-23521721/workspace/riscv_ol2/src/core/regfile.v:0$207'.
No latch inferred for signal `\regfile.$memwr$\regs$/home/tuan-23521721/workspace/riscv_ol2/src/core/regfile.v:25$147_EN' from process `\regfile.$proc$/home/tuan-23521721/workspace/riscv_ol2/src/core/regfile.v:0$207'.
No latch inferred for signal `\regfile.$memwr$\regs$/home/tuan-23521721/workspace/riscv_ol2/src/core/regfile.v:25$148_EN' from process `\regfile.$proc$/home/tuan-23521721/workspace/riscv_ol2/src/core/regfile.v:0$207'.
No latch inferred for signal `\regfile.$memwr$\regs$/home/tuan-23521721/workspace/riscv_ol2/src/core/regfile.v:25$149_EN' from process `\regfile.$proc$/home/tuan-23521721/workspace/riscv_ol2/src/core/regfile.v:0$207'.
No latch inferred for signal `\regfile.$memwr$\regs$/home/tuan-23521721/workspace/riscv_ol2/src/core/regfile.v:25$150_EN' from process `\regfile.$proc$/home/tuan-23521721/workspace/riscv_ol2/src/core/regfile.v:0$207'.
No latch inferred for signal `\regfile.$memwr$\regs$/home/tuan-23521721/workspace/riscv_ol2/src/core/regfile.v:25$151_EN' from process `\regfile.$proc$/home/tuan-23521721/workspace/riscv_ol2/src/core/regfile.v:0$207'.
No latch inferred for signal `\regfile.$memwr$\regs$/home/tuan-23521721/workspace/riscv_ol2/src/core/regfile.v:25$152_EN' from process `\regfile.$proc$/home/tuan-23521721/workspace/riscv_ol2/src/core/regfile.v:0$207'.
No latch inferred for signal `\forward.\forward_b' from process `\forward.$proc$/home/tuan-23521721/workspace/riscv_ol2/src/core/forward.v:43$75'.
No latch inferred for signal `\forward.\forward_a' from process `\forward.$proc$/home/tuan-23521721/workspace/riscv_ol2/src/core/forward.v:34$66'.
No latch inferred for signal `\alu_control.\alu_ctrl' from process `\alu_control.$proc$/home/tuan-23521721/workspace/riscv_ol2/src/core/alu_control.v:21$268'.
