
===========================================================================
 report_power
============================================================================
======================= nom_tt_025C_1v80 Corner ===================================

Group                    Internal    Switching      Leakage        Total
                            Power        Power        Power        Power (Watts)
------------------------------------------------------------------------
Sequential           3.043679e-03 0.000000e+00 1.476201e-08 3.043693e-03  29.7%
Combinational        2.075820e-05 5.276345e-05 3.254145e-08 7.355418e-05   0.7%
Clock                1.996272e-03 1.259565e-03 6.829640e-09 3.255843e-03  31.8%
Macro                3.835787e-03 0.000000e+00 3.806400e-05 3.873851e-03  37.8%
Pad                  0.000000e+00 0.000000e+00 0.000000e+00 0.000000e+00   0.0%
------------------------------------------------------------------------
Total                8.896503e-03 1.312328e-03 3.811885e-05 1.024695e-02 100.0%
                            86.8%        12.8%         0.4%
Writing metric power__internal__total: 0.008896502666175365
Writing metric power__switching__total: 0.0013123282697051764
Writing metric power__leakage__total: 3.8118847442092374e-5
Writing metric power__total: 0.010246950201690197

