
===========================================================================
 report_power
============================================================================
======================= nom_ss_100C_1v60 Corner ===================================

Group                    Internal    Switching      Leakage        Total
                            Power        Power        Power        Power (Watts)
------------------------------------------------------------------------
Sequential           2.493836e-03 0.000000e+00 2.462276e-05 2.518459e-03  39.2%
Combinational        4.296822e-07 1.763840e-07 2.964301e-05 3.024908e-05   0.5%
Clock                0.000000e+00 0.000000e+00 0.000000e+00 0.000000e+00   0.0%
Macro                3.835787e-03 0.000000e+00 3.806400e-05 3.873851e-03  60.3%
Pad                  0.000000e+00 0.000000e+00 0.000000e+00 0.000000e+00   0.0%
------------------------------------------------------------------------
Total                6.330052e-03 1.763840e-07 9.232950e-05 6.422558e-03 100.0%
                            98.6%         0.0%         1.4%

