┏━━━━━━━━━━━━━━━━━━━━━━┳━━━━━━━━━━┳━━━━━━━━━━┳━━━━━━━━━━┳━━━━━━━━━━┳━━━━━━━━━━━┳━━━━━━━━━━┳━━━━━━━━━━━┳━━━━━━━━━━┳━━━━━━━━━━━┳━━━━━━━━━━┳━━━━━━━━━━━┳━━━━━━━━━━┓
┃                      ┃ Hold     ┃ Reg to   ┃          ┃          ┃ of which  ┃ Setup    ┃           ┃          ┃           ┃ of which ┃           ┃          ┃
┃                      ┃ Worst    ┃ Reg      ┃          ┃ Hold Vio ┃ reg to    ┃ Worst    ┃ Reg to    ┃ Setup    ┃ Setup Vio ┃ reg to   ┃ Max Cap   ┃ Max Slew ┃
┃ Corner/Group         ┃ Slack    ┃ Paths    ┃ Hold TNS ┃ Count    ┃ reg       ┃ Slack    ┃ Reg Paths ┃ TNS      ┃ Count     ┃ reg      ┃ Violatio… ┃ Violati… ┃
┡━━━━━━━━━━━━━━━━━━━━━━╇━━━━━━━━━━╇━━━━━━━━━━╇━━━━━━━━━━╇━━━━━━━━━━╇━━━━━━━━━━━╇━━━━━━━━━━╇━━━━━━━━━━━╇━━━━━━━━━━╇━━━━━━━━━━━╇━━━━━━━━━━╇━━━━━━━━━━━╇━━━━━━━━━━┩
│ Overall              │ 0.2142   │ 0.2142   │ 0.0000   │ 0        │ 0         │ -3.0961  │ -3.0961   │ -436.48… │ 152       │ 152      │ 41        │ 3538     │
│ nom_tt_025C_1v80     │ 0.3484   │ 0.3484   │ 0.0000   │ 0        │ 0         │ 6.3367   │ 6.3367    │ 0.0000   │ 0         │ 0        │ 16        │ 2199     │
│ nom_ss_100C_1v60     │ 0.7184   │ 0.7184   │ 0.0000   │ 0        │ 0         │ -3.0961  │ -3.0961   │ -436.48… │ 152       │ 152      │ 41        │ 3538     │
│ nom_ff_n40C_1v95     │ 0.2142   │ 0.2142   │ 0.0000   │ 0        │ 0         │ 8.8077   │ 8.8077    │ 0.0000   │ 0         │ 0        │ 10        │ 1564     │
└──────────────────────┴──────────┴──────────┴──────────┴──────────┴───────────┴──────────┴───────────┴──────────┴───────────┴──────────┴───────────┴──────────┘
