
===========================================================================
 report_power
============================================================================
======================= nom_ff_n40C_1v95 Corner ===================================

Group                    Internal    Switching      Leakage        Total
                            Power        Power        Power        Power (Watts)
------------------------------------------------------------------------
Sequential           3.596997e-03 0.000000e+00 3.228770e-08 3.597029e-03  48.1%
Combinational        2.819095e-07 2.619923e-07 5.470804e-08 5.986097e-07   0.0%
Clock                0.000000e+00 0.000000e+00 0.000000e+00 0.000000e+00   0.0%
Macro                3.835787e-03 0.000000e+00 3.806400e-05 3.873851e-03  51.8%
Pad                  0.000000e+00 0.000000e+00 0.000000e+00 0.000000e+00   0.0%
------------------------------------------------------------------------
Total                7.433065e-03 2.619923e-07 3.815100e-05 7.471479e-03 100.0%
                            99.5%         0.0%         0.5%

