                                                                       Cells by Function                                                                        
┏━━━━━━━━━━━━━━━━━━━━━━━━━━━━━━━━━━━━━━━━━━━━━━━━━━━━━━━━━━━━━━━━━━━━━━━━━━━━━━━━━━━━━━━━━━━━━━━━━━━━━━━━━━━━━━━━━━━━━━━━━━━━━━━━━┳━━━━━━━━━━━━━━━━━━━━━━━━━━━━┓
┃ Cell Function                                                                                                                   ┃ Count                      ┃
┡━━━━━━━━━━━━━━━━━━━━━━━━━━━━━━━━━━━━━━━━━━━━━━━━━━━━━━━━━━━━━━━━━━━━━━━━━━━━━━━━━━━━━━━━━━━━━━━━━━━━━━━━━━━━━━━━━━━━━━━━━━━━━━━━━╇━━━━━━━━━━━━━━━━━━━━━━━━━━━━┩
│ sky130_ef_sc_hd__decap                                                                                                          │ 14692                      │
│ sky130_fd_sc_hd__a2111o                                                                                                         │ 1                          │
│ sky130_fd_sc_hd__a2111oi                                                                                                        │ 2                          │
│ sky130_fd_sc_hd__a211o                                                                                                          │ 147                        │
│ sky130_fd_sc_hd__a211oi                                                                                                         │ 13                         │
│ sky130_fd_sc_hd__a21bo                                                                                                          │ 9                          │
│ sky130_fd_sc_hd__a21boi                                                                                                         │ 6                          │
│ sky130_fd_sc_hd__a21o                                                                                                           │ 202                        │
│ sky130_fd_sc_hd__a21oi                                                                                                          │ 132                        │
│ sky130_fd_sc_hd__a221o                                                                                                          │ 80                         │
│ sky130_fd_sc_hd__a221oi                                                                                                         │ 21                         │
│ sky130_fd_sc_hd__a22o                                                                                                           │ 104                        │
│ sky130_fd_sc_hd__a22oi                                                                                                          │ 24                         │
│ sky130_fd_sc_hd__a2bb2o                                                                                                         │ 23                         │
│ sky130_fd_sc_hd__a2bb2oi                                                                                                        │ 10                         │
│ sky130_fd_sc_hd__a311o                                                                                                          │ 25                         │
│ sky130_fd_sc_hd__a311oi                                                                                                         │ 3                          │
│ sky130_fd_sc_hd__a31o                                                                                                           │ 108                        │
│ sky130_fd_sc_hd__a31oi                                                                                                          │ 41                         │
│ sky130_fd_sc_hd__a32o                                                                                                           │ 33                         │
│ sky130_fd_sc_hd__a32oi                                                                                                          │ 5                          │
│ sky130_fd_sc_hd__a41o                                                                                                           │ 27                         │
│ sky130_fd_sc_hd__a41oi                                                                                                          │ 7                          │
│ sky130_fd_sc_hd__and2                                                                                                           │ 69                         │
│ sky130_fd_sc_hd__and2b                                                                                                          │ 2                          │
│ sky130_fd_sc_hd__and3                                                                                                           │ 200                        │
│ sky130_fd_sc_hd__and3b                                                                                                          │ 37                         │
│ sky130_fd_sc_hd__and4                                                                                                           │ 62                         │
│ sky130_fd_sc_hd__and4b                                                                                                          │ 16                         │
│ sky130_fd_sc_hd__and4bb                                                                                                         │ 4                          │
│ sky130_fd_sc_hd__buf                                                                                                            │ 741                        │
│ sky130_fd_sc_hd__bufinv                                                                                                         │ 32                         │
│ sky130_fd_sc_hd__clkbuf                                                                                                         │ 898                        │
│ sky130_fd_sc_hd__clkinv                                                                                                         │ 56                         │
│ sky130_fd_sc_hd__clkinvlp                                                                                                       │ 11                         │
│ sky130_fd_sc_hd__conb                                                                                                           │ 14                         │
│ sky130_fd_sc_hd__decap                                                                                                          │ 10716                      │
│ sky130_fd_sc_hd__dfrtp                                                                                                          │ 490                        │
│ sky130_fd_sc_hd__dfxtp                                                                                                          │ 1030                       │
│ sky130_fd_sc_hd__diode                                                                                                          │ 352                        │
│ sky130_fd_sc_hd__dlymetal6s2s                                                                                                   │ 3                          │
│ sky130_fd_sc_hd__fill                                                                                                           │ 11063                      │
│ sky130_fd_sc_hd__inv                                                                                                            │ 619                        │
│ sky130_fd_sc_hd__mux2                                                                                                           │ 1267                       │
│ sky130_fd_sc_hd__mux4                                                                                                           │ 464                        │
│ sky130_fd_sc_hd__nand2                                                                                                          │ 188                        │
│ sky130_fd_sc_hd__nand2b                                                                                                         │ 15                         │
│ sky130_fd_sc_hd__nand3                                                                                                          │ 51                         │
│ sky130_fd_sc_hd__nand3b                                                                                                         │ 26                         │
│ sky130_fd_sc_hd__nand4                                                                                                          │ 61                         │
│ sky130_fd_sc_hd__nand4b                                                                                                         │ 11                         │
│ sky130_fd_sc_hd__nor2                                                                                                           │ 119                        │
│ sky130_fd_sc_hd__nor3                                                                                                           │ 13                         │
│ sky130_fd_sc_hd__nor3b                                                                                                          │ 3                          │
│ sky130_fd_sc_hd__nor4                                                                                                           │ 5                          │
│ sky130_fd_sc_hd__nor4b                                                                                                          │ 1                          │
│ sky130_fd_sc_hd__o2111a                                                                                                         │ 59                         │
│ sky130_fd_sc_hd__o2111ai                                                                                                        │ 46                         │
│ sky130_fd_sc_hd__o211a                                                                                                          │ 137                        │
│ sky130_fd_sc_hd__o211ai                                                                                                         │ 123                        │
│ sky130_fd_sc_hd__o21a                                                                                                           │ 56                         │
│ sky130_fd_sc_hd__o21ai                                                                                                          │ 165                        │
│ sky130_fd_sc_hd__o21ba                                                                                                          │ 36                         │
│ sky130_fd_sc_hd__o21bai                                                                                                         │ 16                         │
│ sky130_fd_sc_hd__o221a                                                                                                          │ 81                         │
│ sky130_fd_sc_hd__o221ai                                                                                                         │ 64                         │
│ sky130_fd_sc_hd__o22a                                                                                                           │ 62                         │
│ sky130_fd_sc_hd__o22ai                                                                                                          │ 17                         │
│ sky130_fd_sc_hd__o2bb2a                                                                                                         │ 34                         │
│ sky130_fd_sc_hd__o2bb2ai                                                                                                        │ 18                         │
│ sky130_fd_sc_hd__o311a                                                                                                          │ 29                         │
│ sky130_fd_sc_hd__o311ai                                                                                                         │ 5                          │
│ sky130_fd_sc_hd__o31a                                                                                                           │ 47                         │
│ sky130_fd_sc_hd__o31ai                                                                                                          │ 9                          │
│ sky130_fd_sc_hd__o32a                                                                                                           │ 14                         │
│ sky130_fd_sc_hd__o32ai                                                                                                          │ 3                          │
│ sky130_fd_sc_hd__o41a                                                                                                           │ 2                          │
│ sky130_fd_sc_hd__o41ai                                                                                                          │ 6                          │
│ sky130_fd_sc_hd__or2                                                                                                            │ 72                         │
│ sky130_fd_sc_hd__or3                                                                                                            │ 59                         │
│ sky130_fd_sc_hd__or3b                                                                                                           │ 43                         │
│ sky130_fd_sc_hd__or4                                                                                                            │ 28                         │
│ sky130_fd_sc_hd__or4b                                                                                                           │ 13                         │
│ sky130_fd_sc_hd__or4bb                                                                                                          │ 3                          │
│ sky130_fd_sc_hd__tapvpwrvgnd                                                                                                    │ 6135                       │
│ sky130_fd_sc_hd__xnor2                                                                                                          │ 10                         │
│ sky130_fd_sc_hd__xor2                                                                                                           │ 17                         │
└─────────────────────────────────────────────────────────────────────────────────────────────────────────────────────────────────┴────────────────────────────┘
