
===========================================================================
report_checks -unconstrained
===========================================================================
======================= nom_tt_025C_1v80 Corner ===================================

Startpoint: dmem_sram (falling edge-triggered flip-flop clocked by clk)
Endpoint: _12409_ (rising edge-triggered flip-flop clocked by clk)
Path Group: clk
Path Type: max

Fanout         Cap        Slew       Delay        Time   Description
---------------------------------------------------------------------------------------------
                                 10.000000   10.000000   clock clk (fall edge)
                                  0.000000   10.000000   clock source latency
     1    0.073576    0.000000    0.000000   10.000000 v clk (in)
                                                         clk (net)
                      0.018427    0.009213   10.009213 v clkbuf_0_clk/A (sky130_fd_sc_hd__clkbuf_16)
     4    0.076614    0.067639    0.166682   10.175895 v clkbuf_0_clk/X (sky130_fd_sc_hd__clkbuf_16)
                                                         clknet_0_clk (net)
                      0.068001    0.003717   10.179612 v clkbuf_2_0_0_clk/A (sky130_fd_sc_hd__clkbuf_8)
     4    0.059523    0.076317    0.190863   10.370476 v clkbuf_2_0_0_clk/X (sky130_fd_sc_hd__clkbuf_8)
                                                         clknet_2_0_0_clk (net)
                      0.076325    0.000877   10.371352 v clkbuf_4_0__f_clk/A (sky130_fd_sc_hd__clkbuf_16)
    10    0.110456    0.083968    0.212149   10.583502 v clkbuf_4_0__f_clk/X (sky130_fd_sc_hd__clkbuf_16)
                                                         clknet_4_0__leaf_clk (net)
                      0.112936    0.006191   10.589692 v dmem_sram/clk0 (sky130_sram_1kbyte_1rw1r_32x256_8)
     1    0.003353    0.002946    0.348149   10.937841 v dmem_sram/dout0[23] (sky130_sram_1kbyte_1rw1r_32x256_8)
                                                         dmem_dout[23] (net)
                      0.002210    0.000022   10.937863 v wire1074/A (sky130_fd_sc_hd__clkbuf_2)
     1    0.035663    0.137101    0.172584   11.110447 v wire1074/X (sky130_fd_sc_hd__clkbuf_2)
                                                         net1074 (net)
                      0.137297    0.004291   11.114738 v wire1073/A (sky130_fd_sc_hd__clkbuf_2)
     1    0.008428    0.042671    0.156382   11.271119 v wire1073/X (sky130_fd_sc_hd__clkbuf_2)
                                                         net1073 (net)
                      0.042671    0.000218   11.271338 v wire1072/A (sky130_fd_sc_hd__clkbuf_2)
     3    0.020750    0.084639    0.149885   11.421223 v wire1072/X (sky130_fd_sc_hd__clkbuf_2)
                                                         net1072 (net)
                      0.084657    0.001242   11.422464 v _07755_/A1 (sky130_fd_sc_hd__mux4_1)
     1    0.002892    0.086956    0.507784   11.930248 v _07755_/X (sky130_fd_sc_hd__mux4_1)
                                                         _03977_ (net)
                      0.086956    0.000010   11.930258 v _07756_/C_N (sky130_fd_sc_hd__nor3b_4)
     9    0.025758    0.081046    0.195753   12.126011 v _07756_/Y (sky130_fd_sc_hd__nor3b_4)
                                                         _03978_ (net)
                      0.081046    0.000062   12.126073 v _07774_/B1 (sky130_fd_sc_hd__a221o_1)
     2    0.011178    0.095078    0.350195   12.476268 v _07774_/X (sky130_fd_sc_hd__a221o_1)
                                                         _03988_ (net)
                      0.095078    0.000010   12.476277 v _07776_/C1 (sky130_fd_sc_hd__o211ai_4)
    16    0.048126    0.397182    0.192817   12.669095 ^ _07776_/Y (sky130_fd_sc_hd__o211ai_4)
                                                         _03989_ (net)
                      0.397182    0.000114   12.669209 ^ _07784_/B1_N (sky130_fd_sc_hd__o21ba_1)
     2    0.017651    0.100429    0.266605   12.935814 v _07784_/X (sky130_fd_sc_hd__o21ba_1)
                                                         net90 (net)
                      0.100429    0.000116   12.935930 v _12409_/D (sky130_fd_sc_hd__dfrtp_1)
                                             12.935930   data arrival time

                                 20.000000   20.000000   clock clk (rise edge)
                                  0.000000   20.000000   clock source latency
     1    0.074570    0.000000    0.000000   20.000000 ^ clk (in)
                                                         clk (net)
                      0.018882    0.009441   20.009441 ^ clkbuf_0_clk/A (sky130_fd_sc_hd__clkbuf_16)
     4    0.078534    0.095698    0.159538   20.168980 ^ clkbuf_0_clk/X (sky130_fd_sc_hd__clkbuf_16)
                                                         clknet_0_clk (net)
                      0.095950    0.003935   20.172915 ^ clkbuf_2_1_0_clk/A (sky130_fd_sc_hd__clkbuf_8)
     4    0.066117    0.123542    0.206983   20.379898 ^ clkbuf_2_1_0_clk/X (sky130_fd_sc_hd__clkbuf_8)
                                                         clknet_2_1_0_clk (net)
                      0.123561    0.001533   20.381430 ^ clkbuf_4_5__f_clk/A (sky130_fd_sc_hd__clkbuf_16)
    10    0.102282    0.117895    0.216959   20.598389 ^ clkbuf_4_5__f_clk/X (sky130_fd_sc_hd__clkbuf_16)
                                                         clknet_4_5__leaf_clk (net)
                      0.117896    0.000531   20.598921 ^ clkbuf_leaf_59_clk/A (sky130_fd_sc_hd__clkbuf_8)
     4    0.029019    0.064875    0.170452   20.769373 ^ clkbuf_leaf_59_clk/X (sky130_fd_sc_hd__clkbuf_8)
                                                         clknet_leaf_59_clk (net)
                      0.064875    0.000055   20.769428 ^ _12409_/CLK (sky130_fd_sc_hd__dfrtp_1)
                                  0.000000   20.769428   clock reconvergence pessimism
                                 -0.133882   20.635546   library setup time
                                             20.635546   data required time
---------------------------------------------------------------------------------------------
                                             20.635546   data required time
                                            -12.935930   data arrival time
---------------------------------------------------------------------------------------------
                                              7.699615   slack (MET)




===========================================================================
report_checks --slack_max -0.01
============================================================================
======================= nom_tt_025C_1v80 Corner ===================================

No paths found.


===========================================================================
 report_check_types -max_slew -max_cap -max_fanout -violators
============================================================================
======================= nom_tt_025C_1v80 Corner ===================================

max capacitance

Pin                                        Limit         Cap       Slack
------------------------------------------------------------------------
dmem_sram/dout0[8]                      0.027560    0.036510   -0.008950 (VIOLATED)
dmem_sram/dout0[10]                     0.027560    0.036468   -0.008908 (VIOLATED)
dmem_sram/dout0[9]                      0.027560    0.036262   -0.008702 (VIOLATED)
dmem_sram/dout0[13]                     0.027560    0.036037   -0.008477 (VIOLATED)
dmem_sram/dout0[6]                      0.027560    0.035999   -0.008439 (VIOLATED)
dmem_sram/dout0[11]                     0.027560    0.035721   -0.008161 (VIOLATED)
dmem_sram/dout0[16]                     0.027560    0.035019   -0.007459 (VIOLATED)
dmem_sram/dout0[22]                     0.027560    0.035012   -0.007452 (VIOLATED)
dmem_sram/dout0[5]                      0.027560    0.034872   -0.007312 (VIOLATED)
dmem_sram/dout0[18]                     0.027560    0.034819   -0.007259 (VIOLATED)
dmem_sram/dout0[15]                     0.027560    0.034689   -0.007129 (VIOLATED)
dmem_sram/dout0[14]                     0.027560    0.034656   -0.007096 (VIOLATED)
dmem_sram/dout0[12]                     0.027560    0.034539   -0.006979 (VIOLATED)
dmem_sram/dout0[19]                     0.027560    0.034450   -0.006890 (VIOLATED)
dmem_sram/dout0[4]                      0.027560    0.034186   -0.006626 (VIOLATED)
dmem_sram/dout0[3]                      0.027560    0.033919   -0.006359 (VIOLATED)
dmem_sram/dout0[2]                      0.027560    0.033375   -0.005815 (VIOLATED)
dmem_sram/dout0[1]                      0.027560    0.032885   -0.005325 (VIOLATED)
dmem_sram/dout0[0]                      0.027560    0.032422   -0.004862 (VIOLATED)



===========================================================================
report_parasitic_annotation -report_unannotated
============================================================================
Found 241 unannotated drivers.
 clkload0/Y
 clkload1/Y
 clkload10/Y
 clkload100/Y
 clkload101/Y
 clkload102/Y
 clkload103/Y
 clkload104/Y
 clkload105/Y
 clkload106/Y
 clkload107/Y
 clkload108/Y
 clkload109/Y
 clkload11/Y
 clkload110/X
 clkload111/Y
 clkload112/Y
 clkload113/Y
 clkload114/Y
 clkload115/X
 clkload116/Y
 clkload117/X
 clkload118/Y
 clkload119/Y
 clkload12/Y
 clkload120/Y
 clkload121/X
 clkload122/X
 clkload123/Y
 clkload124/Y
 clkload125/Y
 clkload126/Y
 clkload127/Y
 clkload128/Y
 clkload129/Y
 clkload13/Y
 clkload130/Y
 clkload131/Y
 clkload132/Y
 clkload133/Y
 clkload134/Y
 clkload135/Y
 clkload136/Y
 clkload137/Y
 clkload138/Y
 clkload139/X
 clkload14/Y
 clkload140/Y
 clkload141/Y
 clkload142/Y
 clkload143/Y
 clkload144/Y
 clkload145/Y
 clkload146/X
 clkload147/X
 clkload148/Y
 clkload149/Y
 clkload15/Y
 clkload150/Y
 clkload151/Y
 clkload152/Y
 clkload153/Y
 clkload154/X
 clkload155/Y
 clkload156/X
 clkload157/Y
 clkload158/Y
 clkload159/Y
 clkload16/Y
 clkload160/Y
 clkload161/Y
 clkload162/Y
 clkload17/Y
 clkload18/Y
 clkload19/X
 clkload2/Y
 clkload20/Y
 clkload21/Y
 clkload22/Y
 clkload23/Y
 clkload24/Y
 clkload25/Y
 clkload26/Y
 clkload27/Y
 clkload28/Y
 clkload29/Y
 clkload3/Y
 clkload30/Y
 clkload31/X
 clkload32/X
 clkload33/Y
 clkload34/Y
 clkload35/Y
 clkload36/Y
 clkload37/Y
 clkload38/Y
 clkload39/X
 clkload4/Y
 clkload40/Y
 clkload41/Y
 clkload42/Y
 clkload43/Y
 clkload44/Y
 clkload45/Y
 clkload46/Y
 clkload47/Y
 clkload48/Y
 clkload49/Y
 clkload5/Y
 clkload50/Y
 clkload51/Y
 clkload52/X
 clkload53/Y
 clkload54/Y
 clkload55/Y
 clkload56/Y
 clkload57/Y
 clkload58/Y
 clkload59/Y
 clkload6/Y
 clkload60/Y
 clkload61/Y
 clkload62/Y
 clkload63/Y
 clkload64/Y
 clkload65/Y
 clkload66/Y
 clkload67/Y
 clkload68/Y
 clkload69/Y
 clkload7/Y
 clkload70/Y
 clkload71/Y
 clkload72/Y
 clkload73/Y
 clkload74/Y
 clkload75/Y
 clkload76/X
 clkload77/Y
 clkload78/Y
 clkload79/Y
 clkload8/Y
 clkload80/X
 clkload81/X
 clkload82/X
 clkload83/Y
 clkload84/X
 clkload85/Y
 clkload86/X
 clkload87/Y
 clkload88/X
 clkload89/X
 clkload9/Y
 clkload90/Y
 clkload91/Y
 clkload92/Y
 clkload93/Y
 clkload94/Y
 clkload95/Y
 clkload96/Y
 clkload97/Y
 clkload98/Y
 clkload99/Y
 dmem_sram/dout1[0]
 dmem_sram/dout1[10]
 dmem_sram/dout1[11]
 dmem_sram/dout1[12]
 dmem_sram/dout1[13]
 dmem_sram/dout1[14]
 dmem_sram/dout1[15]
 dmem_sram/dout1[16]
 dmem_sram/dout1[17]
 dmem_sram/dout1[18]
 dmem_sram/dout1[19]
 dmem_sram/dout1[1]
 dmem_sram/dout1[20]
 dmem_sram/dout1[21]
 dmem_sram/dout1[22]
 dmem_sram/dout1[23]
 dmem_sram/dout1[24]
 dmem_sram/dout1[25]
 dmem_sram/dout1[26]
 dmem_sram/dout1[27]
 dmem_sram/dout1[28]
 dmem_sram/dout1[29]
 dmem_sram/dout1[2]
 dmem_sram/dout1[30]
 dmem_sram/dout1[31]
 dmem_sram/dout1[3]
 dmem_sram/dout1[4]
 dmem_sram/dout1[5]
 dmem_sram/dout1[6]
 dmem_sram/dout1[7]
 dmem_sram/dout1[8]
 dmem_sram/dout1[9]
 dmem_sram_1390/HI
 dmem_sram_1391/HI
 dmem_sram_1392/HI
 dmem_sram_1393/HI
 dmem_sram_1394/HI
 dmem_sram_1395/HI
 dmem_sram_1396/HI
 dmem_sram_1397/HI
 dmem_sram_1399/LO
 imem_sram/dout0[0]
 imem_sram/dout0[10]
 imem_sram/dout0[11]
 imem_sram/dout0[12]
 imem_sram/dout0[13]
 imem_sram/dout0[14]
 imem_sram/dout0[15]
 imem_sram/dout0[16]
 imem_sram/dout0[17]
 imem_sram/dout0[18]
 imem_sram/dout0[19]
 imem_sram/dout0[1]
 imem_sram/dout0[20]
 imem_sram/dout0[21]
 imem_sram/dout0[22]
 imem_sram/dout0[23]
 imem_sram/dout0[24]
 imem_sram/dout0[25]
 imem_sram/dout0[26]
 imem_sram/dout0[27]
 imem_sram/dout0[28]
 imem_sram/dout0[29]
 imem_sram/dout0[2]
 imem_sram/dout0[30]
 imem_sram/dout0[31]
 imem_sram/dout0[3]
 imem_sram/dout0[4]
 imem_sram/dout0[5]
 imem_sram/dout0[6]
 imem_sram/dout0[7]
 imem_sram/dout0[8]
 imem_sram/dout0[9]
 imem_sram_1398/HI
 imem_sram_1400/LO
 imem_sram_1401/LO
 imem_sram_1402/LO
 imem_sram_1403/LO
Found 0 partially unannotated drivers.

===========================================================================
max slew violation count 0
Writing metric design__max_slew_violation__count__corner:nom_tt_025C_1v80: 0
max fanout violation count 0
Writing metric design__max_fanout_violation__count__corner:nom_tt_025C_1v80: 0
max cap violation count 19
Writing metric design__max_cap_violation__count__corner:nom_tt_025C_1v80: 19
============================================================================

===========================================================================
check_setup -verbose -unconstrained_endpoints -multiple_clock -no_clock -no_input_delay -loops -generated_clocks
===========================================================================
Warning: There are 42 input ports missing set_input_delay.
  prog_addr[0]
  prog_addr[1]
  prog_addr[2]
  prog_addr[3]
  prog_addr[4]
  prog_addr[5]
  prog_addr[6]
  prog_addr[7]
  prog_data[0]
  prog_data[10]
  prog_data[11]
  prog_data[12]
  prog_data[13]
  prog_data[14]
  prog_data[15]
  prog_data[16]
  prog_data[17]
  prog_data[18]
  prog_data[19]
  prog_data[1]
  prog_data[20]
  prog_data[21]
  prog_data[22]
  prog_data[23]
  prog_data[24]
  prog_data[25]
  prog_data[26]
  prog_data[27]
  prog_data[28]
  prog_data[29]
  prog_data[2]
  prog_data[30]
  prog_data[31]
  prog_data[3]
  prog_data[4]
  prog_data[5]
  prog_data[6]
  prog_data[7]
  prog_data[8]
  prog_data[9]
  prog_we
  rst
Warning: There are 56 unconstrained endpoints.
  dmem_sram/addr1[0]
  dmem_sram/addr1[1]
  dmem_sram/addr1[2]
  dmem_sram/addr1[3]
  dmem_sram/addr1[4]
  dmem_sram/addr1[5]
  dmem_sram/addr1[6]
  dmem_sram/addr1[7]
  dmem_sram/csb1
  imem_sram/addr0[0]
  imem_sram/addr0[1]
  imem_sram/addr0[2]
  imem_sram/addr0[3]
  imem_sram/addr0[4]
  imem_sram/addr0[5]
  imem_sram/addr0[6]
  imem_sram/addr0[7]
  imem_sram/csb0
  imem_sram/csb1
  imem_sram/din0[0]
  imem_sram/din0[10]
  imem_sram/din0[11]
  imem_sram/din0[12]
  imem_sram/din0[13]
  imem_sram/din0[14]
  imem_sram/din0[15]
  imem_sram/din0[16]
  imem_sram/din0[17]
  imem_sram/din0[18]
  imem_sram/din0[19]
  imem_sram/din0[1]
  imem_sram/din0[20]
  imem_sram/din0[21]
  imem_sram/din0[22]
  imem_sram/din0[23]
  imem_sram/din0[24]
  imem_sram/din0[25]
  imem_sram/din0[26]
  imem_sram/din0[27]
  imem_sram/din0[28]
  imem_sram/din0[29]
  imem_sram/din0[2]
  imem_sram/din0[30]
  imem_sram/din0[31]
  imem_sram/din0[3]
  imem_sram/din0[4]
  imem_sram/din0[5]
  imem_sram/din0[6]
  imem_sram/din0[7]
  imem_sram/din0[8]
  imem_sram/din0[9]
  imem_sram/web0
  imem_sram/wmask0[0]
  imem_sram/wmask0[1]
  imem_sram/wmask0[2]
  imem_sram/wmask0[3]
