Clock: clk
Sources: clk 
Generated: no
Virtual: no
Propagated: no
Period: 20.000000

===========================================================================
report_clock_properties
============================================================================
Clock                   Period          Waveform
----------------------------------------------------
clk                  20.000000    0.000000 10.000000

===========================================================================
report_clock_latency
============================================================================
Clock clk
rise -> rise
    min     max
0.000000 0.000000 source latency
13.221466         network latency _09940_/CLK
        13.221466 network latency _09940_/CLK
---------------
13.221466 13.221466 latency
        0.000000 skew

fall -> fall
    min     max
0.000000 0.000000 source latency
7.386743         network latency _09940_/CLK
        7.386743 network latency _09940_/CLK
---------------
7.386743 7.386743 latency
        0.000000 skew



===========================================================================
report_clock_min_period
============================================================================
clk period_min = 21.98 fmax = 45.51
