
===========================================================================
 report_power
============================================================================
======================= nom_ss_100C_1v60 Corner ===================================

Group                    Internal    Switching      Leakage        Total
                            Power        Power        Power        Power (Watts)
------------------------------------------------------------------------
Sequential           2.334160e-03 0.000000e+00 2.462276e-05 2.358783e-03  37.4%
Combinational        4.003681e-05 1.072860e-05 2.829315e-05 7.905855e-05   1.3%
Clock                0.000000e+00 0.000000e+00 0.000000e+00 0.000000e+00   0.0%
Macro                3.835787e-03 0.000000e+00 3.806400e-05 3.873851e-03  61.4%
Pad                  0.000000e+00 0.000000e+00 0.000000e+00 0.000000e+00   0.0%
------------------------------------------------------------------------
Total                6.209983e-03 1.072860e-05 9.097964e-05 6.311691e-03 100.0%
                            98.4%         0.2%         1.4%

