Clock: clk
Sources: clk 
Generated: no
Virtual: yes
Propagated: no
Period: 20.000000

===========================================================================
report_clock_properties
============================================================================
Clock                   Period          Waveform
----------------------------------------------------
clk                  20.000000    0.000000 10.000000

===========================================================================
report_clock_latency
============================================================================
Clock clk
rise -> rise
    min     max
0.000000 0.000000 source latency
12.894588         network latency dmem_sram/clk0
        14.141828 network latency _10727_/CLK
---------------
12.894588 14.141828 latency
        1.247239 skew

fall -> fall
    min     max
0.000000 0.000000 source latency
5.939820         network latency dmem_sram/clk0
        7.089248 network latency _10727_/CLK
---------------
5.939820 7.089248 latency
        1.149427 skew



===========================================================================
report_clock_min_period
============================================================================
clk period_min = 15.62 fmax = 64.03
