
===========================================================================
 report_power
============================================================================
======================= nom_tt_025C_1v80 Corner ===================================

Group                    Internal    Switching      Leakage        Total
                            Power        Power        Power        Power (Watts)
------------------------------------------------------------------------
Sequential           4.167138e-03 0.000000e+00 1.477681e-08 4.167153e-03  50.9%
Combinational        1.320227e-04 1.466034e-05 2.275472e-08 1.467058e-04   1.8%
Clock                0.000000e+00 0.000000e+00 3.570550e-09 3.570550e-09   0.0%
Macro                3.835787e-03 0.000000e+00 3.806400e-05 3.873851e-03  47.3%
Pad                  0.000000e+00 0.000000e+00 0.000000e+00 0.000000e+00   0.0%
------------------------------------------------------------------------
Total                8.134939e-03 1.466034e-05 3.810554e-05 8.187705e-03 100.0%
                            99.4%         0.2%         0.5%
Writing metric power__internal__total: 0.008134938776493073
Writing metric power__switching__total: 1.4660337910754606e-5
Writing metric power__leakage__total: 3.810554335359484e-5
Writing metric power__total: 0.008187704719603062

