
===========================================================================
Violator List
============================================================================
[hold in-reg] prog_data[19] -> imem_sram/din0[19] : -9.075750
[hold in-reg] prog_data[20] -> imem_sram/din0[20] : -9.074187
[hold in-reg] prog_data[18] -> imem_sram/din0[18] : -9.072740
[hold in-reg] prog_data[21] -> imem_sram/din0[21] : -9.071199
[hold in-reg] prog_data[17] -> imem_sram/din0[17] : -9.069779
[hold in-reg] prog_data[22] -> imem_sram/din0[22] : -9.068240
[hold in-reg] prog_data[16] -> imem_sram/din0[16] : -9.066815
[hold in-reg] prog_data[23] -> imem_sram/din0[23] : -9.065368
[hold in-reg] prog_data[15] -> imem_sram/din0[15] : -9.064035
[hold in-reg] prog_data[24] -> imem_sram/din0[24] : -9.062392
[hold in-reg] prog_data[14] -> imem_sram/din0[14] : -9.061152
[hold in-reg] prog_data[25] -> imem_sram/din0[25] : -9.059600
[hold in-reg] prog_data[13] -> imem_sram/din0[13] : -9.058165
[hold in-reg] prog_data[26] -> imem_sram/din0[26] : -9.056609
[hold in-reg] prog_data[12] -> imem_sram/din0[12] : -9.055169
[hold in-reg] prog_data[27] -> imem_sram/din0[27] : -9.053610
[hold in-reg] prog_data[11] -> imem_sram/din0[11] : -9.052360
[hold in-reg] prog_data[28] -> imem_sram/din0[28] : -9.050602
[hold in-reg] prog_data[10] -> imem_sram/din0[10] : -9.049302
[hold in-reg] prog_data[29] -> imem_sram/din0[29] : -9.047636
[hold in-reg] prog_data[9] -> imem_sram/din0[9] : -9.046378
[hold in-reg] prog_data[30] -> imem_sram/din0[30] : -9.044805
[hold in-reg] prog_data[8] -> imem_sram/din0[8] : -9.043349
[hold in-reg] prog_data[31] -> imem_sram/din0[31] : -9.041773
[hold in-reg] prog_data[7] -> imem_sram/din0[7] : -9.040314
[hold in-reg] prog_data[6] -> imem_sram/din0[6] : -9.037466
[hold in-reg] prog_data[5] -> imem_sram/din0[5] : -9.034416
[hold in-reg] prog_data[4] -> imem_sram/din0[4] : -9.031359
[hold in-reg] prog_data[3] -> imem_sram/din0[3] : -9.028352
[hold in-reg] prog_data[2] -> imem_sram/din0[2] : -9.025421
[hold in-reg] prog_data[1] -> imem_sram/din0[1] : -9.022195
[hold in-reg] prog_data[0] -> imem_sram/din0[0] : -9.019150
[hold in-reg] prog_addr[7] -> imem_sram/addr0[7] : -9.007936
[hold in-reg] prog_addr[6] -> imem_sram/addr0[6] : -9.004766
[hold in-reg] prog_addr[5] -> imem_sram/addr0[5] : -9.001962
[hold in-reg] prog_addr[4] -> imem_sram/addr0[4] : -8.998685
[hold in-reg] prog_addr[3] -> imem_sram/addr0[3] : -8.995778
[hold in-reg] prog_addr[2] -> imem_sram/addr0[2] : -8.992393
[hold in-reg] prog_addr[0] -> imem_sram/addr0[0] : -8.991652
[hold in-reg] prog_addr[1] -> imem_sram/addr0[1] : -8.989571
[hold in-reg] prog_we -> imem_sram/csb0 : -8.884409
[hold in-reg] prog_we -> imem_sram/web0 : -8.884377
[hold in-reg] rst -> _10874_/RESET_B : -8.207781
[hold in-reg] rst -> _10740_/RESET_B : -8.175668
[hold in-reg] rst -> _10836_/RESET_B : -8.172771
[hold in-reg] rst -> _10604_/RESET_B : -8.171793
[hold in-reg] rst -> _10870_/RESET_B : -8.170293
[hold in-reg] rst -> _10830_/RESET_B : -8.169715
[hold in-reg] rst -> _10500_/RESET_B : -8.168571
[hold in-reg] rst -> _10860_/RESET_B : -8.166916
[hold in-reg] rst -> _10880_/RESET_B : -8.166821
[hold in-reg] rst -> _10820_/RESET_B : -8.165779
[hold in-reg] rst -> _10840_/RESET_B : -8.165689
[hold in-reg] rst -> _10825_/RESET_B : -8.165344
[hold in-reg] rst -> _10865_/RESET_B : -8.164211
[hold in-reg] rst -> _10603_/RESET_B : -8.163885
[hold in-reg] rst -> _10499_/RESET_B : -8.163855
[hold in-reg] rst -> _10571_/RESET_B : -8.163800
[hold in-reg] rst -> _10821_/RESET_B : -8.163438
[hold in-reg] rst -> _10827_/RESET_B : -8.163048
[hold in-reg] rst -> _10828_/RESET_B : -8.162560
[hold in-reg] rst -> _10533_/RESET_B : -8.162206
[hold in-reg] rst -> _10534_/RESET_B : -8.162171
[hold in-reg] rst -> _10861_/RESET_B : -8.152719
[hold in-reg] rst -> _10868_/RESET_B : -8.152704
[hold in-reg] rst -> _11406_/RESET_B : -8.151987
[hold in-reg] rst -> _10724_/RESET_B : -8.151643
[hold in-reg] rst -> _11321_/RESET_B : -8.151360
[hold in-reg] rst -> _11325_/RESET_B : -8.151290
[hold in-reg] rst -> _11391_/RESET_B : -8.151138
[hold in-reg] rst -> _10725_/RESET_B : -8.150887
[hold in-reg] rst -> _10727_/RESET_B : -8.150782
[hold in-reg] rst -> _10595_/RESET_B : -8.150638
[hold in-reg] rst -> _11385_/RESET_B : -8.150620
[hold in-reg] rst -> _11390_/RESET_B : -8.150469
[hold in-reg] rst -> _11324_/RESET_B : -8.150379
[hold in-reg] rst -> _10726_/RESET_B : -8.150146
[hold in-reg] rst -> _10743_/RESET_B : -8.149899
[hold in-reg] rst -> _11322_/RESET_B : -8.149882
[hold in-reg] rst -> _11320_/RESET_B : -8.149732
[hold in-reg] rst -> _10593_/RESET_B : -8.149656
[hold in-reg] rst -> _11388_/RESET_B : -8.149443
[hold in-reg] rst -> _11389_/RESET_B : -8.149187
[hold in-reg] rst -> _10607_/RESET_B : -8.148902
[hold in-reg] rst -> _10721_/RESET_B : -8.148173
[hold in-reg] rst -> _11370_/RESET_B : -8.148118
[hold in-reg] rst -> _10706_/RESET_B : -8.147718
[hold in-reg] rst -> _10766_/RESET_B : -8.147628
[hold in-reg] rst -> _10074_/RESET_B : -8.147274
[hold in-reg] rst -> _10707_/RESET_B : -8.147269
[hold in-reg] rst -> _10790_/RESET_B : -8.147001
[hold in-reg] rst -> _11386_/RESET_B : -8.146928
[hold in-reg] rst -> _10765_/RESET_B : -8.146779
[hold in-reg] rst -> _10744_/RESET_B : -8.146681
[hold in-reg] rst -> _11310_/RESET_B : -8.146621
[hold in-reg] rst -> _10796_/RESET_B : -8.146460
[hold in-reg] rst -> _10590_/RESET_B : -8.146417
[hold in-reg] rst -> _11407_/RESET_B : -8.146224
[hold in-reg] rst -> _10722_/RESET_B : -8.146131
[hold in-reg] rst -> _10767_/RESET_B : -8.146125
[hold in-reg] rst -> _10711_/RESET_B : -8.146004
[hold in-reg] rst -> _11311_/RESET_B : -8.145944
[hold in-reg] rst -> _10775_/RESET_B : -8.145895
[hold in-reg] rst -> _10701_/RESET_B : -8.145500
[hold in-reg] rst -> _10596_/RESET_B : -8.145141
[hold in-reg] rst -> _11371_/RESET_B : -8.144980
[hold in-reg] rst -> _10780_/RESET_B : -8.144805
[hold in-reg] rst -> _10589_/RESET_B : -8.144711
[hold in-reg] rst -> _10781_/RESET_B : -8.144638
[hold in-reg] rst -> _10783_/RESET_B : -8.144189
[hold in-reg] rst -> _11375_/RESET_B : -8.144011
[hold in-reg] rst -> _11377_/RESET_B : -8.143726
[hold in-reg] rst -> _11376_/RESET_B : -8.143609
[hold in-reg] rst -> _11409_/RESET_B : -8.143603
[hold in-reg] rst -> _10713_/RESET_B : -8.143306
[hold in-reg] rst -> _10784_/RESET_B : -8.143282
[hold in-reg] rst -> _10712_/RESET_B : -8.143191
[hold in-reg] rst -> _10782_/RESET_B : -8.142934
[hold in-reg] rst -> _10716_/RESET_B : -8.142702
[hold in-reg] rst -> _10616_/RESET_B : -8.142228
[hold in-reg] rst -> _11380_/RESET_B : -8.142193
[hold in-reg] rst -> _11313_/RESET_B : -8.142133
[hold in-reg] rst -> _11316_/RESET_B : -8.142058
[hold in-reg] rst -> _10785_/RESET_B : -8.142047
[hold in-reg] rst -> _10714_/RESET_B : -8.141818
[hold in-reg] rst -> _11378_/RESET_B : -8.141662
[hold in-reg] rst -> _10750_/RESET_B : -8.141646
[hold in-reg] rst -> _11412_/RESET_B : -8.141640
[hold in-reg] rst -> _10591_/RESET_B : -8.141606
[hold in-reg] rst -> _11439_/RESET_B : -8.141278
[hold in-reg] rst -> _11396_/RESET_B : -8.141130
[hold in-reg] rst -> _11315_/RESET_B : -8.141091
[hold in-reg] rst -> _10586_/RESET_B : -8.141033
[hold in-reg] rst -> _10717_/RESET_B : -8.141035
[hold in-reg] rst -> _10719_/RESET_B : -8.140985
[hold in-reg] rst -> _11413_/RESET_B : -8.140903
[hold in-reg] rst -> _10592_/RESET_B : -8.140782
[hold in-reg] rst -> _10749_/RESET_B : -8.140501
[hold in-reg] rst -> _11317_/RESET_B : -8.140487
[hold in-reg] rst -> _11314_/RESET_B : -8.140476
[hold in-reg] rst -> _10788_/RESET_B : -8.140465
[hold in-reg] rst -> _11333_/RESET_B : -8.140207
[hold in-reg] rst -> _10751_/RESET_B : -8.140126
[hold in-reg] rst -> _10594_/RESET_B : -8.139924
[hold in-reg] rst -> _11410_/RESET_B : -8.139777
[hold in-reg] rst -> _11414_/RESET_B : -8.139633
[hold in-reg] rst -> _10715_/RESET_B : -8.139606
[hold in-reg] rst -> _11382_/RESET_B : -8.139614
[hold in-reg] rst -> _10752_/RESET_B : -8.139600
[hold in-reg] rst -> _11397_/RESET_B : -8.139454
[hold in-reg] rst -> _11379_/RESET_B : -8.139350
[hold in-reg] rst -> _11383_/RESET_B : -8.139281
[hold in-reg] rst -> _11411_/RESET_B : -8.139263
[hold in-reg] rst -> _11332_/RESET_B : -8.138988
[hold in-reg] rst -> _10588_/RESET_B : -8.138947
[hold in-reg] rst -> _11318_/RESET_B : -8.138810
[hold in-reg] rst -> _10587_/RESET_B : -8.138707
[hold in-reg] rst -> _11381_/RESET_B : -8.138556
[hold in-reg] rst -> _10718_/RESET_B : -8.138111
[hold in-reg] rst -> _11319_/RESET_B : -8.138088
[hold in-reg] rst -> _11384_/RESET_B : -8.138057
[hold in-reg] rst -> _10720_/RESET_B : -8.137938
[hold in-reg] rst -> _11415_/RESET_B : -8.137527
[hold in-reg] rst -> _11442_/RESET_B : -8.134519
[hold in-reg] rst -> _10495_/RESET_B : -8.132820
[hold in-reg] rst -> _10496_/RESET_B : -8.131828
[hold in-reg] rst -> _11444_/RESET_B : -8.131105
[hold in-reg] rst -> _10541_/RESET_B : -8.123610
[hold in-reg] rst -> _10600_/RESET_B : -8.123538
[hold in-reg] rst -> _10599_/RESET_B : -8.121902
[hold in-reg] rst -> _10507_/RESET_B : -8.121094
[hold in-reg] rst -> _10735_/RESET_B : -8.119938
[hold in-reg] rst -> _10834_/RESET_B : -8.119272
[hold in-reg] rst -> _10858_/RESET_B : -8.118996
[hold in-reg] rst -> _10569_/RESET_B : -8.118455
[hold in-reg] rst -> _10611_/RESET_B : -8.118378
[hold in-reg] rst -> _10818_/RESET_B : -8.118320
[hold in-reg] rst -> _10549_/RESET_B : -8.118146
[hold in-reg] rst -> _10739_/RESET_B : -8.118053
[hold in-reg] rst -> _10531_/RESET_B : -8.117984
[hold in-reg] rst -> _10736_/RESET_B : -8.117907
[hold in-reg] rst -> _11435_/RESET_B : -8.117817
[hold in-reg] rst -> _10747_/RESET_B : -8.116879
[hold in-reg] rst -> _10572_/RESET_B : -8.116571
[hold in-reg] rst -> _10609_/RESET_B : -8.116550
[hold in-reg] rst -> _10602_/RESET_B : -8.115863
[hold in-reg] rst -> _11403_/RESET_B : -8.115464
[hold in-reg] rst -> _10498_/RESET_B : -8.115403
[hold in-reg] rst -> _10738_/RESET_B : -8.115191
[hold in-reg] rst -> _11369_/RESET_B : -8.115025
[hold in-reg] rst -> _10553_/RESET_B : -8.114976
[hold in-reg] rst -> _10745_/RESET_B : -8.114601
[hold in-reg] rst -> _11305_/RESET_B : -8.113985
[hold in-reg] rst -> _10577_/RESET_B : -8.113418
[hold in-reg] rst -> _11402_/RESET_B : -8.112998
[hold in-reg] rst -> _10819_/RESET_B : -8.112798
[hold in-reg] rst -> _10876_/RESET_B : -8.112562
[hold in-reg] rst -> _11307_/RESET_B : -8.112462
[hold in-reg] rst -> _11440_/RESET_B : -8.112248
[hold in-reg] rst -> _11401_/RESET_B : -8.112130
[hold in-reg] rst -> _10539_/RESET_B : -8.111623
[hold in-reg] rst -> _11399_/RESET_B : -8.111090
[hold in-reg] rst -> _10509_/RESET_B : -8.110500
[hold in-reg] rst -> _10613_/RESET_B : -8.110163
[hold in-reg] rst -> _11367_/RESET_B : -8.108921
[hold in-reg] rst -> _11306_/RESET_B : -8.108887
[hold in-reg] rst -> _11398_/RESET_B : -8.108838
[hold in-reg] rst -> _10581_/RESET_B : -8.108588
[hold in-reg] rst -> _11366_/RESET_B : -8.108296
[hold in-reg] rst -> _10703_/RESET_B : -8.108015
[hold in-reg] rst -> _10702_/RESET_B : -8.107953
[hold in-reg] rst -> _10543_/RESET_B : -8.107438
[hold in-reg] rst -> _10573_/RESET_B : -8.107393
[hold in-reg] rst -> _10535_/RESET_B : -8.107177
[hold in-reg] rst -> _10559_/RESET_B : -8.106745
[hold in-reg] rst -> _10608_/RESET_B : -8.106327
[hold in-reg] rst -> _10863_/RESET_B : -8.106314
[hold in-reg] rst -> _11308_/RESET_B : -8.106092
[hold in-reg] rst -> _10505_/RESET_B : -8.106080
[hold in-reg] rst -> _10532_/RESET_B : -8.106025
[hold in-reg] rst -> _11309_/RESET_B : -8.105981
[hold in-reg] rst -> _10570_/RESET_B : -8.105750
[hold in-reg] rst -> _11372_/RESET_B : -8.105369
[hold in-reg] rst -> _10512_/RESET_B : -8.105271
[hold in-reg] rst -> _10558_/RESET_B : -8.105253
[hold in-reg] rst -> _10636_/RESET_B : -8.105214
[hold in-reg] rst -> _10536_/RESET_B : -8.104981
[hold in-reg] rst -> _10746_/RESET_B : -8.104921
[hold in-reg] rst -> _10710_/RESET_B : -8.104756
[hold in-reg] rst -> _10866_/RESET_B : -8.104711
[hold in-reg] rst -> _11459_/RESET_B : -8.104611
[hold in-reg] rst -> _10859_/RESET_B : -8.104576
[hold in-reg] rst -> _10574_/RESET_B : -8.104533
[hold in-reg] rst -> _10741_/RESET_B : -8.104512
[hold in-reg] rst -> _10504_/RESET_B : -8.104482
[hold in-reg] rst -> _10789_/RESET_B : -8.104429
[hold in-reg] rst -> _10881_/RESET_B : -8.104282
[hold in-reg] rst -> _10841_/RESET_B : -8.104256
[hold in-reg] rst -> _11404_/RESET_B : -8.104258
[hold in-reg] rst -> _10793_/RESET_B : -8.104231
[hold in-reg] rst -> _11408_/RESET_B : -8.104192
[hold in-reg] rst -> _11405_/RESET_B : -8.104136
[hold in-reg] rst -> _10798_/RESET_B : -8.104097
[hold in-reg] rst -> _10755_/RESET_B : -8.104055
[hold in-reg] rst -> _11417_/RESET_B : -8.103942
[hold in-reg] rst -> _10791_/RESET_B : -8.103926
[hold in-reg] rst -> _11418_/RESET_B : -8.103929
[hold in-reg] rst -> _11392_/RESET_B : -8.103915
[hold in-reg] rst -> _11458_/RESET_B : -8.103897
[hold in-reg] rst -> _10605_/RESET_B : -8.103878
[hold in-reg] rst -> _10619_/RESET_B : -8.103853
[hold in-reg] rst -> _10742_/RESET_B : -8.103745
[hold in-reg] rst -> _10606_/RESET_B : -8.103589
[hold in-reg] rst -> _10550_/RESET_B : -8.103574
[hold in-reg] rst -> _11312_/RESET_B : -8.103514
[hold in-reg] rst -> _10708_/RESET_B : -8.103415
[hold in-reg] rst -> _10709_/RESET_B : -8.103389
[hold in-reg] rst -> _11420_/RESET_B : -8.103379
[hold in-reg] rst -> _11374_/RESET_B : -8.103368
[hold in-reg] rst -> _11394_/RESET_B : -8.103319
[hold in-reg] rst -> _11323_/RESET_B : -8.103266
[hold in-reg] rst -> _11416_/RESET_B : -8.103209
[hold in-reg] rst -> _10547_/RESET_B : -8.103116
[hold in-reg] rst -> _10554_/RESET_B : -8.103025
[hold in-reg] rst -> _10797_/RESET_B : -8.102997
[hold in-reg] rst -> _10730_/RESET_B : -8.102894
[hold in-reg] rst -> _10552_/RESET_B : -8.102839
[hold in-reg] rst -> _10795_/RESET_B : -8.102832
[hold in-reg] rst -> _11373_/RESET_B : -8.102772
[hold in-reg] rst -> _11455_/RESET_B : -8.102754
[hold in-reg] rst -> _10773_/RESET_B : -8.102733
[hold in-reg] rst -> _11387_/RESET_B : -8.102715
[hold in-reg] rst -> _10729_/RESET_B : -8.102674
[hold in-reg] rst -> _10792_/RESET_B : -8.102561
[hold in-reg] rst -> _10862_/RESET_B : -8.102501
[hold in-reg] rst -> _11453_/RESET_B : -8.102442
[hold in-reg] rst -> _10846_/RESET_B : -8.102418
[hold in-reg] rst -> _11452_/RESET_B : -8.102421
[hold in-reg] rst -> _11451_/RESET_B : -8.102355
[hold in-reg] rst -> _10754_/RESET_B : -8.102240
[hold in-reg] rst -> _11456_/RESET_B : -8.102158
[hold in-reg] rst -> _10557_/RESET_B : -8.102126
[hold in-reg] rst -> _11330_/RESET_B : -8.102087
[hold in-reg] rst -> _10723_/RESET_B : -8.102071
[hold in-reg] rst -> _10822_/RESET_B : -8.102037
[hold in-reg] rst -> _10555_/RESET_B : -8.102016
[hold in-reg] rst -> _10728_/RESET_B : -8.101914
[hold in-reg] rst -> _10852_/RESET_B : -8.101787
[hold in-reg] rst -> _11457_/RESET_B : -8.101716
[hold in-reg] rst -> _10778_/RESET_B : -8.101647
[hold in-reg] rst -> _10883_/RESET_B : -8.101539
[hold in-reg] rst -> _10800_/RESET_B : -8.101463
[hold in-reg] rst -> _10551_/RESET_B : -8.101383
[hold in-reg] rst -> _10556_/RESET_B : -8.101287
[hold in-reg] rst -> _10853_/RESET_B : -8.101274
[hold in-reg] rst -> _11357_/RESET_B : -8.101112
[hold in-reg] rst -> _10776_/RESET_B : -8.101010
[hold in-reg] rst -> _10768_/RESET_B : -8.100993
[hold in-reg] rst -> _10809_/RESET_B : -8.100922
[hold in-reg] rst -> _10813_/RESET_B : -8.100840
[hold in-reg] rst -> _10769_/RESET_B : -8.100815
[hold in-reg] rst -> _10794_/RESET_B : -8.100702
[hold in-reg] rst -> _10762_/RESET_B : -8.100677
[hold in-reg] rst -> _11346_/RESET_B : -8.100668
[hold in-reg] rst -> _10516_/RESET_B : -8.100618
[hold in-reg] rst -> _10524_/RESET_B : -8.100614
[hold in-reg] rst -> _11400_/RESET_B : -8.100454
[hold in-reg] rst -> _11365_/RESET_B : -8.100377
[hold in-reg] rst -> _11347_/RESET_B : -8.100312
[hold in-reg] rst -> _10620_/RESET_B : -8.100277
[hold in-reg] rst -> _10771_/RESET_B : -8.100265
[hold in-reg] rst -> _11450_/RESET_B : -8.100242
[hold in-reg] rst -> _11364_/RESET_B : -8.100219
[hold in-reg] rst -> _10076_/RESET_B : -8.100047
[hold in-reg] rst -> _10801_/RESET_B : -8.100017
[hold in-reg] rst -> _10579_/RESET_B : -8.099949
[hold in-reg] rst -> _10808_/RESET_B : -8.099936
[hold in-reg] rst -> _10633_/RESET_B : -8.099884
[hold in-reg] rst -> _11338_/RESET_B : -8.099833
[hold in-reg] rst -> _11348_/RESET_B : -8.099813
[hold in-reg] rst -> _10774_/RESET_B : -8.099768
[hold in-reg] rst -> _10522_/RESET_B : -8.099697
[hold in-reg] rst -> _10630_/RESET_B : -8.099629
[hold in-reg] rst -> _10807_/RESET_B : -8.099627
[hold in-reg] rst -> _11340_/RESET_B : -8.099546
[hold in-reg] rst -> _11352_/RESET_B : -8.099506
[hold in-reg] rst -> _10631_/RESET_B : -8.099474
[hold in-reg] rst -> _10806_/RESET_B : -8.099473
[hold in-reg] rst -> _11353_/RESET_B : -8.099328
[hold in-reg] rst -> _10810_/RESET_B : -8.099281
[hold in-reg] rst -> _11339_/RESET_B : -8.099256
[hold in-reg] rst -> _11337_/RESET_B : -8.099234
[hold in-reg] rst -> _10634_/RESET_B : -8.099150
[hold in-reg] rst -> _10811_/RESET_B : -8.099058
[hold in-reg] rst -> _11358_/RESET_B : -8.098911
[hold in-reg] rst -> _10626_/RESET_B : -8.098843
[hold in-reg] rst -> _11335_/RESET_B : -8.098831
[hold in-reg] rst -> _11342_/RESET_B : -8.098831
[hold in-reg] rst -> _10803_/RESET_B : -8.098812
[hold in-reg] rst -> _10628_/RESET_B : -8.098759
[hold in-reg] rst -> _10732_/RESET_B : -8.098654
[hold in-reg] rst -> _11341_/RESET_B : -8.098431
[hold in-reg] rst -> _10772_/RESET_B : -8.098399
[hold in-reg] rst -> _11393_/RESET_B : -8.098308
[hold in-reg] rst -> _11448_/RESET_B : -8.098171
[hold in-reg] rst -> _11423_/RESET_B : -8.098136
[hold in-reg] rst -> _11336_/RESET_B : -8.098100
[hold in-reg] rst -> _10777_/RESET_B : -8.098022
[hold in-reg] rst -> _10812_/RESET_B : -8.098029
[hold in-reg] rst -> _11356_/RESET_B : -8.097980
[hold in-reg] rst -> _10770_/RESET_B : -8.097955
[hold in-reg] rst -> _11328_/RESET_B : -8.097863
[hold in-reg] rst -> _10805_/RESET_B : -8.097788
[hold in-reg] rst -> _10799_/RESET_B : -8.097753
[hold in-reg] rst -> _10802_/RESET_B : -8.097672
[hold in-reg] rst -> _10538_/RESET_B : -8.097648
[hold in-reg] rst -> _11351_/RESET_B : -8.097511
[hold in-reg] rst -> _11350_/RESET_B : -8.097406
[hold in-reg] rst -> _11302_/RESET_B : -8.097305
[hold in-reg] rst -> _11327_/RESET_B : -8.097270
[hold in-reg] rst -> _11334_/RESET_B : -8.096853
[hold in-reg] rst -> _10753_/RESET_B : -8.096828
[hold in-reg] rst -> _10786_/RESET_B : -8.096614
[hold in-reg] rst -> _10804_/RESET_B : -8.096580
[hold in-reg] rst -> _10514_/RESET_B : -8.096407
[hold in-reg] rst -> _11326_/RESET_B : -8.096397
[hold in-reg] rst -> _10787_/RESET_B : -8.096282
[hold in-reg] rst -> _11303_/RESET_B : -8.096272
[hold in-reg] rst -> _10618_/RESET_B : -8.096066
[hold in-reg] rst -> _10513_/RESET_B : -8.095750
[hold in-reg] rst -> _11354_/RESET_B : -8.095745
[hold in-reg] rst -> _11355_/RESET_B : -8.095304
[hold in-reg] rst -> _10779_/RESET_B : -8.095057
[hold in-reg] rst -> _10617_/RESET_B : -8.094932
[hold in-reg] rst -> _10629_/RESET_B : -8.093869
[hold in-reg] rst -> _11304_/RESET_B : -8.093170
[hold in-reg] rst -> _11349_/RESET_B : -8.092440
[hold in-reg] rst -> _10576_/RESET_B : -8.091023
[hold in-reg] rst -> _10501_/RESET_B : -8.090203
[hold in-reg] rst -> _10548_/RESET_B : -8.089974
[hold in-reg] rst -> _11449_/RESET_B : -8.089672
[hold in-reg] rst -> _11454_/RESET_B : -8.089557
[hold in-reg] rst -> _10623_/RESET_B : -8.089242
[hold in-reg] rst -> _10517_/RESET_B : -8.089057
[hold in-reg] rst -> _10756_/RESET_B : -8.089008
[hold in-reg] rst -> _10523_/RESET_B : -8.088840
[hold in-reg] rst -> _10502_/RESET_B : -8.088775
[hold in-reg] rst -> _10737_/RESET_B : -8.088737
[hold in-reg] rst -> _10621_/RESET_B : -8.088574
[hold in-reg] rst -> _11360_/RESET_B : -8.088411
[hold in-reg] rst -> _10518_/RESET_B : -8.088361
[hold in-reg] rst -> _10519_/RESET_B : -8.088335
[hold in-reg] rst -> _11363_/RESET_B : -8.088278
[hold in-reg] rst -> _11361_/RESET_B : -8.088197
[hold in-reg] rst -> _11425_/RESET_B : -8.088026
[hold in-reg] rst -> _11426_/RESET_B : -8.087961
[hold in-reg] rst -> _11419_/RESET_B : -8.087915
[hold in-reg] rst -> _10758_/RESET_B : -8.087751
[hold in-reg] rst -> _11359_/RESET_B : -8.087680
[hold in-reg] rst -> _10515_/RESET_B : -8.087522
[hold in-reg] rst -> _10627_/RESET_B : -8.087331
[hold in-reg] rst -> _11427_/RESET_B : -8.087258
[hold in-reg] rst -> _10764_/RESET_B : -8.087103
[hold in-reg] rst -> _11362_/RESET_B : -8.087101
[hold in-reg] rst -> _10624_/RESET_B : -8.087080
[hold in-reg] rst -> _10757_/RESET_B : -8.087053
[hold in-reg] rst -> _11368_/RESET_B : -8.087058
[hold in-reg] rst -> _11422_/RESET_B : -8.086932
[hold in-reg] rst -> _10761_/RESET_B : -8.086901
[hold in-reg] rst -> _10625_/RESET_B : -8.086843
[hold in-reg] rst -> _10622_/RESET_B : -8.086820
[hold in-reg] rst -> _11421_/RESET_B : -8.086755
[hold in-reg] rst -> _10763_/RESET_B : -8.086578
[hold in-reg] rst -> _10759_/RESET_B : -8.086556
[hold in-reg] rst -> _11329_/RESET_B : -8.086411
[hold in-reg] rst -> _10520_/RESET_B : -8.086373
[hold in-reg] rst -> _11395_/RESET_B : -8.086376
[hold in-reg] rst -> _11424_/RESET_B : -8.086367
[hold in-reg] rst -> _10704_/RESET_B : -8.086251
[hold in-reg] rst -> _10521_/RESET_B : -8.086185
[hold in-reg] rst -> _11331_/RESET_B : -8.085919
[hold in-reg] rst -> _10760_/RESET_B : -8.085884
[hold in-reg] rst -> _10731_/RESET_B : -8.085800
[hold in-reg] rst -> _10525_/RESET_B : -8.084732
[hold in-reg] rst -> _10601_/RESET_B : -8.084447
[hold in-reg] rst -> _10075_/RESET_B : -8.083005
[hold in-reg] rst -> _10497_/RESET_B : -8.082719
[hold in-reg] rst -> _10734_/RESET_B : -8.077709
[hold in-reg] rst -> _10733_/RESET_B : -8.073855
[hold in-reg] rst -> _10705_/RESET_B : -8.073648
[hold in-reg] rst -> _10854_/RESET_B : -8.058500
[hold in-reg] rst -> _10824_/RESET_B : -8.058120
[hold in-reg] rst -> _10857_/RESET_B : -8.058091
[hold in-reg] rst -> _10856_/RESET_B : -8.057964
[hold in-reg] rst -> _10867_/RESET_B : -8.057932
[hold in-reg] rst -> _10855_/RESET_B : -8.057478
[hold in-reg] rst -> _10869_/RESET_B : -8.057122
[hold in-reg] rst -> _10864_/RESET_B : -8.056581
[hold in-reg] rst -> _10815_/RESET_B : -8.055481
[hold in-reg] rst -> _10814_/RESET_B : -8.055323
[hold in-reg] rst -> _10560_/RESET_B : -8.054811
[hold in-reg] rst -> _10526_/RESET_B : -8.054304
[hold in-reg] rst -> _10816_/RESET_B : -8.053311
[hold in-reg] rst -> _10632_/RESET_B : -8.053213
[hold in-reg] rst -> _10562_/RESET_B : -8.053012
[hold in-reg] rst -> _10561_/RESET_B : -8.052548
[hold in-reg] rst -> _10563_/RESET_B : -8.051580
[hold in-reg] rst -> _10877_/RESET_B : -8.046164
[hold in-reg] rst -> _10884_/RESET_B : -8.046079
[hold in-reg] rst -> _10882_/RESET_B : -8.045370
[hold in-reg] rst -> _10845_/RESET_B : -8.044792
[hold in-reg] rst -> _10885_/RESET_B : -8.044188
[hold in-reg] rst -> _10842_/RESET_B : -8.044029
[hold in-reg] rst -> _10839_/RESET_B : -8.043977
[hold in-reg] rst -> _10838_/RESET_B : -8.043913
[hold in-reg] rst -> _10826_/RESET_B : -8.043667
[hold in-reg] rst -> _10875_/RESET_B : -8.043564
[hold in-reg] rst -> _10835_/RESET_B : -8.043237
[hold in-reg] rst -> _10879_/RESET_B : -8.043025
[hold in-reg] rst -> _10850_/RESET_B : -8.042700
[hold in-reg] rst -> _10878_/RESET_B : -8.042324
[hold in-reg] rst -> _10847_/RESET_B : -8.040890
[hold in-reg] rst -> _10848_/RESET_B : -8.039429
[hold in-reg] rst -> _10849_/RESET_B : -8.037728
[hold in-reg] rst -> _10851_/RESET_B : -8.036658
[hold in-reg] rst -> _10823_/RESET_B : -8.028272
[hold in-reg] rst -> _10635_/RESET_B : -8.027731
[hold in-reg] rst -> _10564_/RESET_B : -8.026233
[hold in-reg] rst -> _11345_/RESET_B : -8.022470
[hold in-reg] rst -> _11343_/RESET_B : -8.022428
[hold in-reg] rst -> _11344_/RESET_B : -8.022181
[hold in-reg] rst -> _10837_/RESET_B : -7.949735
[hold in-reg] rst -> _10844_/RESET_B : -7.948889
[hold in-reg] rst -> _10843_/RESET_B : -7.948328
[hold in-reg] rst -> _11430_/RESET_B : -7.940682
[hold in-reg] rst -> _11432_/RESET_B : -7.937855
[hold in-reg] rst -> _11434_/RESET_B : -7.922231
[hold in-reg] rst -> _10817_/RESET_B : -7.918109
[hold in-reg] rst -> _11433_/RESET_B : -7.916637
[hold in-reg] rst -> _10829_/RESET_B : -7.915938
[hold in-reg] rst -> _11443_/RESET_B : -7.915875
[hold in-reg] rst -> _10527_/RESET_B : -7.915659
[hold in-reg] rst -> _10542_/RESET_B : -7.915329
[hold in-reg] rst -> _11431_/RESET_B : -7.915046
[hold in-reg] rst -> _11438_/RESET_B : -7.914801
[hold in-reg] rst -> _11428_/RESET_B : -7.914787
[hold in-reg] rst -> _10546_/RESET_B : -7.914557
[hold in-reg] rst -> _10565_/RESET_B : -7.914480
[hold in-reg] rst -> _10597_/RESET_B : -7.914412
[hold in-reg] rst -> _10831_/RESET_B : -7.914309
[hold in-reg] rst -> _10566_/RESET_B : -7.913975
[hold in-reg] rst -> _10537_/RESET_B : -7.913958
[hold in-reg] rst -> _10494_/RESET_B : -7.913857
[hold in-reg] rst -> _10832_/RESET_B : -7.913762
[hold in-reg] rst -> _11447_/RESET_B : -7.913736
[hold in-reg] rst -> _11436_/RESET_B : -7.913651
[hold in-reg] rst -> _10872_/RESET_B : -7.913445
[hold in-reg] rst -> _11445_/RESET_B : -7.913407
[hold in-reg] rst -> _11441_/RESET_B : -7.913240
[hold in-reg] rst -> _10871_/RESET_B : -7.913153
[hold in-reg] rst -> _10493_/RESET_B : -7.913021
[hold in-reg] rst -> _11429_/RESET_B : -7.912763
[hold in-reg] rst -> _11437_/RESET_B : -7.912550
[hold in-reg] rst -> _10503_/RESET_B : -7.912211
[hold in-reg] rst -> _10833_/RESET_B : -7.912136
[hold in-reg] rst -> _11446_/RESET_B : -7.912090
[hold in-reg] rst -> _10578_/RESET_B : -7.912057
[hold in-reg] rst -> _10610_/RESET_B : -7.911625
[hold in-reg] rst -> _10612_/RESET_B : -7.911508
[hold in-reg] rst -> _10545_/RESET_B : -7.911152
[hold in-reg] rst -> _10598_/RESET_B : -7.911085
[hold in-reg] rst -> _10506_/RESET_B : -7.911017
[hold in-reg] rst -> _10582_/RESET_B : -7.911023
[hold in-reg] rst -> _10528_/RESET_B : -7.910934
[hold in-reg] rst -> _10508_/RESET_B : -7.910800
[hold in-reg] rst -> _10575_/RESET_B : -7.910787
[hold in-reg] rst -> _10510_/RESET_B : -7.910748
[hold in-reg] rst -> _10583_/RESET_B : -7.910368
[hold in-reg] rst -> _10615_/RESET_B : -7.910285
[hold in-reg] rst -> _10614_/RESET_B : -7.910225
[hold in-reg] rst -> _10544_/RESET_B : -7.910209
[hold in-reg] rst -> _10580_/RESET_B : -7.910128
[hold in-reg] rst -> _10511_/RESET_B : -7.908932
[hold in-reg] rst -> _10748_/RESET_B : -7.908829
[hold in-reg] rst -> _10585_/RESET_B : -7.908700
[hold in-reg] rst -> _10584_/RESET_B : -7.908346
[hold in-reg] rst -> _10540_/RESET_B : -7.908183
[hold in-reg] rst -> _10567_/RESET_B : -7.905419
[hold in-reg] rst -> _10529_/RESET_B : -7.898263
[hold in-reg] rst -> _10873_/RESET_B : -7.882206
[hold in-reg] rst -> _10568_/RESET_B : -7.871308
[hold in-reg] rst -> _10530_/RESET_B : -7.863972
[setup reg-out] _10634_/Q -> dbg_dmem_we : -10.785913
[setup reg-out] _10634_/Q -> dbg_dmem_addr[0] : -9.921268
[setup reg-out] _10634_/Q -> dbg_dmem_addr[31] : -9.784825
[setup reg-out] _10634_/Q -> dbg_dmem_addr[29] : -9.581516
[setup reg-out] _10634_/Q -> dbg_dmem_addr[30] : -9.576338
[setup reg-out] _10634_/Q -> dbg_dmem_addr[22] : -9.548714
[setup reg-out] _10634_/Q -> dbg_dmem_addr[28] : -9.489073
[setup reg-out] _10634_/Q -> dbg_dmem_addr[25] : -9.445325
[setup reg-out] _10634_/Q -> dbg_dmem_addr[26] : -9.346936
[setup reg-out] _10634_/Q -> dbg_dmem_addr[27] : -9.329209
[setup reg-out] _10634_/Q -> dbg_dmem_addr[20] : -9.256006
[setup reg-out] _10634_/Q -> dbg_dmem_addr[23] : -9.159788
[setup reg-out] _10634_/Q -> dbg_dmem_addr[21] : -9.087412
[setup reg-out] _10634_/Q -> dbg_dmem_addr[9] : -8.968608
[setup reg-out] _10634_/Q -> dbg_dmem_addr[19] : -8.933361
[setup reg-out] _10634_/Q -> dbg_dmem_addr[24] : -8.878751
[setup reg-out] _10634_/Q -> dbg_dmem_addr[15] : -8.864452
[setup reg-out] _10634_/Q -> dbg_dmem_addr[16] : -8.789256
[setup reg-out] _10634_/Q -> dbg_dmem_addr[18] : -8.781242
[setup reg-out] _10634_/Q -> dbg_dmem_addr[14] : -8.777933
[setup reg-out] _10634_/Q -> dbg_dmem_addr[17] : -8.735123
[setup reg-out] _10634_/Q -> dbg_dmem_addr[11] : -8.671032
[setup reg-out] _10634_/Q -> dbg_dmem_addr[10] : -8.653485
[setup reg-out] _10634_/Q -> dbg_dmem_addr[13] : -8.630394
[setup reg-out] _10634_/Q -> dbg_dmem_addr[4] : -8.467950
[setup reg-out] _10634_/Q -> dbg_dmem_addr[12] : -8.424214
[setup reg-out] _10634_/Q -> dbg_dmem_addr[7] : -8.416356
[setup reg-out] _10634_/Q -> dbg_dmem_addr[1] : -8.237690
[setup reg-out] _10634_/Q -> dbg_dmem_addr[8] : -8.202044
[setup reg-out] _10634_/Q -> dbg_dmem_addr[3] : -8.201639
[setup reg-out] _10634_/Q -> dbg_dmem_addr[6] : -8.122047
[setup reg-out] _10634_/Q -> dbg_dmem_addr[2] : -8.103525
[setup reg-out] _10634_/Q -> dbg_dmem_addr[5] : -7.934663
[setup reg-out] _10634_/Q -> dbg_dmem_wdata[6] : -4.856073
[setup reg-out] _10634_/Q -> dbg_dmem_wdata[5] : -4.855886
[setup reg-out] _10634_/Q -> dbg_dmem_wdata[0] : -4.851767
[setup reg-out] _10634_/Q -> dbg_dmem_wdata[4] : -4.846427
[setup reg-out] _10634_/Q -> dbg_dmem_wdata[7] : -4.840210
[setup reg-out] _10634_/Q -> dbg_dmem_wdata[2] : -4.839168
[setup reg-out] _10634_/Q -> dbg_dmem_wdata[3] : -4.786999
[setup reg-out] _10634_/Q -> dbg_dmem_wdata[1] : -4.761718
[setup reg-out] _10634_/Q -> dbg_dmem_wdata[9] : -4.547003
[setup reg-out] _10634_/Q -> dbg_dmem_wdata[28] : -4.440619
[setup reg-out] _10634_/Q -> dbg_dmem_wdata[26] : -4.439415
[setup reg-out] _10634_/Q -> dbg_dmem_wdata[27] : -4.419613
[setup reg-out] _10634_/Q -> dbg_dmem_wdata[30] : -4.419516
[setup reg-out] _10634_/Q -> dbg_dmem_wdata[31] : -4.408396
[setup reg-out] _10634_/Q -> dbg_dmem_wdata[23] : -4.408385
[setup reg-out] _10634_/Q -> dbg_dmem_wdata[24] : -4.400866
[setup reg-out] _10634_/Q -> dbg_dmem_wdata[25] : -4.392088
[setup reg-out] _10634_/Q -> dbg_dmem_wdata[21] : -4.386195
[setup reg-out] _10634_/Q -> dbg_dmem_wdata[17] : -4.381916
[setup reg-out] _10634_/Q -> dbg_dmem_wdata[12] : -4.380615
[setup reg-out] _10634_/Q -> dbg_dmem_wdata[18] : -4.377725
[setup reg-out] _10634_/Q -> dbg_dmem_wdata[19] : -4.376569
[setup reg-out] _10634_/Q -> dbg_dmem_wdata[22] : -4.373479
[setup reg-out] _10634_/Q -> dbg_dmem_wdata[20] : -4.372474
[setup reg-out] _10634_/Q -> dbg_dmem_wdata[13] : -4.365990
[setup reg-out] _10634_/Q -> dbg_dmem_wdata[15] : -4.365512
[setup reg-out] _10634_/Q -> dbg_dmem_wdata[8] : -4.362453
[setup reg-out] _10634_/Q -> dbg_dmem_wdata[10] : -4.356231
[setup reg-out] _10634_/Q -> dbg_dmem_wdata[16] : -4.350019
[setup reg-out] _10634_/Q -> dbg_dmem_wdata[11] : -4.346386
[setup reg-out] _10634_/Q -> dbg_dmem_wdata[14] : -4.338032
[setup reg-out] _10634_/Q -> dbg_dmem_wdata[29] : -3.763665
[setup reg-out] dmem_sram/dout0[7] -> dbg_dmem_rdata[23] : -2.537227
[setup reg-out] dmem_sram/dout0[7] -> dbg_dmem_rdata[24] : -2.536343
[setup reg-out] dmem_sram/dout0[7] -> dbg_dmem_rdata[25] : -2.535494
[setup reg-out] dmem_sram/dout0[7] -> dbg_dmem_rdata[21] : -2.535355
[setup reg-out] dmem_sram/dout0[7] -> dbg_dmem_rdata[28] : -2.534527
[setup reg-out] dmem_sram/dout0[7] -> dbg_dmem_rdata[30] : -2.534476
[setup reg-out] dmem_sram/dout0[7] -> dbg_dmem_rdata[31] : -2.531660
[setup reg-out] dmem_sram/dout0[7] -> dbg_dmem_rdata[29] : -2.531211
[setup reg-out] dmem_sram/dout0[7] -> dbg_dmem_rdata[27] : -2.528637
[setup reg-out] dmem_sram/dout0[7] -> dbg_dmem_rdata[18] : -2.513376
[setup reg-out] dmem_sram/dout0[7] -> dbg_dmem_rdata[22] : -2.513048
[setup reg-out] dmem_sram/dout0[7] -> dbg_dmem_rdata[26] : -2.512508
[setup reg-out] dmem_sram/dout0[7] -> dbg_dmem_rdata[17] : -2.511921
[setup reg-out] dmem_sram/dout0[7] -> dbg_dmem_rdata[19] : -2.511520
[setup reg-out] dmem_sram/dout0[7] -> dbg_dmem_rdata[20] : -2.506445
[setup reg-out] dmem_sram/dout0[7] -> dbg_dmem_rdata[16] : -2.505070
[setup reg-out] dmem_sram/dout0[7] -> dbg_dmem_rdata[15] : -2.282073
[setup reg-out] dmem_sram/dout0[7] -> dbg_dmem_rdata[12] : -2.265622
[setup reg-out] dmem_sram/dout0[7] -> dbg_dmem_rdata[13] : -2.240983
[setup reg-out] dmem_sram/dout0[7] -> dbg_dmem_rdata[14] : -2.235865
[setup reg-out] dmem_sram/dout0[7] -> dbg_dmem_rdata[11] : -2.235653
[setup reg-out] dmem_sram/dout0[7] -> dbg_dmem_rdata[9] : -2.234430
[setup reg-out] dmem_sram/dout0[7] -> dbg_dmem_rdata[10] : -2.232785
[setup reg-out] dmem_sram/dout0[7] -> dbg_dmem_rdata[8] : -2.216917
[setup reg-out] dmem_sram/dout0[7] -> dbg_dmem_rdata[7] : -2.131117
[setup reg-out] imem_sram/dout1[29] -> dbg_imem_data[29] : -2.126996
[setup reg-out] imem_sram/dout1[30] -> dbg_imem_data[30] : -2.123125
[setup reg-out] imem_sram/dout1[26] -> dbg_imem_data[26] : -2.122230
[setup reg-out] imem_sram/dout1[31] -> dbg_imem_data[31] : -2.120807
[setup reg-out] imem_sram/dout1[28] -> dbg_imem_data[28] : -2.113797
[setup reg-out] imem_sram/dout1[24] -> dbg_imem_data[24] : -2.113508
[setup reg-out] imem_sram/dout1[25] -> dbg_imem_data[25] : -2.110694
[setup reg-out] imem_sram/dout1[27] -> dbg_imem_data[27] : -2.104130
[setup reg-out] imem_sram/dout1[23] -> dbg_imem_data[23] : -2.102905
[setup reg-out] imem_sram/dout1[19] -> dbg_imem_data[19] : -2.092174
[setup reg-out] imem_sram/dout1[18] -> dbg_imem_data[18] : -2.088674
[setup reg-out] imem_sram/dout1[22] -> dbg_imem_data[22] : -2.077313
[setup reg-out] imem_sram/dout1[21] -> dbg_imem_data[21] : -2.073515
[setup reg-out] imem_sram/dout1[20] -> dbg_imem_data[20] : -2.070904
[setup reg-out] imem_sram/dout1[17] -> dbg_imem_data[17] : -2.060856
[setup reg-out] imem_sram/dout1[13] -> dbg_imem_data[13] : -2.058817
[setup reg-out] imem_sram/dout1[16] -> dbg_imem_data[16] : -2.057666
[setup reg-out] imem_sram/dout1[14] -> dbg_imem_data[14] : -2.057062
[setup reg-out] imem_sram/dout1[9] -> dbg_imem_data[9] : -2.056357
[setup reg-out] imem_sram/dout1[10] -> dbg_imem_data[10] : -2.054167
[setup reg-out] imem_sram/dout1[15] -> dbg_imem_data[15] : -2.053422
[setup reg-out] imem_sram/dout1[6] -> dbg_imem_data[6] : -2.052646
[setup reg-out] imem_sram/dout1[11] -> dbg_imem_data[11] : -2.051362
[setup reg-out] imem_sram/dout1[4] -> dbg_imem_data[4] : -2.050420
[setup reg-out] imem_sram/dout1[12] -> dbg_imem_data[12] : -2.050030
[setup reg-out] imem_sram/dout1[5] -> dbg_imem_data[5] : -2.047820
[setup reg-out] imem_sram/dout1[8] -> dbg_imem_data[8] : -2.047299
[setup reg-out] dmem_sram/dout0[30] -> dbg_dmem_rdata[6] : -2.036499
[setup reg-out] dmem_sram/dout0[29] -> dbg_dmem_rdata[5] : -2.035852
[setup reg-out] dmem_sram/dout0[28] -> dbg_dmem_rdata[4] : -2.034156
[setup reg-out] dmem_sram/dout0[27] -> dbg_dmem_rdata[3] : -2.033561
[setup reg-out] imem_sram/dout1[7] -> dbg_imem_data[7] : -2.033428
[setup reg-out] dmem_sram/dout0[26] -> dbg_dmem_rdata[2] : -2.025892
[setup reg-out] imem_sram/dout1[0] -> dbg_imem_data[0] : -2.025823
[setup reg-out] imem_sram/dout1[1] -> dbg_imem_data[1] : -2.024997
[setup reg-out] imem_sram/dout1[2] -> dbg_imem_data[2] : -2.024395
[setup reg-out] imem_sram/dout1[3] -> dbg_imem_data[3] : -2.024182
[setup reg-out] dmem_sram/dout0[25] -> dbg_dmem_rdata[1] : -2.023313
[setup reg-out] dmem_sram/dout0[24] -> dbg_dmem_rdata[0] : -2.020158
[setup reg-out] _11306_/Q -> dbg_imem_addr[6] : -1.555335
[setup reg-out] _11305_/Q -> dbg_imem_addr[5] : -1.552225
[setup reg-out] _11307_/Q -> dbg_imem_addr[7] : -1.549711
[setup reg-out] _11303_/Q -> dbg_imem_addr[3] : -1.538183
[setup reg-out] _11308_/Q -> dbg_imem_addr[8] : -1.532829
[setup reg-out] _11309_/Q -> dbg_imem_addr[9] : -1.526075
[setup reg-out] _11304_/Q -> dbg_imem_addr[4] : -1.512950
[setup reg-out] _11302_/Q -> dbg_imem_addr[2] : -1.463828
[setup reg-out] _11312_/Q -> dbg_imem_addr[12] : -1.222670
[setup reg-out] _11315_/Q -> dbg_imem_addr[15] : -1.217765
[setup reg-out] _11318_/Q -> dbg_imem_addr[18] : -1.212355
[setup reg-out] _11330_/Q -> dbg_imem_addr[30] : -1.208262
[setup reg-out] _11321_/Q -> dbg_imem_addr[21] : -1.206217
[setup reg-out] _11329_/Q -> dbg_imem_addr[29] : -1.206129
[setup reg-out] _11331_/Q -> dbg_imem_addr[31] : -1.204628
[setup reg-out] _11314_/Q -> dbg_imem_addr[14] : -1.200524
[setup reg-out] _11324_/Q -> dbg_imem_addr[24] : -1.200215
[setup reg-out] _11327_/Q -> dbg_imem_addr[27] : -1.199730
[setup reg-out] _11316_/Q -> dbg_imem_addr[16] : -1.197234
[setup reg-out] _11317_/Q -> dbg_imem_addr[17] : -1.194115
[setup reg-out] _11320_/Q -> dbg_imem_addr[20] : -1.193735
[setup reg-out] _11310_/Q -> dbg_imem_addr[10] : -1.190713
[setup reg-out] _11311_/Q -> dbg_imem_addr[11] : -1.189120
[setup reg-out] _11313_/Q -> dbg_imem_addr[13] : -1.188164
[setup reg-out] _11323_/Q -> dbg_imem_addr[23] : -1.186194
[setup reg-out] _11328_/Q -> dbg_imem_addr[28] : -1.183549
[setup reg-out] _11322_/Q -> dbg_imem_addr[22] : -1.182581
[setup reg-out] _11326_/Q -> dbg_imem_addr[26] : -1.182544
[setup reg-out] _11319_/Q -> dbg_imem_addr[19] : -1.182162
[setup reg-out] _11325_/Q -> dbg_imem_addr[25] : -1.179421
[setup reg-out] _11333_/Q -> dbg_imem_addr[1] : -1.155909
[setup reg-out] _11332_/Q -> dbg_imem_addr[0] : -1.149671
Writing metric timing__hold_vio__count__corner:nom_tt_025C_1v80: 532
Writing metric timing__hold_r2r__ws__corner:nom_tt_025C_1v80: 0.383331
Writing metric timing__hold_r2r_vio__count__corner:nom_tt_025C_1v80: 0
Writing metric timing__setup_vio__count__corner:nom_tt_025C_1v80: 161
Writing metric timing__setup_r2r__ws__corner:nom_tt_025C_1v80: 4.381645
Writing metric timing__setup_r2r_vio__count__corner:nom_tt_025C_1v80: 0
