
===========================================================================
 report_power
============================================================================
======================= max_ss_100C_1v60 Corner ===================================

Group                    Internal    Switching      Leakage        Total
                            Power        Power        Power        Power (Watts)
------------------------------------------------------------------------
Sequential           2.340353e-03 0.000000e+00 2.317629e-05 2.363529e-03  27.0%
Combinational        1.580761e-06 4.370846e-06 3.920277e-05 4.515437e-05   0.5%
Clock                1.253305e-03 1.199914e-03 3.927930e-06 2.457147e-03  28.1%
Macro                3.835787e-03 0.000000e+00 3.806400e-05 3.873851e-03  44.3%
Pad                  0.000000e+00 0.000000e+00 0.000000e+00 0.000000e+00   0.0%
------------------------------------------------------------------------
Total                7.431027e-03 1.204285e-03 1.043658e-04 8.739678e-03 100.0%
                            85.0%        13.8%         1.2%

