
===========================================================================
 report_power
============================================================================
======================= nom_tt_025C_1v80 Corner ===================================

Group                    Internal    Switching      Leakage        Total
                            Power        Power        Power        Power (Watts)
------------------------------------------------------------------------
Sequential           3.043647e-03 0.000000e+00 1.476201e-08 3.043662e-03  29.7%
Combinational        2.075943e-05 5.284174e-05 4.104447e-08 7.364221e-05   0.7%
Clock                1.996324e-03 1.260540e-03 6.829640e-09 3.256871e-03  31.8%
Macro                3.835787e-03 0.000000e+00 3.806400e-05 3.873851e-03  37.8%
Pad                  0.000000e+00 0.000000e+00 0.000000e+00 0.000000e+00   0.0%
------------------------------------------------------------------------
Total                8.896523e-03 1.313382e-03 3.812769e-05 1.024803e-02 100.0%
                            86.8%        12.8%         0.4%
Writing metric power__internal__total: 0.008896523155272007
Writing metric power__switching__total: 0.0013133822940289974
Writing metric power__leakage__total: 3.812768773059361e-5
Writing metric power__total: 0.0102480323985219

