
===========================================================================
 report_power
============================================================================
======================= nom_tt_025C_1v80 Corner ===================================

Group                    Internal    Switching      Leakage        Total
                            Power        Power        Power        Power (Watts)
------------------------------------------------------------------------
Sequential           3.171268e-03 0.000000e+00 1.477681e-08 3.171283e-03  45.0%
Combinational        3.325320e-07 2.580394e-06 2.477963e-08 2.937706e-06   0.0%
Clock                0.000000e+00 0.000000e+00 2.857733e-09 2.857733e-09   0.0%
Macro                3.835787e-03 0.000000e+00 3.806400e-05 3.873851e-03  55.0%
Pad                  0.000000e+00 0.000000e+00 0.000000e+00 0.000000e+00   0.0%
------------------------------------------------------------------------
Total                7.007387e-03 2.580394e-06 3.810677e-05 7.048075e-03 100.0%
                            99.4%         0.0%         0.5%
Writing metric power__internal__total: 0.007007387466728687
Writing metric power__switching__total: 2.5803944936342305e-6
Writing metric power__leakage__total: 3.810676571447402e-5
Writing metric power__total: 0.007048074621707201

