
===========================================================================
report_checks -unconstrained
===========================================================================
======================= nom_ss_100C_1v60 Corner ===================================

Startpoint: rst (input port clocked by clk)
Endpoint: _10611_ (recovery check against rising-edge clock clk)
Path Group: asynchronous
Path Type: max

Fanout         Cap        Slew       Delay        Time   Description
---------------------------------------------------------------------------------------------
                                  0.000000    0.000000   clock clk (rise edge)
                                  0.000000    0.000000   clock network delay (propagated)
                                  4.000000    4.000000 v input external delay
     1    0.002929    0.018952    0.009642    4.009642 v rst (in)
                                                         rst (net)
                      0.018952    0.000000    4.009642 v input42/A (sky130_fd_sc_hd__buf_4)
     2    0.093635    0.218120    0.370598    4.380240 v input42/X (sky130_fd_sc_hd__buf_4)
                                                         net42 (net)
                      0.220651    0.018805    4.399045 v fanout1197/A (sky130_fd_sc_hd__buf_4)
     6    0.086244    0.206846    0.462235    4.861279 v fanout1197/X (sky130_fd_sc_hd__buf_4)
                                                         net1197 (net)
                      0.207001    0.005165    4.866444 v fanout1187/A (sky130_fd_sc_hd__buf_2)
     5    0.037765    0.179844    0.420072    5.286516 v fanout1187/X (sky130_fd_sc_hd__buf_2)
                                                         net1187 (net)
                      0.179847    0.001074    5.287590 v fanout1186/A (sky130_fd_sc_hd__clkbuf_4)
     6    0.055945    0.208350    0.430135    5.717725 v fanout1186/X (sky130_fd_sc_hd__clkbuf_4)
                                                         net1186 (net)
                      0.208399    0.003083    5.720808 v fanout1185/A (sky130_fd_sc_hd__buf_4)
    10    0.069411    0.172825    0.427597    6.148405 v fanout1185/X (sky130_fd_sc_hd__buf_4)
                                                         net1185 (net)
                      0.172825    0.000719    6.149123 v fanout1184/A (sky130_fd_sc_hd__buf_4)
     9    0.056750    0.147167    0.390330    6.539453 v fanout1184/X (sky130_fd_sc_hd__buf_4)
                                                         net1184 (net)
                      0.147169    0.000912    6.540365 v fanout1183/A (sky130_fd_sc_hd__buf_4)
    10    0.060519    0.154837    0.385715    6.926080 v fanout1183/X (sky130_fd_sc_hd__buf_4)
                                                         net1183 (net)
                      0.154853    0.001638    6.927718 v _09539_/A (sky130_fd_sc_hd__inv_2)
     1    0.004313    0.060154    0.107652    7.035370 ^ _09539_/Y (sky130_fd_sc_hd__inv_2)
                                                         _00312_ (net)
                      0.060154    0.000058    7.035428 ^ _10611_/RESET_B (sky130_fd_sc_hd__dfrtp_1)
                                              7.035428   data arrival time

                                 20.000000   20.000000   clock clk (rise edge)
                                  0.000000   20.000000   clock source latency
     1    0.117538    0.849589    0.613282   20.613283 ^ clk (in)
                                                         clk (net)
                      0.855808    0.000000   20.613283 ^ clkbuf_0_clk/A (sky130_fd_sc_hd__clkbuf_16)
     4    0.085104    0.165235    0.592889   21.206171 ^ clkbuf_0_clk/X (sky130_fd_sc_hd__clkbuf_16)
                                                         clknet_0_clk (net)
                      0.166928    0.012205   21.218376 ^ clkbuf_2_2_0_clk/A (sky130_fd_sc_hd__clkbuf_8)
     4    0.074463    0.214823    0.380251   21.598627 ^ clkbuf_2_2_0_clk/X (sky130_fd_sc_hd__clkbuf_8)
                                                         clknet_2_2_0_clk (net)
                      0.215080    0.006148   21.604776 ^ clkbuf_4_8_0_clk/A (sky130_fd_sc_hd__clkbuf_8)
     2    0.032159    0.111052    0.329708   21.934483 ^ clkbuf_4_8_0_clk/X (sky130_fd_sc_hd__clkbuf_8)
                                                         clknet_4_8_0_clk (net)
                      0.111060    0.001037   21.935520 ^ clkbuf_5_16__f_clk/A (sky130_fd_sc_hd__clkbuf_16)
    12    0.103353    0.180742    0.336438   22.271959 ^ clkbuf_5_16__f_clk/X (sky130_fd_sc_hd__clkbuf_16)
                                                         clknet_5_16__leaf_clk (net)
                      0.180793    0.003016   22.274975 ^ clkbuf_leaf_103_clk/A (sky130_fd_sc_hd__clkbuf_8)
     7    0.028391    0.103699    0.305718   22.580694 ^ clkbuf_leaf_103_clk/X (sky130_fd_sc_hd__clkbuf_8)
                                                         clknet_leaf_103_clk (net)
                      0.103700    0.000519   22.581213 ^ _10611_/CLK (sky130_fd_sc_hd__dfrtp_1)
                                 -0.250000   22.331213   clock uncertainty
                                  0.000000   22.331213   clock reconvergence pessimism
                                  0.477442   22.808655   library recovery time
                                             22.808655   data required time
---------------------------------------------------------------------------------------------
                                             22.808655   data required time
                                             -7.035428   data arrival time
---------------------------------------------------------------------------------------------
                                             15.773229   slack (MET)


Startpoint: _10634_ (rising edge-triggered flip-flop clocked by clk)
Endpoint: dbg_dmem_we (output port clocked by clk)
Path Group: clk
Path Type: max

Fanout         Cap        Slew       Delay        Time   Description
---------------------------------------------------------------------------------------------
                                  0.000000    0.000000   clock clk (rise edge)
                                  0.000000    0.000000   clock source latency
     1    0.117538    0.849589    0.613281    0.613281 ^ clk (in)
                                                         clk (net)
                      0.855808    0.000000    0.613281 ^ clkbuf_0_clk/A (sky130_fd_sc_hd__clkbuf_16)
     4    0.085104    0.165235    0.592889    1.206171 ^ clkbuf_0_clk/X (sky130_fd_sc_hd__clkbuf_16)
                                                         clknet_0_clk (net)
                      0.166928    0.012206    1.218377 ^ clkbuf_2_2_0_clk/A (sky130_fd_sc_hd__clkbuf_8)
     4    0.074463    0.214823    0.380250    1.598627 ^ clkbuf_2_2_0_clk/X (sky130_fd_sc_hd__clkbuf_8)
                                                         clknet_2_2_0_clk (net)
                      0.216157    0.013616    1.612243 ^ clkbuf_4_11_0_clk/A (sky130_fd_sc_hd__clkbuf_8)
     2    0.034649    0.116874    0.334185    1.946428 ^ clkbuf_4_11_0_clk/X (sky130_fd_sc_hd__clkbuf_8)
                                                         clknet_4_11_0_clk (net)
                      0.116983    0.003158    1.949586 ^ clkbuf_5_22__f_clk/A (sky130_fd_sc_hd__clkbuf_16)
    10    0.083907    0.153541    0.318453    2.268039 ^ clkbuf_5_22__f_clk/X (sky130_fd_sc_hd__clkbuf_16)
                                                         clknet_5_22__leaf_clk (net)
                      0.153643    0.003611    2.271650 ^ clkbuf_leaf_163_clk/A (sky130_fd_sc_hd__clkbuf_8)
    10    0.032343    0.111411    0.301845    2.573495 ^ clkbuf_leaf_163_clk/X (sky130_fd_sc_hd__clkbuf_8)
                                                         clknet_leaf_163_clk (net)
                      0.111412    0.000567    2.574063 ^ _10634_/CLK (sky130_fd_sc_hd__dfrtp_2)
     5    0.017497    0.172079    0.800912    3.374974 ^ _10634_/Q (sky130_fd_sc_hd__dfrtp_2)
                                                         cpu_core.ex_mem_reg_inst.rd_addr_out[3] (net)
                      0.172079    0.000592    3.375566 ^ _05022_/A_N (sky130_fd_sc_hd__and2b_1)
     2    0.009771    0.122256    0.458095    3.833661 v _05022_/X (sky130_fd_sc_hd__and2b_1)
                                                         _01937_ (net)
                      0.122256    0.000257    3.833918 v _05025_/B1 (sky130_fd_sc_hd__a2111o_1)
     1    0.006765    0.145819    0.803265    4.637182 v _05025_/X (sky130_fd_sc_hd__a2111o_1)
                                                         _01940_ (net)
                      0.145819    0.000287    4.637469 v _05026_/A (sky130_fd_sc_hd__or4_4)
     2    0.034714    0.242931    1.229813    5.867282 v _05026_/X (sky130_fd_sc_hd__or4_4)
                                                         _01941_ (net)
                      0.242946    0.001318    5.868599 v fanout505/A (sky130_fd_sc_hd__buf_8)
     7    0.048397    0.085848    0.337637    6.206236 v fanout505/X (sky130_fd_sc_hd__buf_8)
                                                         net505 (net)
                      0.085850    0.000667    6.206903 v _05045_/A1 (sky130_fd_sc_hd__o21ai_4)
     3    0.046291    0.557848    0.542003    6.748906 ^ _05045_/Y (sky130_fd_sc_hd__o21ai_4)
                                                         _01960_ (net)
                      0.557852    0.001272    6.750178 ^ fanout408/A (sky130_fd_sc_hd__clkbuf_8)
    10    0.093993    0.265853    0.584613    7.334791 ^ fanout408/X (sky130_fd_sc_hd__clkbuf_8)
                                                         net408 (net)
                      0.266653    0.010849    7.345640 ^ _05237_/B1 (sky130_fd_sc_hd__o221a_4)
     8    0.279266    1.369355    1.305181    8.650822 ^ _05237_/X (sky130_fd_sc_hd__o221a_4)
                                                         dmem_din[5] (net)
                      1.371208    0.043940    8.694761 ^ _05238_/A1 (sky130_fd_sc_hd__mux2_1)
     2    0.009870    0.186485    0.687805    9.382567 ^ _05238_/X (sky130_fd_sc_hd__mux2_1)
                                                         _02138_ (net)
                      0.186485    0.000253    9.382820 ^ _05239_/B (sky130_fd_sc_hd__xnor2_1)
     3    0.009798    0.412238    0.316120    9.698940 ^ _05239_/Y (sky130_fd_sc_hd__xnor2_1)
                                                         _02139_ (net)
                      0.412238    0.000273    9.699213 ^ _05324_/B (sky130_fd_sc_hd__xnor2_1)
     3    0.010646    0.210038    0.334973   10.034186 v _05324_/Y (sky130_fd_sc_hd__xnor2_1)
                                                         _02219_ (net)
                      0.210038    0.000236   10.034423 v _05330_/B (sky130_fd_sc_hd__or2_1)
     1    0.004839    0.117088    0.540077   10.574500 v _05330_/X (sky130_fd_sc_hd__or2_1)
                                                         _02225_ (net)
                      0.117088    0.000181   10.574681 v _05331_/D (sky130_fd_sc_hd__or4_4)
     3    0.012498    0.180813    0.902740   11.477421 v _05331_/X (sky130_fd_sc_hd__or4_4)
                                                         _02226_ (net)
                      0.180813    0.000560   11.477982 v _05386_/A2 (sky130_fd_sc_hd__a21o_1)
     3    0.018082    0.175632    0.475907   11.953889 v _05386_/X (sky130_fd_sc_hd__a21o_1)
                                                         _02277_ (net)
                      0.175633    0.000843   11.954732 v _05391_/A2 (sky130_fd_sc_hd__o211ai_4)
     5    0.023566    0.384656    0.429321   12.384053 ^ _05391_/Y (sky130_fd_sc_hd__o211ai_4)
                                                         _02282_ (net)
                      0.384656    0.000918   12.384972 ^ _05561_/A1 (sky130_fd_sc_hd__a21oi_1)
     1    0.004614    0.146091    0.260282   12.645254 v _05561_/Y (sky130_fd_sc_hd__a21oi_1)
                                                         _02444_ (net)
                      0.146091    0.000132   12.645387 v _05562_/B (sky130_fd_sc_hd__xnor2_1)
     2    0.013816    0.545238    0.518617   13.164003 ^ _05562_/Y (sky130_fd_sc_hd__xnor2_1)
                                                         _02445_ (net)
                      0.545239    0.000626   13.164630 ^ _05584_/C (sky130_fd_sc_hd__and4_1)
     1    0.003750    0.115253    0.541053   13.705683 ^ _05584_/X (sky130_fd_sc_hd__and4_1)
                                                         _02467_ (net)
                      0.115253    0.000131   13.705814 ^ _05585_/D_N (sky130_fd_sc_hd__or4bb_4)
     1    0.014231    0.186279    0.988092   14.693907 v _05585_/X (sky130_fd_sc_hd__or4bb_4)
                                                         _02468_ (net)
                      0.186279    0.000967   14.694874 v _05586_/A_N (sky130_fd_sc_hd__and4b_1)
     1    0.007550    0.166336    0.609707   15.304581 ^ _05586_/X (sky130_fd_sc_hd__and4b_1)
                                                         _02469_ (net)
                      0.166336    0.000297   15.304878 ^ _05587_/C (sky130_fd_sc_hd__and4_4)
     2    0.033254    0.227117    0.669388   15.974266 ^ _05587_/X (sky130_fd_sc_hd__and4_4)
                                                         _02470_ (net)
                      0.227182    0.003629   15.977895 ^ _05665_/A3 (sky130_fd_sc_hd__o311ai_4)
     1    0.010519    0.186453    0.239144   16.217039 v _05665_/Y (sky130_fd_sc_hd__o311ai_4)
                                                         _02548_ (net)
                      0.186453    0.000361   16.217400 v _05667_/A2 (sky130_fd_sc_hd__a21oi_4)
     5    0.030890    0.392172    0.468614   16.686012 ^ _05667_/Y (sky130_fd_sc_hd__a21oi_4)
                                                         _02550_ (net)
                      0.392310    0.001361   16.687374 ^ _06771_/A (sky130_fd_sc_hd__nand2_8)
     6    0.248060    0.607084    0.529813   17.217186 v _06771_/Y (sky130_fd_sc_hd__nand2_8)
                                                         _00189_ (net)
                      0.607171    0.007066   17.224253 v _06772_/A (sky130_fd_sc_hd__inv_12)
     2    0.083594    0.223440    0.389683   17.613935 ^ _06772_/Y (sky130_fd_sc_hd__inv_12)
                                                         net139 (net)
                      0.223795    0.005789   17.619724 ^ output139/A (sky130_fd_sc_hd__buf_8)
     1    0.034707    0.105982    0.273959   17.893684 ^ output139/X (sky130_fd_sc_hd__buf_8)
                                                         dbg_dmem_we (net)
                      0.105988    0.000870   17.894554 ^ dbg_dmem_we (out)
                                             17.894554   data arrival time

                                 20.000000   20.000000   clock clk (rise edge)
                                  0.000000   20.000000   clock network delay (propagated)
                                 -0.250000   19.750002   clock uncertainty
                                  0.000000   19.750002   clock reconvergence pessimism
                                 -4.000000   15.750001   output external delay
                                             15.750001   data required time
---------------------------------------------------------------------------------------------
                                             15.750001   data required time
                                            -17.894554   data arrival time
---------------------------------------------------------------------------------------------
                                             -2.144553   slack (VIOLATED)




===========================================================================
report_checks --slack_max -0.01
============================================================================
======================= nom_ss_100C_1v60 Corner ===================================

Startpoint: _10634_ (rising edge-triggered flip-flop clocked by clk)
Endpoint: dbg_dmem_we (output port clocked by clk)
Path Group: clk
Path Type: max

Fanout         Cap        Slew       Delay        Time   Description
---------------------------------------------------------------------------------------------
                                  0.000000    0.000000   clock clk (rise edge)
                                  0.000000    0.000000   clock source latency
     1    0.117538    0.849589    0.613281    0.613281 ^ clk (in)
                                                         clk (net)
                      0.855808    0.000000    0.613281 ^ clkbuf_0_clk/A (sky130_fd_sc_hd__clkbuf_16)
     4    0.085104    0.165235    0.592889    1.206171 ^ clkbuf_0_clk/X (sky130_fd_sc_hd__clkbuf_16)
                                                         clknet_0_clk (net)
                      0.166928    0.012206    1.218377 ^ clkbuf_2_2_0_clk/A (sky130_fd_sc_hd__clkbuf_8)
     4    0.074463    0.214823    0.380250    1.598627 ^ clkbuf_2_2_0_clk/X (sky130_fd_sc_hd__clkbuf_8)
                                                         clknet_2_2_0_clk (net)
                      0.216157    0.013616    1.612243 ^ clkbuf_4_11_0_clk/A (sky130_fd_sc_hd__clkbuf_8)
     2    0.034649    0.116874    0.334185    1.946428 ^ clkbuf_4_11_0_clk/X (sky130_fd_sc_hd__clkbuf_8)
                                                         clknet_4_11_0_clk (net)
                      0.116983    0.003158    1.949586 ^ clkbuf_5_22__f_clk/A (sky130_fd_sc_hd__clkbuf_16)
    10    0.083907    0.153541    0.318453    2.268039 ^ clkbuf_5_22__f_clk/X (sky130_fd_sc_hd__clkbuf_16)
                                                         clknet_5_22__leaf_clk (net)
                      0.153643    0.003611    2.271650 ^ clkbuf_leaf_163_clk/A (sky130_fd_sc_hd__clkbuf_8)
    10    0.032343    0.111411    0.301845    2.573495 ^ clkbuf_leaf_163_clk/X (sky130_fd_sc_hd__clkbuf_8)
                                                         clknet_leaf_163_clk (net)
                      0.111412    0.000567    2.574063 ^ _10634_/CLK (sky130_fd_sc_hd__dfrtp_2)
     5    0.017497    0.172079    0.800912    3.374974 ^ _10634_/Q (sky130_fd_sc_hd__dfrtp_2)
                                                         cpu_core.ex_mem_reg_inst.rd_addr_out[3] (net)
                      0.172079    0.000592    3.375566 ^ _05022_/A_N (sky130_fd_sc_hd__and2b_1)
     2    0.009771    0.122256    0.458095    3.833661 v _05022_/X (sky130_fd_sc_hd__and2b_1)
                                                         _01937_ (net)
                      0.122256    0.000257    3.833918 v _05025_/B1 (sky130_fd_sc_hd__a2111o_1)
     1    0.006765    0.145819    0.803265    4.637182 v _05025_/X (sky130_fd_sc_hd__a2111o_1)
                                                         _01940_ (net)
                      0.145819    0.000287    4.637469 v _05026_/A (sky130_fd_sc_hd__or4_4)
     2    0.034714    0.242931    1.229813    5.867282 v _05026_/X (sky130_fd_sc_hd__or4_4)
                                                         _01941_ (net)
                      0.242946    0.001318    5.868599 v fanout505/A (sky130_fd_sc_hd__buf_8)
     7    0.048397    0.085848    0.337637    6.206236 v fanout505/X (sky130_fd_sc_hd__buf_8)
                                                         net505 (net)
                      0.085850    0.000667    6.206903 v _05045_/A1 (sky130_fd_sc_hd__o21ai_4)
     3    0.046291    0.557848    0.542003    6.748906 ^ _05045_/Y (sky130_fd_sc_hd__o21ai_4)
                                                         _01960_ (net)
                      0.557852    0.001272    6.750178 ^ fanout408/A (sky130_fd_sc_hd__clkbuf_8)
    10    0.093993    0.265853    0.584613    7.334791 ^ fanout408/X (sky130_fd_sc_hd__clkbuf_8)
                                                         net408 (net)
                      0.266653    0.010849    7.345640 ^ _05237_/B1 (sky130_fd_sc_hd__o221a_4)
     8    0.279266    1.369355    1.305181    8.650822 ^ _05237_/X (sky130_fd_sc_hd__o221a_4)
                                                         dmem_din[5] (net)
                      1.371208    0.043940    8.694761 ^ _05238_/A1 (sky130_fd_sc_hd__mux2_1)
     2    0.009870    0.186485    0.687805    9.382567 ^ _05238_/X (sky130_fd_sc_hd__mux2_1)
                                                         _02138_ (net)
                      0.186485    0.000253    9.382820 ^ _05239_/B (sky130_fd_sc_hd__xnor2_1)
     3    0.009798    0.412238    0.316120    9.698940 ^ _05239_/Y (sky130_fd_sc_hd__xnor2_1)
                                                         _02139_ (net)
                      0.412238    0.000273    9.699213 ^ _05324_/B (sky130_fd_sc_hd__xnor2_1)
     3    0.010646    0.210038    0.334973   10.034186 v _05324_/Y (sky130_fd_sc_hd__xnor2_1)
                                                         _02219_ (net)
                      0.210038    0.000236   10.034423 v _05330_/B (sky130_fd_sc_hd__or2_1)
     1    0.004839    0.117088    0.540077   10.574500 v _05330_/X (sky130_fd_sc_hd__or2_1)
                                                         _02225_ (net)
                      0.117088    0.000181   10.574681 v _05331_/D (sky130_fd_sc_hd__or4_4)
     3    0.012498    0.180813    0.902740   11.477421 v _05331_/X (sky130_fd_sc_hd__or4_4)
                                                         _02226_ (net)
                      0.180813    0.000560   11.477982 v _05386_/A2 (sky130_fd_sc_hd__a21o_1)
     3    0.018082    0.175632    0.475907   11.953889 v _05386_/X (sky130_fd_sc_hd__a21o_1)
                                                         _02277_ (net)
                      0.175633    0.000843   11.954732 v _05391_/A2 (sky130_fd_sc_hd__o211ai_4)
     5    0.023566    0.384656    0.429321   12.384053 ^ _05391_/Y (sky130_fd_sc_hd__o211ai_4)
                                                         _02282_ (net)
                      0.384656    0.000918   12.384972 ^ _05561_/A1 (sky130_fd_sc_hd__a21oi_1)
     1    0.004614    0.146091    0.260282   12.645254 v _05561_/Y (sky130_fd_sc_hd__a21oi_1)
                                                         _02444_ (net)
                      0.146091    0.000132   12.645387 v _05562_/B (sky130_fd_sc_hd__xnor2_1)
     2    0.013816    0.545238    0.518617   13.164003 ^ _05562_/Y (sky130_fd_sc_hd__xnor2_1)
                                                         _02445_ (net)
                      0.545239    0.000626   13.164630 ^ _05584_/C (sky130_fd_sc_hd__and4_1)
     1    0.003750    0.115253    0.541053   13.705683 ^ _05584_/X (sky130_fd_sc_hd__and4_1)
                                                         _02467_ (net)
                      0.115253    0.000131   13.705814 ^ _05585_/D_N (sky130_fd_sc_hd__or4bb_4)
     1    0.014231    0.186279    0.988092   14.693907 v _05585_/X (sky130_fd_sc_hd__or4bb_4)
                                                         _02468_ (net)
                      0.186279    0.000967   14.694874 v _05586_/A_N (sky130_fd_sc_hd__and4b_1)
     1    0.007550    0.166336    0.609707   15.304581 ^ _05586_/X (sky130_fd_sc_hd__and4b_1)
                                                         _02469_ (net)
                      0.166336    0.000297   15.304878 ^ _05587_/C (sky130_fd_sc_hd__and4_4)
     2    0.033254    0.227117    0.669388   15.974266 ^ _05587_/X (sky130_fd_sc_hd__and4_4)
                                                         _02470_ (net)
                      0.227182    0.003629   15.977895 ^ _05665_/A3 (sky130_fd_sc_hd__o311ai_4)
     1    0.010519    0.186453    0.239144   16.217039 v _05665_/Y (sky130_fd_sc_hd__o311ai_4)
                                                         _02548_ (net)
                      0.186453    0.000361   16.217400 v _05667_/A2 (sky130_fd_sc_hd__a21oi_4)
     5    0.030890    0.392172    0.468614   16.686012 ^ _05667_/Y (sky130_fd_sc_hd__a21oi_4)
                                                         _02550_ (net)
                      0.392310    0.001361   16.687374 ^ _06771_/A (sky130_fd_sc_hd__nand2_8)
     6    0.248060    0.607084    0.529813   17.217186 v _06771_/Y (sky130_fd_sc_hd__nand2_8)
                                                         _00189_ (net)
                      0.607171    0.007066   17.224253 v _06772_/A (sky130_fd_sc_hd__inv_12)
     2    0.083594    0.223440    0.389683   17.613935 ^ _06772_/Y (sky130_fd_sc_hd__inv_12)
                                                         net139 (net)
                      0.223795    0.005789   17.619724 ^ output139/A (sky130_fd_sc_hd__buf_8)
     1    0.034707    0.105982    0.273959   17.893684 ^ output139/X (sky130_fd_sc_hd__buf_8)
                                                         dbg_dmem_we (net)
                      0.105988    0.000870   17.894554 ^ dbg_dmem_we (out)
                                             17.894554   data arrival time

                                 20.000000   20.000000   clock clk (rise edge)
                                  0.000000   20.000000   clock network delay (propagated)
                                 -0.250000   19.750002   clock uncertainty
                                  0.000000   19.750002   clock reconvergence pessimism
                                 -4.000000   15.750001   output external delay
                                             15.750001   data required time
---------------------------------------------------------------------------------------------
                                             15.750001   data required time
                                            -17.894554   data arrival time
---------------------------------------------------------------------------------------------
                                             -2.144553   slack (VIOLATED)




===========================================================================
 report_check_types -max_slew -max_cap -max_fanout -violators
============================================================================
======================= nom_ss_100C_1v60 Corner ===================================

max slew

Pin                                        Limit        Slew       Slack
------------------------------------------------------------------------
dmem_sram/din0[4]                       1.500000    5.258160   -3.758160 (VIOLATED)
dmem_sram/din0[6]                       1.500000    5.076941   -3.576941 (VIOLATED)
dmem_sram/din0[0]                       1.500000    4.579177   -3.079178 (VIOLATED)
dmem_sram/din0[2]                       1.500000    4.449516   -2.949516 (VIOLATED)
rebuffer5/X                             1.499758    3.942934   -2.443176 (VIOLATED)
dmem_sram/din0[3]                       1.500000    3.882588   -2.382588 (VIOLATED)
rebuffer8/X                             1.499758    3.806939   -2.307181 (VIOLATED)
rebuffer1/X                             1.499758    3.426152   -1.926394 (VIOLATED)
rebuffer2/X                             1.499758    3.323079   -1.823321 (VIOLATED)
dmem_sram/wmask0[3]                     1.500000    3.167228   -1.667228 (VIOLATED)
rebuffer6/X                             1.499758    2.911365   -1.411607 (VIOLATED)
dmem_sram/wmask0[2]                     1.500000    2.815995   -1.315995 (VIOLATED)
_06782_/Y                               1.497941    2.374820   -0.876879 (VIOLATED)
_06781_/Y                               1.497941    2.097987   -0.600046 (VIOLATED)
dmem_sram/din0[7]                       1.500000    2.029747   -0.529747 (VIOLATED)
dmem_sram/din0[5]                       1.500000    1.896698   -0.396698 (VIOLATED)
dmem_sram/din0[1]                       1.500000    1.812503   -0.312503 (VIOLATED)
dmem_sram/addr0[6]                      1.500000    1.734665   -0.234665 (VIOLATED)
wire929/A                               1.500000    1.729389   -0.229389 (VIOLATED)
ANTENNA_355/DIODE                       1.500000    1.729382   -0.229382 (VIOLATED)
imem_sram/addr1[6]                      1.500000    1.723906   -0.223906 (VIOLATED)
wire930/X                               1.500000    1.715717   -0.215717 (VIOLATED)
wire923/A                               1.500000    1.709359   -0.209359 (VIOLATED)
imem_sram/addr1[7]                      1.500000    1.697880   -0.197880 (VIOLATED)
wire924/X                               1.500000    1.694359   -0.194359 (VIOLATED)
ANTENNA_279/DIODE                       1.500000    1.662015   -0.162015 (VIOLATED)
ANTENNA_277/DIODE                       1.500000    1.662015   -0.162015 (VIOLATED)
ANTENNA_272/DIODE                       1.500000    1.662014   -0.162015 (VIOLATED)
ANTENNA_276/DIODE                       1.500000    1.662014   -0.162014 (VIOLATED)
ANTENNA_275/DIODE                       1.500000    1.662014   -0.162014 (VIOLATED)
ANTENNA_274/DIODE                       1.500000    1.662013   -0.162013 (VIOLATED)
wire962/A                               1.500000    1.662012   -0.162012 (VIOLATED)
ANTENNA_271/DIODE                       1.500000    1.662006   -0.162006 (VIOLATED)
ANTENNA_273/DIODE                       1.500000    1.662004   -0.162004 (VIOLATED)
ANTENNA_278/DIODE                       1.500000    1.661994   -0.161994 (VIOLATED)
wire917/A                               1.500000    1.655814   -0.155814 (VIOLATED)
ANTENNA_248/DIODE                       1.500000    1.655809   -0.155809 (VIOLATED)
wire963/X                               1.500000    1.650110   -0.150110 (VIOLATED)
wire918/X                               1.500000    1.642377   -0.142377 (VIOLATED)
imem_sram/addr1[3]                      1.500000    1.635406   -0.135406 (VIOLATED)
wire935/A                               1.500000    1.582177   -0.082177 (VIOLATED)
ANTENNA_250/DIODE                       1.500000    1.582172   -0.082172 (VIOLATED)
imem_sram/addr1[5]                      1.500000    1.572837   -0.072837 (VIOLATED)
wire936/X                               1.500000    1.570921   -0.070921 (VIOLATED)
ANTENNA_268/DIODE                       1.500000    1.567127   -0.067127 (VIOLATED)
ANTENNA_266/DIODE                       1.500000    1.567127   -0.067127 (VIOLATED)
ANTENNA_264/DIODE                       1.500000    1.567126   -0.067126 (VIOLATED)
wire956/A                               1.500000    1.567123   -0.067123 (VIOLATED)
ANTENNA_260/DIODE                       1.500000    1.567117   -0.067117 (VIOLATED)
ANTENNA_261/DIODE                       1.500000    1.567114   -0.067114 (VIOLATED)
ANTENNA_262/DIODE                       1.500000    1.567112   -0.067112 (VIOLATED)
ANTENNA_263/DIODE                       1.500000    1.567109   -0.067110 (VIOLATED)
ANTENNA_265/DIODE                       1.500000    1.567107   -0.067107 (VIOLATED)
ANTENNA_267/DIODE                       1.500000    1.567085   -0.067085 (VIOLATED)
ANTENNA_269/DIODE                       1.500000    1.567085   -0.067085 (VIOLATED)
ANTENNA_270/DIODE                       1.500000    1.567084   -0.067084 (VIOLATED)
dmem_sram/addr0[5]                      1.500000    1.561462   -0.061462 (VIOLATED)
dmem_sram/din0[8]                       1.500000    1.557135   -0.057135 (VIOLATED)
wire872/A                               1.500000    1.556957   -0.056958 (VIOLATED)
ANTENNA_236/DIODE                       1.500000    1.556952   -0.056952 (VIOLATED)
wire957/X                               1.500000    1.555877   -0.055877 (VIOLATED)
wire873/X                               1.500000    1.546491   -0.046491 (VIOLATED)
dmem_sram/din0[15]                      1.500000    1.524124   -0.024124 (VIOLATED)
wire959/A                               1.500000    1.515393   -0.015393 (VIOLATED)
ANTENNA_357/DIODE                       1.500000    1.515390   -0.015390 (VIOLATED)
ANTENNA_358/DIODE                       1.500000    1.515386   -0.015386 (VIOLATED)
dmem_sram/din0[10]                      1.500000    1.505446   -0.005446 (VIOLATED)
wire960/X                               1.500000    1.505251   -0.005251 (VIOLATED)
dmem_sram/din0[27]                      1.500000    1.500182   -0.000182 (VIOLATED)

max fanout

Pin                                   Limit Fanout  Slack
---------------------------------------------------------
max_cap261/X                             10     16     -6 (VIOLATED)
max_cap1148/X                            10     15     -5 (VIOLATED)
_06651_/X                                10     13     -3 (VIOLATED)
_06684_/X                                10     13     -3 (VIOLATED)
fanout415/X                              10     13     -3 (VIOLATED)
clkbuf_5_16__f_clk/X                     10     12     -2 (VIOLATED)
clkbuf_5_17__f_clk/X                     10     12     -2 (VIOLATED)
clkbuf_leaf_170_clk/X                    10     12     -2 (VIOLATED)
clkbuf_leaf_176_clk/X                    10     12     -2 (VIOLATED)
clkbuf_leaf_17_clk/X                     10     12     -2 (VIOLATED)
clkbuf_leaf_34_clk/X                     10     12     -2 (VIOLATED)
clkbuf_leaf_77_clk/X                     10     12     -2 (VIOLATED)
fanout1059/X                             10     12     -2 (VIOLATED)
fanout346/X                              10     12     -2 (VIOLATED)
wire957/X                                10     12     -2 (VIOLATED)
_06665_/X                                10     11        (VIOLATED)
clkbuf_5_6__f_clk/X                      10     11        (VIOLATED)
clkbuf_leaf_108_clk/X                    10     11        (VIOLATED)
clkbuf_leaf_118_clk/X                    10     11        (VIOLATED)
clkbuf_leaf_123_clk/X                    10     11        (VIOLATED)
clkbuf_leaf_179_clk/X                    10     11        (VIOLATED)
clkbuf_leaf_188_clk/X                    10     11        (VIOLATED)
clkbuf_leaf_216_clk/X                    10     11        (VIOLATED)
clkbuf_leaf_28_clk/X                     10     11        (VIOLATED)
clkbuf_leaf_30_clk/X                     10     11        (VIOLATED)
clkbuf_leaf_38_clk/X                     10     11        (VIOLATED)
clkbuf_leaf_97_clk/X                     10     11        (VIOLATED)
fanout1061/X                             10     11        (VIOLATED)
fanout1159/X                             10     11        (VIOLATED)
fanout204/X                              10     11        (VIOLATED)
fanout358/X                              10     11        (VIOLATED)
fanout361/X                              10     11        (VIOLATED)
fanout375/X                              10     11        (VIOLATED)
fanout387/X                              10     11        (VIOLATED)
fanout391/X                              10     11        (VIOLATED)
fanout393/X                              10     11        (VIOLATED)
fanout399/X                              10     11        (VIOLATED)
fanout403/X                              10     11        (VIOLATED)
fanout452/X                              10     11        (VIOLATED)
fanout454/X                              10     11        (VIOLATED)
fanout470/X                              10     11        (VIOLATED)
fanout474/X                              10     11        (VIOLATED)
fanout478/X                              10     11        (VIOLATED)
fanout493/X                              10     11        (VIOLATED)
fanout509/X                              10     11        (VIOLATED)
fanout529/X                              10     11        (VIOLATED)
fanout571/X                              10     11        (VIOLATED)
fanout695/X                              10     11        (VIOLATED)
fanout698/X                              10     11        (VIOLATED)
fanout747/X                              10     11        (VIOLATED)
fanout753/X                              10     11        (VIOLATED)

max capacitance

Pin                                        Limit         Cap       Slack
------------------------------------------------------------------------
rebuffer5/X                             0.102549    0.272602   -0.170053 (VIOLATED)
dmem_sram/dout0[7]                      0.027560    0.191031   -0.163471 (VIOLATED)
rebuffer8/X                             0.102549    0.263843   -0.161294 (VIOLATED)
rebuffer1/X                             0.102549    0.236559   -0.134010 (VIOLATED)
rebuffer2/X                             0.102549    0.228904   -0.126355 (VIOLATED)
_05211_/X                               0.200000    0.301644   -0.101644 (VIOLATED)
rebuffer6/X                             0.102549    0.200989   -0.098440 (VIOLATED)
_11308_/Q                               0.200000    0.295118   -0.095118 (VIOLATED)
_11309_/Q                               0.200000    0.290052   -0.090052 (VIOLATED)
_06782_/Y                               0.137339    0.226082   -0.088743 (VIOLATED)
_06805_/X                               0.200000    0.285273   -0.085273 (VIOLATED)
_05292_/X                               0.200000    0.280197   -0.080197 (VIOLATED)
_05237_/X                               0.200000    0.279266   -0.079266 (VIOLATED)
_06784_/X                               0.200000    0.277158   -0.077158 (VIOLATED)
_11305_/Q                               0.200000    0.275103   -0.075103 (VIOLATED)
_11307_/Q                               0.200000    0.269946   -0.069946 (VIOLATED)
_06803_/X                               0.200000    0.267945   -0.067945 (VIOLATED)
_06799_/X                               0.200000    0.264874   -0.064874 (VIOLATED)
_06651_/X                               0.200000    0.262770   -0.062770 (VIOLATED)
_06802_/X                               0.200000    0.262496   -0.062496 (VIOLATED)
_06790_/X                               0.200000    0.259819   -0.059819 (VIOLATED)
_06781_/Y                               0.137339    0.196996   -0.059657 (VIOLATED)
_06684_/X                               0.200000    0.259277   -0.059277 (VIOLATED)
_06786_/X                               0.200000    0.258996   -0.058996 (VIOLATED)
_06796_/X                               0.200000    0.257657   -0.057657 (VIOLATED)
_06665_/X                               0.200000    0.255226   -0.055226 (VIOLATED)
wire921/X                               0.200000    0.254536   -0.054536 (VIOLATED)
_06798_/X                               0.200000    0.254274   -0.054274 (VIOLATED)
_06771_/Y                               0.200000    0.250755   -0.050755 (VIOLATED)
_06788_/X                               0.200000    0.250538   -0.050538 (VIOLATED)
_06792_/X                               0.200000    0.243926   -0.043926 (VIOLATED)
max_cap1148/X                           0.200000    0.242125   -0.042125 (VIOLATED)
max_cap261/X                            0.200000    0.237129   -0.037129 (VIOLATED)
_06810_/X                               0.200000    0.237096   -0.037096 (VIOLATED)
_06794_/X                               0.200000    0.235628   -0.035628 (VIOLATED)
_06698_/X                               0.200000    0.233030   -0.033030 (VIOLATED)
wire948/X                               0.200000    0.229351   -0.029351 (VIOLATED)
wire930/X                               0.181284    0.207606   -0.026322 (VIOLATED)
wire924/X                               0.181284    0.204896   -0.023612 (VIOLATED)
_06813_/X                               0.200000    0.220207   -0.020207 (VIOLATED)
_06804_/X                               0.200000    0.218989   -0.018989 (VIOLATED)
_06809_/X                               0.200000    0.218800   -0.018800 (VIOLATED)
max_cap1147/X                           0.200000    0.218645   -0.018645 (VIOLATED)
_06800_/X                               0.200000    0.218376   -0.018376 (VIOLATED)
wire963/X                               0.181284    0.199461   -0.018177 (VIOLATED)
wire918/X                               0.181284    0.198577   -0.017293 (VIOLATED)
_06806_/X                               0.200000    0.211121   -0.011121 (VIOLATED)
_06801_/X                               0.200000    0.208973   -0.008973 (VIOLATED)
wire936/X                               0.181284    0.189902   -0.008618 (VIOLATED)
_06811_/X                               0.200000    0.207854   -0.007854 (VIOLATED)
wire957/X                               0.181284    0.188019   -0.006735 (VIOLATED)
max_cap262/X                            0.200000    0.205938   -0.005938 (VIOLATED)
wire873/X                               0.181284    0.186487   -0.005203 (VIOLATED)
_06807_/X                               0.200000    0.203936   -0.003936 (VIOLATED)
imem_sram/dout1[4]                      0.027560    0.031472   -0.003912 (VIOLATED)
_06814_/X                               0.200000    0.203148   -0.003148 (VIOLATED)
max_cap260/X                            0.200000    0.203024   -0.003024 (VIOLATED)
imem_sram/dout1[16]                     0.027560    0.029378   -0.001818 (VIOLATED)
max_cap263/X                            0.200000    0.200809   -0.000809 (VIOLATED)
wire960/X                               0.181284    0.181387   -0.000103 (VIOLATED)



===========================================================================
report_parasitic_annotation -report_unannotated
============================================================================
Found 269 unannotated drivers.
 clkload0/Y
 clkload1/Y
 clkload10/Y
 clkload100/Y
 clkload101/X
 clkload102/Y
 clkload103/Y
 clkload104/Y
 clkload105/Y
 clkload106/Y
 clkload107/Y
 clkload108/Y
 clkload109/Y
 clkload11/Y
 clkload110/Y
 clkload111/X
 clkload112/Y
 clkload113/Y
 clkload114/Y
 clkload115/Y
 clkload116/Y
 clkload117/Y
 clkload118/Y
 clkload119/Y
 clkload12/Y
 clkload120/Y
 clkload121/X
 clkload122/Y
 clkload123/Y
 clkload124/X
 clkload125/X
 clkload126/X
 clkload127/Y
 clkload128/Y
 clkload129/Y
 clkload13/Y
 clkload130/Y
 clkload131/Y
 clkload132/Y
 clkload133/X
 clkload134/Y
 clkload135/X
 clkload136/Y
 clkload137/Y
 clkload138/Y
 clkload139/Y
 clkload14/X
 clkload140/X
 clkload141/Y
 clkload142/Y
 clkload143/Y
 clkload144/X
 clkload145/Y
 clkload146/X
 clkload147/Y
 clkload148/Y
 clkload149/Y
 clkload15/X
 clkload150/Y
 clkload151/Y
 clkload152/Y
 clkload153/Y
 clkload154/X
 clkload155/Y
 clkload156/Y
 clkload157/Y
 clkload158/Y
 clkload159/X
 clkload16/X
 clkload160/Y
 clkload161/Y
 clkload162/X
 clkload163/X
 clkload164/Y
 clkload165/X
 clkload166/Y
 clkload167/Y
 clkload168/X
 clkload169/Y
 clkload17/X
 clkload170/Y
 clkload171/X
 clkload172/X
 clkload173/Y
 clkload174/Y
 clkload175/Y
 clkload176/Y
 clkload177/Y
 clkload178/Y
 clkload179/X
 clkload18/X
 clkload180/X
 clkload181/Y
 clkload182/Y
 clkload183/X
 clkload184/X
 clkload185/Y
 clkload186/Y
 clkload187/Y
 clkload188/Y
 clkload189/Y
 clkload19/Y
 clkload190/X
 clkload2/Y
 clkload20/Y
 clkload21/Y
 clkload22/Y
 clkload23/Y
 clkload24/X
 clkload25/X
 clkload26/X
 clkload27/X
 clkload28/X
 clkload29/X
 clkload3/Y
 clkload30/X
 clkload31/Y
 clkload32/Y
 clkload33/X
 clkload34/Y
 clkload35/Y
 clkload36/Y
 clkload37/Y
 clkload38/Y
 clkload39/Y
 clkload4/Y
 clkload40/Y
 clkload41/Y
 clkload42/Y
 clkload43/Y
 clkload44/Y
 clkload45/Y
 clkload46/Y
 clkload47/Y
 clkload48/Y
 clkload49/Y
 clkload5/Y
 clkload50/Y
 clkload51/X
 clkload52/X
 clkload53/X
 clkload54/Y
 clkload55/Y
 clkload56/Y
 clkload57/X
 clkload58/X
 clkload59/X
 clkload6/Y
 clkload60/X
 clkload61/Y
 clkload62/Y
 clkload63/X
 clkload64/Y
 clkload65/X
 clkload66/Y
 clkload67/Y
 clkload68/Y
 clkload69/X
 clkload7/X
 clkload70/X
 clkload71/X
 clkload72/X
 clkload73/X
 clkload74/X
 clkload75/X
 clkload76/X
 clkload77/X
 clkload78/X
 clkload79/Y
 clkload8/Y
 clkload80/Y
 clkload81/X
 clkload82/Y
 clkload83/X
 clkload84/Y
 clkload85/X
 clkload86/Y
 clkload87/Y
 clkload88/Y
 clkload89/X
 clkload9/Y
 clkload90/X
 clkload91/Y
 clkload92/X
 clkload93/Y
 clkload94/X
 clkload95/X
 clkload96/Y
 clkload97/Y
 clkload98/Y
 clkload99/Y
 dmem_sram/dout1[0]
 dmem_sram/dout1[10]
 dmem_sram/dout1[11]
 dmem_sram/dout1[12]
 dmem_sram/dout1[13]
 dmem_sram/dout1[14]
 dmem_sram/dout1[15]
 dmem_sram/dout1[16]
 dmem_sram/dout1[17]
 dmem_sram/dout1[18]
 dmem_sram/dout1[19]
 dmem_sram/dout1[1]
 dmem_sram/dout1[20]
 dmem_sram/dout1[21]
 dmem_sram/dout1[22]
 dmem_sram/dout1[23]
 dmem_sram/dout1[24]
 dmem_sram/dout1[25]
 dmem_sram/dout1[26]
 dmem_sram/dout1[27]
 dmem_sram/dout1[28]
 dmem_sram/dout1[29]
 dmem_sram/dout1[2]
 dmem_sram/dout1[30]
 dmem_sram/dout1[31]
 dmem_sram/dout1[3]
 dmem_sram/dout1[4]
 dmem_sram/dout1[5]
 dmem_sram/dout1[6]
 dmem_sram/dout1[7]
 dmem_sram/dout1[8]
 dmem_sram/dout1[9]
 dmem_sram_1237/HI
 dmem_sram_1238/HI
 dmem_sram_1239/HI
 dmem_sram_1240/HI
 dmem_sram_1241/HI
 dmem_sram_1242/HI
 dmem_sram_1243/HI
 dmem_sram_1244/HI
 dmem_sram_1246/LO
 imem_sram/dout0[0]
 imem_sram/dout0[10]
 imem_sram/dout0[11]
 imem_sram/dout0[12]
 imem_sram/dout0[13]
 imem_sram/dout0[14]
 imem_sram/dout0[15]
 imem_sram/dout0[16]
 imem_sram/dout0[17]
 imem_sram/dout0[18]
 imem_sram/dout0[19]
 imem_sram/dout0[1]
 imem_sram/dout0[20]
 imem_sram/dout0[21]
 imem_sram/dout0[22]
 imem_sram/dout0[23]
 imem_sram/dout0[24]
 imem_sram/dout0[25]
 imem_sram/dout0[26]
 imem_sram/dout0[27]
 imem_sram/dout0[28]
 imem_sram/dout0[29]
 imem_sram/dout0[2]
 imem_sram/dout0[30]
 imem_sram/dout0[31]
 imem_sram/dout0[3]
 imem_sram/dout0[4]
 imem_sram/dout0[5]
 imem_sram/dout0[6]
 imem_sram/dout0[7]
 imem_sram/dout0[8]
 imem_sram/dout0[9]
 imem_sram_1245/HI
 imem_sram_1247/LO
 imem_sram_1248/LO
 imem_sram_1249/LO
 imem_sram_1250/LO
Found 0 partially unannotated drivers.

===========================================================================
max slew violation count 69
max fanout violation count 51
max cap violation count 60
============================================================================

===========================================================================
check_setup -verbose -unconstrained_endpoints -multiple_clock -no_clock -no_input_delay -loops -generated_clocks
===========================================================================
Warning: There are 14 unconstrained endpoints.
  dmem_sram/addr1[0]
  dmem_sram/addr1[1]
  dmem_sram/addr1[2]
  dmem_sram/addr1[3]
  dmem_sram/addr1[4]
  dmem_sram/addr1[5]
  dmem_sram/addr1[6]
  dmem_sram/addr1[7]
  dmem_sram/csb1
  imem_sram/csb1
  imem_sram/wmask0[0]
  imem_sram/wmask0[1]
  imem_sram/wmask0[2]
  imem_sram/wmask0[3]
