Clock: clk
Sources: clk 
Generated: no
Virtual: yes
Propagated: no
Period: 20.000000

===========================================================================
report_clock_properties
============================================================================
Clock                   Period          Waveform
----------------------------------------------------
clk                  20.000000    0.000000 10.000000

===========================================================================
report_clock_latency
============================================================================
Clock clk
rise -> rise
    min     max
0.000000 0.000000 source latency
2.205665         network latency dmem_sram/clk1
        2.653515 network latency _10252_/CLK
---------------
2.205665 2.653515 latency
        0.447850 skew

fall -> fall
    min     max
0.000000 0.000000 source latency
1.878907         network latency dmem_sram/clk1
        2.280885 network latency _10252_/CLK
---------------
1.878907 2.280885 latency
        0.401978 skew



===========================================================================
report_clock_min_period
============================================================================
clk period_min = 18.90 fmax = 52.92
