
===========================================================================
Violator List
============================================================================
[setup reg-out] _10634_/Q -> dbg_dmem_we : -2.144553
[setup reg-out] dmem_sram/dout0[7] -> dbg_dmem_rdata[25] : -1.598480
[setup reg-out] dmem_sram/dout0[7] -> dbg_dmem_rdata[23] : -1.592842
[setup reg-out] dmem_sram/dout0[7] -> dbg_dmem_rdata[21] : -1.591172
[setup reg-out] dmem_sram/dout0[7] -> dbg_dmem_rdata[28] : -1.587360
[setup reg-out] dmem_sram/dout0[7] -> dbg_dmem_rdata[24] : -1.581487
[setup reg-out] dmem_sram/dout0[7] -> dbg_dmem_rdata[29] : -1.572019
[setup reg-out] dmem_sram/dout0[7] -> dbg_dmem_rdata[27] : -1.546482
[setup reg-out] dmem_sram/dout0[24] -> dbg_dmem_rdata[0] : -1.533818
[setup reg-out] dmem_sram/dout0[7] -> dbg_dmem_rdata[22] : -1.514348
[setup reg-out] dmem_sram/dout0[7] -> dbg_dmem_rdata[26] : -1.512369
[setup reg-out] dmem_sram/dout0[7] -> dbg_dmem_rdata[16] : -1.493014
[setup reg-out] dmem_sram/dout0[7] -> dbg_dmem_rdata[19] : -1.474591
[setup reg-out] dmem_sram/dout0[10] -> dbg_dmem_rdata[2] : -1.472648
[setup reg-out] dmem_sram/dout0[7] -> dbg_dmem_rdata[18] : -1.461313
[setup reg-out] dmem_sram/dout0[12] -> dbg_dmem_rdata[4] : -1.440888
[setup reg-out] dmem_sram/dout0[14] -> dbg_dmem_rdata[6] : -1.431419
[setup reg-out] dmem_sram/dout0[7] -> dbg_dmem_rdata[17] : -1.430202
[setup reg-out] dmem_sram/dout0[7] -> dbg_dmem_rdata[20] : -1.412955
[setup reg-out] dmem_sram/dout0[9] -> dbg_dmem_rdata[1] : -1.412154
[setup reg-out] dmem_sram/dout0[11] -> dbg_dmem_rdata[3] : -1.396515
[setup reg-out] dmem_sram/dout0[7] -> dbg_dmem_rdata[31] : -1.395264
[setup reg-out] dmem_sram/dout0[7] -> dbg_dmem_rdata[30] : -1.386518
[setup reg-out] dmem_sram/dout0[13] -> dbg_dmem_rdata[5] : -1.329031
[setup reg-out] dmem_sram/dout0[24] -> dbg_dmem_rdata[8] : -0.965207
[setup reg-out] dmem_sram/dout0[10] -> dbg_dmem_rdata[10] : -0.916771
[setup reg-out] dmem_sram/dout0[7] -> dbg_dmem_rdata[14] : -0.913131
[setup reg-out] dmem_sram/dout0[7] -> dbg_dmem_rdata[15] : -0.887676
[setup reg-out] dmem_sram/dout0[7] -> dbg_dmem_rdata[13] : -0.883265
[setup reg-out] dmem_sram/dout0[7] -> dbg_dmem_rdata[11] : -0.853628
[setup reg-out] dmem_sram/dout0[7] -> dbg_dmem_rdata[9] : -0.832205
[setup reg-out] dmem_sram/dout0[7] -> dbg_dmem_rdata[12] : -0.811356
[setup reg-out] _10634_/Q -> dbg_dmem_addr[31] : -0.758625
[setup reg-out] dmem_sram/dout0[7] -> dbg_dmem_rdata[7] : -0.661130
[setup reg-out] _10634_/Q -> dbg_dmem_addr[0] : -0.639773
[setup reg-out] _10634_/Q -> dbg_dmem_addr[30] : -0.360561
[setup reg-out] _10634_/Q -> dbg_dmem_addr[22] : -0.203094
[setup reg-out] _10634_/Q -> dbg_dmem_addr[25] : -0.112076
[setup reg-out] _10634_/Q -> dbg_dmem_addr[29] : -0.106569
[setup reg-out] _10634_/Q -> dbg_dmem_addr[28] : -0.094571
