Clock: clk
Sources: clk 
Generated: no
Virtual: yes
Propagated: no
Period: 20.000000

===========================================================================
report_clock_properties
============================================================================
Clock                   Period          Waveform
----------------------------------------------------
clk                  20.000000    0.000000 10.000000

===========================================================================
report_clock_latency
============================================================================
Clock clk
rise -> rise
    min     max
0.000000 0.000000 source latency
0.794535         network latency _11155_/CLK
        1.101456 network latency _12230_/CLK
---------------
0.794535 1.101456 latency
        0.306920 skew

fall -> fall
    min     max
0.000000 0.000000 source latency
0.744372         network latency _11155_/CLK
        1.012820 network latency _12230_/CLK
---------------
0.744372 1.012820 latency
        0.268448 skew



===========================================================================
report_clock_min_period
============================================================================
clk period_min = 9.95 fmax = 100.48
