
===========================================================================
 report_power
============================================================================
======================= max_tt_025C_1v80 Corner ===================================

Group                    Internal    Switching      Leakage        Total
                            Power        Power        Power        Power (Watts)
------------------------------------------------------------------------
Sequential           3.037511e-03 0.000000e+00 1.471280e-08 3.037526e-03  30.4%
Combinational        1.835815e-06 5.536193e-06 3.449126e-08 7.406500e-06   0.1%
Clock                1.526406e-03 1.554711e-03 3.724048e-08 3.081154e-03  30.8%
Macro                3.835787e-03 0.000000e+00 3.806400e-05 3.873851e-03  38.7%
Pad                  0.000000e+00 0.000000e+00 0.000000e+00 0.000000e+00   0.0%
------------------------------------------------------------------------
Total                8.401538e-03 1.560247e-03 3.815047e-05 9.999936e-03 100.0%
                            84.0%        15.6%         0.4%

